###############################################################################
#
# IAR ELF Linker V8.40.2.214/W32 for ARM                  14/Feb/2021  00:08:09
# Copyright 2007-2019 IAR Systems AB.
#
#    Output file  =
#        D:\Onedrive\OneDrive\Car\AI-SmartCar\RTProject\AiVisionCar\Example\example\iar\flexspi_nor_release\Exe\IMXRT1064.out
#    Map file     =
#        D:\Onedrive\OneDrive\Car\AI-SmartCar\RTProject\AiVisionCar\Example\example\iar\flexspi_nor_release\List\IMXRT1064.map
#    Command line =
#        -f E:\Users\936305~1\AppData\Local\Temp\EWF6C4.tmp
#        (D:\Onedrive\OneDrive\Car\AI-SmartCar\RTProject\AiVisionCar\Example\example\iar\flexspi_nor_release\Obj\adc.o
#        D:\Onedrive\OneDrive\Car\AI-SmartCar\RTProject\AiVisionCar\Example\example\iar\flexspi_nor_release\Obj\app.o
#        D:\Onedrive\OneDrive\Car\AI-SmartCar\RTProject\AiVisionCar\Example\example\iar\flexspi_nor_release\Obj\beep.o
#        D:\Onedrive\OneDrive\Car\AI-SmartCar\RTProject\AiVisionCar\Example\example\iar\flexspi_nor_release\Obj\bluetooth.o
#        D:\Onedrive\OneDrive\Car\AI-SmartCar\RTProject\AiVisionCar\Example\example\iar\flexspi_nor_release\Obj\board.o
#        D:\Onedrive\OneDrive\Car\AI-SmartCar\RTProject\AiVisionCar\Example\example\iar\flexspi_nor_release\Obj\camera.o
#        D:\Onedrive\OneDrive\Car\AI-SmartCar\RTProject\AiVisionCar\Example\example\iar\flexspi_nor_release\Obj\capture.o
#        D:\Onedrive\OneDrive\Car\AI-SmartCar\RTProject\AiVisionCar\Example\example\iar\flexspi_nor_release\Obj\clock_config.o
#        D:\Onedrive\OneDrive\Car\AI-SmartCar\RTProject\AiVisionCar\Example\example\iar\flexspi_nor_release\Obj\communicate.o
#        D:\Onedrive\OneDrive\Car\AI-SmartCar\RTProject\AiVisionCar\Example\example\iar\flexspi_nor_release\Obj\console.o
#        D:\Onedrive\OneDrive\Car\AI-SmartCar\RTProject\AiVisionCar\Example\example\iar\flexspi_nor_release\Obj\control.o
#        D:\Onedrive\OneDrive\Car\AI-SmartCar\RTProject\AiVisionCar\Example\example\iar\flexspi_nor_release\Obj\ctrlsys.o
#        D:\Onedrive\OneDrive\Car\AI-SmartCar\RTProject\AiVisionCar\Example\example\iar\flexspi_nor_release\Obj\dataprocess.o
#        D:\Onedrive\OneDrive\Car\AI-SmartCar\RTProject\AiVisionCar\Example\example\iar\flexspi_nor_release\Obj\devices_config.o
#        D:\Onedrive\OneDrive\Car\AI-SmartCar\RTProject\AiVisionCar\Example\example\iar\flexspi_nor_release\Obj\dipswitch.o
#        D:\Onedrive\OneDrive\Car\AI-SmartCar\RTProject\AiVisionCar\Example\example\iar\flexspi_nor_release\Obj\diskio.o
#        D:\Onedrive\OneDrive\Car\AI-SmartCar\RTProject\AiVisionCar\Example\example\iar\flexspi_nor_release\Obj\dma.o
#        D:\Onedrive\OneDrive\Car\AI-SmartCar\RTProject\AiVisionCar\Example\example\iar\flexspi_nor_release\Obj\element.nncu.o
#        D:\Onedrive\OneDrive\Car\AI-SmartCar\RTProject\AiVisionCar\Example\example\iar\flexspi_nor_release\Obj\element.o
#        D:\Onedrive\OneDrive\Car\AI-SmartCar\RTProject\AiVisionCar\Example\example\iar\flexspi_nor_release\Obj\enc.o
#        D:\Onedrive\OneDrive\Car\AI-SmartCar\RTProject\AiVisionCar\Example\example\iar\flexspi_nor_release\Obj\esensor.o
#        D:\Onedrive\OneDrive\Car\AI-SmartCar\RTProject\AiVisionCar\Example\example\iar\flexspi_nor_release\Obj\evkmimxrt1064_flexspi_nor_config.o
#        D:\Onedrive\OneDrive\Car\AI-SmartCar\RTProject\AiVisionCar\Example\example\iar\flexspi_nor_release\Obj\evkmimxrt1064_sdram_ini_dcd.o
#        D:\Onedrive\OneDrive\Car\AI-SmartCar\RTProject\AiVisionCar\Example\example\iar\flexspi_nor_release\Obj\ff.o
#        D:\Onedrive\OneDrive\Car\AI-SmartCar\RTProject\AiVisionCar\Example\example\iar\flexspi_nor_release\Obj\ffsystem.o
#        D:\Onedrive\OneDrive\Car\AI-SmartCar\RTProject\AiVisionCar\Example\example\iar\flexspi_nor_release\Obj\ffunicode.o
#        D:\Onedrive\OneDrive\Car\AI-SmartCar\RTProject\AiVisionCar\Example\example\iar\flexspi_nor_release\Obj\file.o
#        D:\Onedrive\OneDrive\Car\AI-SmartCar\RTProject\AiVisionCar\Example\example\iar\flexspi_nor_release\Obj\filter.o
#        D:\Onedrive\OneDrive\Car\AI-SmartCar\RTProject\AiVisionCar\Example\example\iar\flexspi_nor_release\Obj\foo.o
#        D:\Onedrive\OneDrive\Car\AI-SmartCar\RTProject\AiVisionCar\Example\example\iar\flexspi_nor_release\Obj\fsl_adc.o
#        D:\Onedrive\OneDrive\Car\AI-SmartCar\RTProject\AiVisionCar\Example\example\iar\flexspi_nor_release\Obj\fsl_assert.o
#        D:\Onedrive\OneDrive\Car\AI-SmartCar\RTProject\AiVisionCar\Example\example\iar\flexspi_nor_release\Obj\fsl_cache.o
#        D:\Onedrive\OneDrive\Car\AI-SmartCar\RTProject\AiVisionCar\Example\example\iar\flexspi_nor_release\Obj\fsl_clock.o
#        D:\Onedrive\OneDrive\Car\AI-SmartCar\RTProject\AiVisionCar\Example\example\iar\flexspi_nor_release\Obj\fsl_common.o
#        D:\Onedrive\OneDrive\Car\AI-SmartCar\RTProject\AiVisionCar\Example\example\iar\flexspi_nor_release\Obj\fsl_csi.o
#        D:\Onedrive\OneDrive\Car\AI-SmartCar\RTProject\AiVisionCar\Example\example\iar\flexspi_nor_release\Obj\fsl_csi_camera_adapter.o
#        D:\Onedrive\OneDrive\Car\AI-SmartCar\RTProject\AiVisionCar\Example\example\iar\flexspi_nor_release\Obj\fsl_debug_console.o
#        D:\Onedrive\OneDrive\Car\AI-SmartCar\RTProject\AiVisionCar\Example\example\iar\flexspi_nor_release\Obj\fsl_dmamux.o
#        D:\Onedrive\OneDrive\Car\AI-SmartCar\RTProject\AiVisionCar\Example\example\iar\flexspi_nor_release\Obj\fsl_edma.o
#        D:\Onedrive\OneDrive\Car\AI-SmartCar\RTProject\AiVisionCar\Example\example\iar\flexspi_nor_release\Obj\fsl_enc.o
#        D:\Onedrive\OneDrive\Car\AI-SmartCar\RTProject\AiVisionCar\Example\example\iar\flexspi_nor_release\Obj\fsl_flexcan.o
#        D:\Onedrive\OneDrive\Car\AI-SmartCar\RTProject\AiVisionCar\Example\example\iar\flexspi_nor_release\Obj\fsl_flexio.o
#        D:\Onedrive\OneDrive\Car\AI-SmartCar\RTProject\AiVisionCar\Example\example\iar\flexspi_nor_release\Obj\fsl_flexio_camera.o
#        D:\Onedrive\OneDrive\Car\AI-SmartCar\RTProject\AiVisionCar\Example\example\iar\flexspi_nor_release\Obj\fsl_flexio_camera_edma.o
#        D:\Onedrive\OneDrive\Car\AI-SmartCar\RTProject\AiVisionCar\Example\example\iar\flexspi_nor_release\Obj\fsl_flexspi.o
#        D:\Onedrive\OneDrive\Car\AI-SmartCar\RTProject\AiVisionCar\Example\example\iar\flexspi_nor_release\Obj\fsl_flexspi_nor_boot.o
#        D:\Onedrive\OneDrive\Car\AI-SmartCar\RTProject\AiVisionCar\Example\example\iar\flexspi_nor_release\Obj\fsl_gpio.o
#        D:\Onedrive\OneDrive\Car\AI-SmartCar\RTProject\AiVisionCar\Example\example\iar\flexspi_nor_release\Obj\fsl_gpt.o
#        D:\Onedrive\OneDrive\Car\AI-SmartCar\RTProject\AiVisionCar\Example\example\iar\flexspi_nor_release\Obj\fsl_io.o
#        D:\Onedrive\OneDrive\Car\AI-SmartCar\RTProject\AiVisionCar\Example\example\iar\flexspi_nor_release\Obj\fsl_log.o
#        D:\Onedrive\OneDrive\Car\AI-SmartCar\RTProject\AiVisionCar\Example\example\iar\flexspi_nor_release\Obj\fsl_lpi2c.o
#        D:\Onedrive\OneDrive\Car\AI-SmartCar\RTProject\AiVisionCar\Example\example\iar\flexspi_nor_release\Obj\fsl_lpspi.o
#        D:\Onedrive\OneDrive\Car\AI-SmartCar\RTProject\AiVisionCar\Example\example\iar\flexspi_nor_release\Obj\fsl_lpuart.o
#        D:\Onedrive\OneDrive\Car\AI-SmartCar\RTProject\AiVisionCar\Example\example\iar\flexspi_nor_release\Obj\fsl_lpuart_edma.o
#        D:\Onedrive\OneDrive\Car\AI-SmartCar\RTProject\AiVisionCar\Example\example\iar\flexspi_nor_release\Obj\fsl_pit.o
#        D:\Onedrive\OneDrive\Car\AI-SmartCar\RTProject\AiVisionCar\Example\example\iar\flexspi_nor_release\Obj\fsl_pwm.o
#        D:\Onedrive\OneDrive\Car\AI-SmartCar\RTProject\AiVisionCar\Example\example\iar\flexspi_nor_release\Obj\fsl_qtmr.o
#        D:\Onedrive\OneDrive\Car\AI-SmartCar\RTProject\AiVisionCar\Example\example\iar\flexspi_nor_release\Obj\fsl_rtwdog.o
#        D:\Onedrive\OneDrive\Car\AI-SmartCar\RTProject\AiVisionCar\Example\example\iar\flexspi_nor_release\Obj\fsl_sccb.o
#        D:\Onedrive\OneDrive\Car\AI-SmartCar\RTProject\AiVisionCar\Example\example\iar\flexspi_nor_release\Obj\fsl_sd.o
#        D:\Onedrive\OneDrive\Car\AI-SmartCar\RTProject\AiVisionCar\Example\example\iar\flexspi_nor_release\Obj\fsl_sd_disk.o
#        D:\Onedrive\OneDrive\Car\AI-SmartCar\RTProject\AiVisionCar\Example\example\iar\flexspi_nor_release\Obj\fsl_sdmmc_common.o
#        D:\Onedrive\OneDrive\Car\AI-SmartCar\RTProject\AiVisionCar\Example\example\iar\flexspi_nor_release\Obj\fsl_sdmmc_event.o
#        D:\Onedrive\OneDrive\Car\AI-SmartCar\RTProject\AiVisionCar\Example\example\iar\flexspi_nor_release\Obj\fsl_sdmmc_host.o
#        D:\Onedrive\OneDrive\Car\AI-SmartCar\RTProject\AiVisionCar\Example\example\iar\flexspi_nor_release\Obj\fsl_str.o
#        D:\Onedrive\OneDrive\Car\AI-SmartCar\RTProject\AiVisionCar\Example\example\iar\flexspi_nor_release\Obj\fsl_tempmon.o
#        D:\Onedrive\OneDrive\Car\AI-SmartCar\RTProject\AiVisionCar\Example\example\iar\flexspi_nor_release\Obj\fsl_trng.o
#        D:\Onedrive\OneDrive\Car\AI-SmartCar\RTProject\AiVisionCar\Example\example\iar\flexspi_nor_release\Obj\fsl_usdhc.o
#        D:\Onedrive\OneDrive\Car\AI-SmartCar\RTProject\AiVisionCar\Example\example\iar\flexspi_nor_release\Obj\fsl_wdog.o
#        D:\Onedrive\OneDrive\Car\AI-SmartCar\RTProject\AiVisionCar\Example\example\iar\flexspi_nor_release\Obj\fsl_xbara.o
#        D:\Onedrive\OneDrive\Car\AI-SmartCar\RTProject\AiVisionCar\Example\example\iar\flexspi_nor_release\Obj\gpio.o
#        D:\Onedrive\OneDrive\Car\AI-SmartCar\RTProject\AiVisionCar\Example\example\iar\flexspi_nor_release\Obj\henv.o
#        D:\Onedrive\OneDrive\Car\AI-SmartCar\RTProject\AiVisionCar\Example\example\iar\flexspi_nor_release\Obj\iic.o
#        D:\Onedrive\OneDrive\Car\AI-SmartCar\RTProject\AiVisionCar\Example\example\iar\flexspi_nor_release\Obj\init.o
#        D:\Onedrive\OneDrive\Car\AI-SmartCar\RTProject\AiVisionCar\Example\example\iar\flexspi_nor_release\Obj\irq.o
#        D:\Onedrive\OneDrive\Car\AI-SmartCar\RTProject\AiVisionCar\Example\example\iar\flexspi_nor_release\Obj\kalman_filter.o
#        D:\Onedrive\OneDrive\Car\AI-SmartCar\RTProject\AiVisionCar\Example\example\iar\flexspi_nor_release\Obj\key.o
#        D:\Onedrive\OneDrive\Car\AI-SmartCar\RTProject\AiVisionCar\Example\example\iar\flexspi_nor_release\Obj\lcd_driver.o
#        D:\Onedrive\OneDrive\Car\AI-SmartCar\RTProject\AiVisionCar\Example\example\iar\flexspi_nor_release\Obj\led.o
#        D:\Onedrive\OneDrive\Car\AI-SmartCar\RTProject\AiVisionCar\Example\example\iar\flexspi_nor_release\Obj\LQ_ADC.o
#        D:\Onedrive\OneDrive\Car\AI-SmartCar\RTProject\AiVisionCar\Example\example\iar\flexspi_nor_release\Obj\LQ_CSI.o
#        D:\Onedrive\OneDrive\Car\AI-SmartCar\RTProject\AiVisionCar\Example\example\iar\flexspi_nor_release\Obj\LQ_DMA.o
#        D:\Onedrive\OneDrive\Car\AI-SmartCar\RTProject\AiVisionCar\Example\example\iar\flexspi_nor_release\Obj\LQ_Encoder.o
#        D:\Onedrive\OneDrive\Car\AI-SmartCar\RTProject\AiVisionCar\Example\example\iar\flexspi_nor_release\Obj\LQ_GPIO.o
#        D:\Onedrive\OneDrive\Car\AI-SmartCar\RTProject\AiVisionCar\Example\example\iar\flexspi_nor_release\Obj\LQ_GPT.o
#        D:\Onedrive\OneDrive\Car\AI-SmartCar\RTProject\AiVisionCar\Example\example\iar\flexspi_nor_release\Obj\LQ_IIC.o
#        D:\Onedrive\OneDrive\Car\AI-SmartCar\RTProject\AiVisionCar\Example\example\iar\flexspi_nor_release\Obj\LQ_MT9V034M.o
#        D:\Onedrive\OneDrive\Car\AI-SmartCar\RTProject\AiVisionCar\Example\example\iar\flexspi_nor_release\Obj\LQ_PIT.o
#        D:\Onedrive\OneDrive\Car\AI-SmartCar\RTProject\AiVisionCar\Example\example\iar\flexspi_nor_release\Obj\LQ_PWM.o
#        D:\Onedrive\OneDrive\Car\AI-SmartCar\RTProject\AiVisionCar\Example\example\iar\flexspi_nor_release\Obj\LQ_QTMR.o
#        D:\Onedrive\OneDrive\Car\AI-SmartCar\RTProject\AiVisionCar\Example\example\iar\flexspi_nor_release\Obj\LQ_SOFTIIC.o
#        D:\Onedrive\OneDrive\Car\AI-SmartCar\RTProject\AiVisionCar\Example\example\iar\flexspi_nor_release\Obj\LQ_SPI.o
#        D:\Onedrive\OneDrive\Car\AI-SmartCar\RTProject\AiVisionCar\Example\example\iar\flexspi_nor_release\Obj\LQ_SYSTICK.o
#        D:\Onedrive\OneDrive\Car\AI-SmartCar\RTProject\AiVisionCar\Example\example\iar\flexspi_nor_release\Obj\LQ_UART.o
#        D:\Onedrive\OneDrive\Car\AI-SmartCar\RTProject\AiVisionCar\Example\example\iar\flexspi_nor_release\Obj\LQ_UART_DMA.o
#        D:\Onedrive\OneDrive\Car\AI-SmartCar\RTProject\AiVisionCar\Example\example\iar\flexspi_nor_release\Obj\main.o
#        D:\Onedrive\OneDrive\Car\AI-SmartCar\RTProject\AiVisionCar\Example\example\iar\flexspi_nor_release\Obj\malloc.o
#        D:\Onedrive\OneDrive\Car\AI-SmartCar\RTProject\AiVisionCar\Example\example\iar\flexspi_nor_release\Obj\matrix.o
#        D:\Onedrive\OneDrive\Car\AI-SmartCar\RTProject\AiVisionCar\Example\example\iar\flexspi_nor_release\Obj\motor.o
#        D:\Onedrive\OneDrive\Car\AI-SmartCar\RTProject\AiVisionCar\Example\example\iar\flexspi_nor_release\Obj\neuralnetwork.o
#        D:\Onedrive\OneDrive\Car\AI-SmartCar\RTProject\AiVisionCar\Example\example\iar\flexspi_nor_release\Obj\NNLayer.o
#        D:\Onedrive\OneDrive\Car\AI-SmartCar\RTProject\AiVisionCar\Example\example\iar\flexspi_nor_release\Obj\os.o
#        D:\Onedrive\OneDrive\Car\AI-SmartCar\RTProject\AiVisionCar\Example\example\iar\flexspi_nor_release\Obj\ostime.o
#        D:\Onedrive\OneDrive\Car\AI-SmartCar\RTProject\AiVisionCar\Example\example\iar\flexspi_nor_release\Obj\parameter.o
#        D:\Onedrive\OneDrive\Car\AI-SmartCar\RTProject\AiVisionCar\Example\example\iar\flexspi_nor_release\Obj\pid_ctrl.o
#        D:\Onedrive\OneDrive\Car\AI-SmartCar\RTProject\AiVisionCar\Example\example\iar\flexspi_nor_release\Obj\pin_mux.o
#        D:\Onedrive\OneDrive\Car\AI-SmartCar\RTProject\AiVisionCar\Example\example\iar\flexspi_nor_release\Obj\print.o
#        D:\Onedrive\OneDrive\Car\AI-SmartCar\RTProject\AiVisionCar\Example\example\iar\flexspi_nor_release\Obj\pwm.o
#        D:\Onedrive\OneDrive\Car\AI-SmartCar\RTProject\AiVisionCar\Example\example\iar\flexspi_nor_release\Obj\resource_config.o
#        D:\Onedrive\OneDrive\Car\AI-SmartCar\RTProject\AiVisionCar\Example\example\iar\flexspi_nor_release\Obj\screen.o
#        D:\Onedrive\OneDrive\Car\AI-SmartCar\RTProject\AiVisionCar\Example\example\iar\flexspi_nor_release\Obj\sd.o
#        D:\Onedrive\OneDrive\Car\AI-SmartCar\RTProject\AiVisionCar\Example\example\iar\flexspi_nor_release\Obj\sdcard.o
#        D:\Onedrive\OneDrive\Car\AI-SmartCar\RTProject\AiVisionCar\Example\example\iar\flexspi_nor_release\Obj\servo.o
#        D:\Onedrive\OneDrive\Car\AI-SmartCar\RTProject\AiVisionCar\Example\example\iar\flexspi_nor_release\Obj\softtimer.o
#        D:\Onedrive\OneDrive\Car\AI-SmartCar\RTProject\AiVisionCar\Example\example\iar\flexspi_nor_release\Obj\sort.o
#        D:\Onedrive\OneDrive\Car\AI-SmartCar\RTProject\AiVisionCar\Example\example\iar\flexspi_nor_release\Obj\spi.o
#        D:\Onedrive\OneDrive\Car\AI-SmartCar\RTProject\AiVisionCar\Example\example\iar\flexspi_nor_release\Obj\startup_MIMXRT1064.o
#        D:\Onedrive\OneDrive\Car\AI-SmartCar\RTProject\AiVisionCar\Example\example\iar\flexspi_nor_release\Obj\switch.o
#        D:\Onedrive\OneDrive\Car\AI-SmartCar\RTProject\AiVisionCar\Example\example\iar\flexspi_nor_release\Obj\sysmath.o
#        D:\Onedrive\OneDrive\Car\AI-SmartCar\RTProject\AiVisionCar\Example\example\iar\flexspi_nor_release\Obj\system_MIMXRT1064.o
#        D:\Onedrive\OneDrive\Car\AI-SmartCar\RTProject\AiVisionCar\Example\example\iar\flexspi_nor_release\Obj\systime.o
#        D:\Onedrive\OneDrive\Car\AI-SmartCar\RTProject\AiVisionCar\Example\example\iar\flexspi_nor_release\Obj\task.o
#        D:\Onedrive\OneDrive\Car\AI-SmartCar\RTProject\AiVisionCar\Example\example\iar\flexspi_nor_release\Obj\tim.o
#        D:\Onedrive\OneDrive\Car\AI-SmartCar\RTProject\AiVisionCar\Example\example\iar\flexspi_nor_release\Obj\tracking.nncu.o
#        D:\Onedrive\OneDrive\Car\AI-SmartCar\RTProject\AiVisionCar\Example\example\iar\flexspi_nor_release\Obj\uart.o
#        D:\Onedrive\OneDrive\Car\AI-SmartCar\RTProject\AiVisionCar\Example\example\iar\flexspi_nor_release\Obj\ui.o
#        D:\Onedrive\OneDrive\Car\AI-SmartCar\RTProject\AiVisionCar\Example\example\iar\flexspi_nor_release\Obj\wirelessserial.o
#        --no_out_extension -o
#        D:\Onedrive\OneDrive\Car\AI-SmartCar\RTProject\AiVisionCar\Example\example\iar\flexspi_nor_release\Exe\IMXRT1064.out
#        --map
#        D:\Onedrive\OneDrive\Car\AI-SmartCar\RTProject\AiVisionCar\Example\example\iar\flexspi_nor_release\List\IMXRT1064.map
#        --config
#        D:\Onedrive\OneDrive\Car\AI-SmartCar\RTProject\AiVisionCar\Example\example\iar\..\..\..\Device\startup\iar\LQ_RT1064_QSPI_NOSDRAM.icf
#        --entry __iar_program_start --inline --vfe --text_out locale)
#
###############################################################################

*******************************************************************************
*** RUNTIME MODEL ATTRIBUTES
***

CppFlavor       = *
__Heap_Handler  = DLMalloc
__SystemLibrary = DLib
__dlib_version  = 6


*******************************************************************************
*** HEAP SELECTION
***

The advanced heap was selected because the application calls memory
allocation functions outside of system library functions, and there
are calls to deallocation functions in the application.


*******************************************************************************
*** PLACEMENT SUMMARY
***

"A0":  place at address 0x7000'2000 { ro section .intvec };
"A1":  place at address 0x7000'0000 { section .boot_hdr.conf };
"A2":  place at address 0x7000'1000 { section .boot_hdr.ivt };
"A3":  place at address 0x7000'1020 { ro section .boot_hdr.boot_data };
"P1":  place in [from 0x7000'2000 to 0x7000'23ff] |
                [from 0x7000'2400 to 0x703f'ffff] { ro };
define block RW { first rw, section m_usb_dma_init_data };
"P2":  place in [from 0x2000'0000 to 0x2003'bfff] { block RW };
define block ZI
   with alignment = 32 { first zi, section m_usb_dma_noninit_data };
"P4":  place in [from 0x2000'0000 to 0x2003'bfff] { block ZI };
define block NCACHE_VAR
   with alignment = 64 { section NonCacheable, section NonCacheable.init };
"P7":  place in [from 0x2000'0000 to 0x2003'bfff] { block NCACHE_VAR };
define block DTCRAM with alignment = 8 { section DTCRAMAccess };
"P9":  place in [from 0x2000'0000 to 0x2003'bfff] { block DTCRAM };
define block CSTACK with size = 16K, alignment = 8 { };
"P6":  place in [from 0x2003'c000 to 0x2003'ffff] { block CSTACK };
initialize by copy { rw, section .textrw, section NonCacheable.init };
keep {
   section .boot_hdr.conf, section .boot_hdr.ivt, section .boot_hdr.boot_data,
   section .boot_hdr.dcd_data };

No sections matched the following patterns:

  ro section .boot_hdr.dcd_data   in "A4"
  section .textrw                 in "P3|P8"
  section DTCRAMAccess            in block DTCRAM
  section ITCRAMAccess            in block ITCRAM
  section NonCacheable            in block NCACHE_VAR
  section NonCacheable.init       in block NCACHE_VAR
  section OCRAMAccess             in block OCRAM
  section m_usb_dma_init_data     in block RW
  section m_usb_dma_noninit_data  in block ZI


  Section              Kind         Address      Size  Object
  -------              ----         -------      ----  ------
"P2|P4|P7|P9", part 1 of 2:                    0x1aa7
  RW                            0x2000'0000    0x1aa7  <Block>
    RW-1                        0x2000'0000    0x1aa7  <Init block>
      .data            inited   0x2000'0000      0x10  spi.o [1]
      .data            inited   0x2000'0010      0x20  uart.o [1]
      .data            inited   0x2000'0030       0xc  adc.o [1]
      .data            inited   0x2000'003c      0x68  ctrlsys.o [1]
      .data            inited   0x2000'00a4      0x68  ctrlsys.o [1]
      .data            inited   0x2000'010c      0x28  dataprocess.o [1]
      .data            inited   0x2000'0134     0x130  dataprocess.o [1]
      .data            inited   0x2000'0264      0x1c  devices_config.o [1]
      .data            inited   0x2000'0280      0x2c  devices_config.o [1]
      .data            inited   0x2000'02ac     0x1cc  devices_config.o [1]
      .data            inited   0x2000'0478     0x284  devices_config.o [1]
      .data            inited   0x2000'06fc     0x1c8  devices_config.o [1]
      .data            inited   0x2000'08c4      0x20  devices_config.o [1]
      .data            inited   0x2000'08e4      0x7c  devices_config.o [1]
      .data            inited   0x2000'0960      0x80  devices_config.o [1]
      .data            inited   0x2000'09e0      0x84  devices_config.o [1]
      .data            inited   0x2000'0a64       0x8  enc.o [1]
      .data            inited   0x2000'0a6c      0x14  gpio.o [1]
      .data            inited   0x2000'0a80     0x260  lcd_driver.o [1]
      .data            inited   0x2000'0ce0     0x930  LQ_GPIO.o [1]
      .data            inited   0x2000'1610      0x14  LQ_SYSTICK.o [1]
      .data            inited   0x2000'1624      0xd8  os.o [1]
      .data            inited   0x2000'16fc     0x2f0  parameter.o [1]
      .data            inited   0x2000'19ec       0x8  parameter.o [1]
      .data            inited   0x2000'19f4      0x10  pwm.o [1]
      .data            inited   0x2000'1a04       0x4  system_MIMXRT1064.o [1]
      .data            inited   0x2000'1a08      0x18  systime.o [1]
      .data            inited   0x2000'1a20       0x4  ui.o [1]
      .data            inited   0x2000'1a24      0x38  xlocale_c.o [2]
      .data            inited   0x2000'1a5c      0x48  xlocale_c.o [2]
      .data            inited   0x2000'1aa4       0x2  parameter.o [1]
      .data            inited   0x2000'1aa6       0x1  lcd_driver.o [1]
                              - 0x2000'1aa7    0x1aa7

"P2|P4|P7|P9", part 2 of 2:                     0x800
  ZI                            0x2000'1ac0     0x800  <Block>
    .bss               zero     0x2000'1ac0      0x10  ff.o [1]
    .bss               zero     0x2000'1ad0       0x1  ff.o [1]
    .bss               zero     0x2000'1ad4       0x4  fsl_clock.o [1]
    .bss               zero     0x2000'1ad8       0x4  fsl_clock.o [1]
    .bss               zero     0x2000'1adc       0x8  fsl_csi.o [1]
    .bss               zero     0x2000'1ae4      0x80  fsl_edma.o [1]
    .bss               zero     0x2000'1b64      0x14  fsl_flexcan.o [1]
    .bss               zero     0x2000'1b78      0x18  fsl_flexio.o [1]
    .bss               zero     0x2000'1b90       0x8  fsl_flexspi.o [1]
    .bss               zero     0x2000'1b98       0x8  fsl_io.o [1]
    .bss               zero     0x2000'1ba0      0x30  fsl_lpi2c.o [1]
    .bss               zero     0x2000'1bd0      0x1c  fsl_lpspi.o [1]
    .bss               zero     0x2000'1bec       0x8  fsl_lpspi.o [1]
    .bss               zero     0x2000'1bf4      0x28  fsl_lpuart.o [1]
    .bss               zero     0x2000'1c1c      0xd0  fsl_sd_disk.o [1]
    .bss               zero     0x2000'1cec     0x200  fsl_sdmmc_common.o [1]
    .bss               zero     0x2000'1eec       0x8  fsl_sdmmc_event.o [1]
    .bss               zero     0x2000'1ef4       0x4  fsl_sdmmc_event.o [1]
    .bss               zero     0x2000'1ef8      0x34  fsl_sdmmc_host.o [1]
    .bss               zero     0x2000'1f2c       0x1  fsl_sdmmc_host.o [1]
    .bss               zero     0x2000'1f30      0x10  fsl_usdhc.o [1]
    .bss               zero     0x2000'1f40      0x10  LQ_SYSTICK.o [1]
    .bss               zero     0x2000'1f50       0x2  parameter.o [1]
    .bss               zero     0x2000'1f54      0x90  resource_config.o [1]
    .bss               zero     0x2000'1fe4     0x140  resource_config.o [1]
    .bss               zero     0x2000'2124      0x30  resource_config.o [1]
    .bss               zero     0x2000'2154      0x18  resource_config.o [1]
    .bss               zero     0x2000'216c      0x18  resource_config.o [1]
    .bss               zero     0x2000'2184       0x4  softtimer.o [1]
    .bss               zero     0x2000'2188     0x134  softtimer.o [1]
    .bss               zero     0x2000'22bc       0x4  xfail_s.o [2]
                              - 0x2000'22c0     0x800

"P6":                                          0x4000
  CSTACK                        0x2003'c000    0x4000  <Block>
    CSTACK             uninit   0x2003'c000    0x4000  <Block tail>
                              - 0x2004'0000    0x4000

"A1":                                           0x200
  .boot_hdr.conf       const    0x7000'0000     0x200  evkmimxrt1064_flexspi_nor_config.o [1]
                              - 0x7000'0200     0x200

"A2":                                            0x20
  .boot_hdr.ivt        const    0x7000'1000      0x20  fsl_flexspi_nor_boot.o [1]
                              - 0x7000'1020      0x20

"A3":                                            0x10
  .boot_hdr.boot_data  const    0x7000'1020      0x10  fsl_flexspi_nor_boot.o [1]
                              - 0x7000'1030      0x10

"A0":                                           0x400
  .intvec              ro code  0x7000'2000     0x400  startup_MIMXRT1064.o [1]
                              - 0x7000'2400     0x400

"P1":                                        0x1'15ec
  .text                ro code  0x7000'2400    0x1630  fsl_sd.o [1]
  .text                ro code  0x7000'3a30      0x18  fsl_assert.o [1]
  .text                ro code  0x7000'3a48     0x400  fsl_sdmmc_common.o [1]
  .text                ro code  0x7000'3e48      0x3a  ABImemset48.o [4]
  .text                ro code  0x7000'3e82      0x3a  zero_init3.o [4]
  .text                ro code  0x7000'3ebc       0x6  ABImemclr4.o [4]
  .text                ro code  0x7000'3ec2      0x1e  xsscin.o [2]
  .text                ro code  0x7000'3ee0      0xa6  ABImemcpy.o [4]
  .text                ro code  0x7000'3f86       0xa  xsprout.o [2]
  .text                ro code  0x7000'3f90     0x274  fsl_usdhc.o [1]
  .text                ro code  0x7000'4204     0x384  board.o [1]
  .text                ro code  0x7000'4588      0xfc  fsl_sdmmc_host.o [1]
  .text                ro code  0x7000'4684      0xb0  fsl_debug_console.o [1]
  .text                ro code  0x7000'4734     0x1ac  fsl_gpio.o [1]
  .text                ro code  0x7000'48e0     0x648  fsl_clock.o [1]
  .text                ro code  0x7000'4f28      0x4c  fsl_sdmmc_event.o [1]
  .text                ro code  0x7000'4f74      0x68  fsl_log.o [1]
  .text                ro code  0x7000'4fdc     0x7dc  fsl_str.o [1]
  .text                ro code  0x7000'57b8      0xbc  fsl_io.o [1]
  .text                ro code  0x7000'5874     0x274  I64DivMod.o [4]
  .text                ro code  0x7000'5ae8      0x9e  modf.o [3]
  .rodata              const    0x7000'5b86       0x2  xlocale_c.o [2]
  .text                ro code  0x7000'5b88     0x56c  pow64.o [3]
  .text                ro code  0x7000'60f4      0x5c  DblToS64.o [3]
  .text                ro code  0x7000'6150      0x52  S64ToDbl.o [3]
  .rodata              const    0x7000'61a2       0x2  xlocale_c.o [2]
  .text                ro code  0x7000'61a4      0x36  strlen.o [4]
  .text                ro code  0x7000'61da       0x2  console.o [1]
  .text                ro code  0x7000'61dc     0x544  fsl_lpuart.o [1]
  .text                ro code  0x7000'6720       0x2  I64DivZer.o [4]
  .text                ro code  0x7000'6722       0x2  startup_MIMXRT1064.o [1]
  .text                ro code  0x7000'6724      0x88  frexp.o [3]
  .text                ro code  0x7000'67ac     0x368  iar_Exp64.o [3]
  .text                ro code  0x7000'6b14     0x104  ldexp.o [3]
  .text                ro code  0x7000'6c18     0xfc6  xprintffull_nomb.o [2]
  .text                ro code  0x7000'7bde       0x2  startup_MIMXRT1064.o [1]
  .text                ro code  0x7000'7be0      0x16  strchr.o [4]
  .text                ro code  0x7000'7bf6       0x2  startup_MIMXRT1064.o [1]
  .text                ro code  0x7000'7bf8      0x40  xfail_s.o [2]
  .text                ro code  0x7000'7c38      0x58  memchr.o [4]
  .text                ro code  0x7000'7c90      0x2e  DblCmpLe.o [3]
  .text                ro code  0x7000'7cbe       0x2  startup_MIMXRT1064.o [1]
  .text                ro code  0x7000'7cc0      0x2e  DblCmpGe.o [3]
  .text                ro code  0x7000'7cee       0xe  DblToS32.o [3]
  .text                ro code  0x7000'7cfc       0xe  S32ToDbl.o [3]
  .text                ro code  0x7000'7d0a      0x12  DblSub.o [3]
  .text                ro code  0x7000'7d1c      0x12  DblDiv.o [3]
  .text                ro code  0x7000'7d2e       0xe  DblToU32.o [3]
  .text                ro code  0x7000'7d3c       0xe  U32ToDbl.o [3]
  .text                ro code  0x7000'7d4a      0x12  DblMul.o [3]
  .text                ro code  0x7000'7d5c      0x4c  xlocale_c.o [2]
  .text                ro code  0x7000'7da8       0x6  abort.o [2]
  .text                ro code  0x7000'7dae       0x2  startup_MIMXRT1064.o [1]
  .text                ro code  0x7000'7db0       0xc  XXexit.o [4]
  .text                ro code  0x7000'7dbc     0xeca  ff.o [1]
  .text                ro code  0x7000'8c86      0x3c  diskio.o [1]
  .text                ro code  0x7000'8cc2       0x2  startup_MIMXRT1064.o [1]
  .text                ro code  0x7000'8cc4      0x84  fsl_sd_disk.o [1]
  .text                ro code  0x7000'8d48     0xdbc  xscanffull_nomb.o [2]
  .text                ro code  0x7000'9b04      0x14  isspace.o [2]
  .text                ro code  0x7000'9b18      0x14  isalpha.o [2]
  .text                ro code  0x7000'9b2c       0xe  math_wrappers64.o [3]
  .text                ro code  0x7000'9b3a       0xe  DblToFlt.o [3]
  .text                ro code  0x7000'9b48     0x1b2  iar_Stoullx.o [2]
  .text                ro code  0x7000'9cfa       0x2  startup_MIMXRT1064.o [1]
  .text                ro code  0x7000'9cfc      0xa6  iar_Stollx.o [2]
  .text                ro code  0x7000'9da2       0x2  startup_MIMXRT1064.o [1]
  .text                ro code  0x7000'9da4     0x44c  strto64.o [3]
  .text                ro code  0x7000'a1f0      0x14  tolower.o [2]
  .text                ro code  0x7000'a204     0x122  iar_Stopfx.o [2]
  .rodata              const    0x7000'a326       0x1  evkmimxrt1064_sdram_ini_dcd.o [1]
  .rodata              const    0x7000'a327       0x1  xlocale_c.o [2]
  .text                ro code  0x7000'a328     0x1b8  iar_Stoflt.o [2]
  .text                ro code  0x7000'a4e0     0x208  iar_Stoxflt.o [2]
  .text                ro code  0x7000'a6e8     0xc5c  LQ_PWM.o [1]
  .text                ro code  0x7000'b344     0x44c  fsl_pwm.o [1]
  .text                ro code  0x7000'b790     0x978  fsl_lpspi.o [1]
  .text                ro code  0x7000'c108     0x958  screen.o [1]
  .text                ro code  0x7000'ca60      0x34  vsprintf.o [2]
  .text                ro code  0x7000'ca94     0x728  clock_config.o [1]
  .text                ro code  0x7000'd1bc     0x4a0  LQ_SPI.o [1]
  .text                ro code  0x7000'd65c     0x490  fsl_edma.o [1]
  .rodata              const    0x7000'daec      0x7c  LQ_ADC.o [1]
  .rodata              const    0x7000'db68     0x420  pow64.o [3]
  .text                ro code  0x7000'df88     0x3e4  LQ_ADC.o [1]
  .text                ro code  0x7000'e36c     0x2dc  fsl_adc.o [1]
  .text                ro code  0x7000'e648     0x3d0  init.o [1]
  .text                ro code  0x7000'ea18      0xf4  ctrlsys.o [1]
  .text                ro code  0x7000'eb0c     0x110  pid_ctrl.o [1]
  .text                ro code  0x7000'ec1c     0x3b2  lcd_driver.o [1]
  .text                ro code  0x7000'efd0     0x35c  dataprocess.o [1]
  .text                ro code  0x7000'f32c      0x8a  sysmath.o [1]
  .text                ro code  0x7000'f3b8      0x54  filter.o [1]
  .text                ro code  0x7000'f40c       0x2  foo.o [1]
  .text                ro code  0x7000'f410     0x34c  LQ_UART.o [1]
  .text                ro code  0x7000'f75c     0x314  LQ_GPIO.o [1]
  .text                ro code  0x7000'fa70     0x2b8  LQ_Encoder.o [1]
  .text                ro code  0x7000'fd28     0x1ec  fsl_enc.o [1]
  .text                ro code  0x7000'ff14      0x26  fsl_xbara.o [1]
  .text                ro code  0x7000'ff3c     0x260  motor.o [1]
  .text                ro code  0x7001'019c       0x8  abs.o [2]
  .text                ro code  0x7001'01a4     0x228  servo.o [1]
  .rodata              const    0x7001'03cc     0x218  fsl_edma.o [1]
  .text                ro code  0x7001'05e4     0x218  fsl_flexspi.o [1]
  .text                ro code  0x7001'07fc     0x200  communicate.o [1]
  .text                ro code  0x7001'09fc      0x20  vsscanf.o [2]
  .text                ro code  0x7001'0a1c     0x1ec  lz77_init.o [4]
  .rodata              const    0x7001'0c08     0x1cc  fsl_usdhc.o [1]
  .text                ro code  0x7001'0dd4     0x1bc  key.o [1]
  .text                ro code  0x7001'0f90     0x1a8  esensor.o [1]
  .rodata              const    0x7001'1138     0x1a0  fsl_flexcan.o [1]
  .text                ro code  0x7001'12d8     0x154  softtimer.o [1]
  .text                ro code  0x7001'142c     0x132  system_MIMXRT1064.o [1]
  .text                ro code  0x7001'1560     0x122  control.o [1]
  .text                ro code  0x7001'1684      0xf4  pin_mux.o [1]
  .text                ro code  0x7001'1778      0xf0  LQ_SYSTICK.o [1]
  .rodata              const    0x7001'1868      0xc8  fsl_lpuart.o [1]
  .text                ro code  0x7001'1930      0xc8  fsl_flexcan.o [1]
  .rodata              const    0x7001'19f8      0xc4  fsl_gpio.o [1]
  .rodata              const    0x7001'1abc      0xc4  fsl_pwm.o [1]
  .text                ro code  0x7001'1b80      0xb8  ostime.o [1]
  .rodata              const    0x7001'1c38      0xa4  fsl_lpspi.o [1]
  .rodata              const    0x7001'1cdc      0x9c  fsl_adc.o [1]
  .rodata              const    0x7001'1d78      0x9c  fsl_enc.o [1]
  .rodata              const    0x7001'1e14      0x8c  fsl_sd.o [1]
  .rodata              const    0x7001'1ea0      0x84  LQ_PWM.o [1]
  .rodata              const    0x7001'1f24      0x80  fsl_sdmmc_host.o [1]
  .rodata              const    0x7001'1fa4      0x80  LQ_GPIO.o [1]
  .text                ro code  0x7001'2024      0x80  uart.o [1]
  .text                ro code  0x7001'20a4      0x74  gpio.o [1]
  .text                ro code  0x7001'2118      0x70  startup_MIMXRT1064.o [1]
  .text                ro code  0x7001'2188      0x6c  fsl_lpi2c.o [1]
  .rodata              const    0x7001'21f4      0x68  fsl_sdmmc_common.o [1]
  .rodata              const    0x7001'225c      0x64  clock_config.o [1]
  .rodata              const    0x7001'22c0      0x64  fsl_adc.o [1]
  .rodata              const    0x7001'2324      0x64  fsl_clock.o [1]
  .rodata              const    0x7001'2388      0x64  fsl_enc.o [1]
  .rodata              const    0x7001'23ec      0x64  fsl_flexspi.o [1]
  .rodata              const    0x7001'2450      0x64  fsl_gpio.o [1]
  .rodata              const    0x7001'24b4      0x64  fsl_lpspi.o [1]
  .rodata              const    0x7001'2518      0x64  fsl_lpuart.o [1]
  .rodata              const    0x7001'257c      0x64  fsl_pwm.o [1]
  .rodata              const    0x7001'25e0      0x64  LQ_ADC.o [1]
  .rodata              const    0x7001'2644      0x64  LQ_Encoder.o [1]
  .rodata              const    0x7001'26a8      0x64  LQ_GPIO.o [1]
  .rodata              const    0x7001'270c      0x64  LQ_PWM.o [1]
  .rodata              const    0x7001'2770      0x64  LQ_PWM.o [1]
  .rodata              const    0x7001'27d4      0x64  LQ_SPI.o [1]
  .rodata              const    0x7001'2838      0x64  LQ_UART.o [1]
  .rodata              const    0x7001'289c      0x64  pin_mux.o [1]
  .rodata              const    0x7001'2900      0x60  fsl_adc.o [1]
  .rodata              const    0x7001'2960      0x60  fsl_debug_console.o [1]
  .text                ro code  0x7001'29c0      0x60  app.o [1]
  .rodata              const    0x7001'2a20      0x58  fsl_io.o [1]
  .rodata              const    0x7001'2a78      0x58  fsl_log.o [1]
  .text                ro code  0x7001'2ad0      0x58  henv.o [1]
  .text                ro code  0x7001'2b28      0x54  systime.o [1]
  .rodata              const    0x7001'2b7c      0x50  iar_Stoullx.o [2]
  .text                ro code  0x7001'2bcc      0x50  beep.o [1]
  .text                ro code  0x7001'2c1c      0x50  led.o [1]
  .text                ro code  0x7001'2c6c      0x3c  os.o [1]
  .rodata              const    0x7001'2ca8      0x48  strto64.o [3]
  .text                ro code  0x7001'2cf0      0x40  ui.o [1]
  .text                ro code  0x7001'2d30      0x3c  adc.o [1]
  .rodata              const    0x7001'2d6c      0x34  app.o [1]
  .rodata              const    0x7001'2da0      0x30  pid_ctrl.o [1]
  .text                ro code  0x7001'2dd0      0x30  main.o [1]
  .text                ro code  0x7001'2e00      0x30  spi.o [1]
  .text                ro code  0x7001'2e30      0x2e  file.o [1]
  .text                ro code  0x7001'2e60      0x2e  fsl_flexio.o [1]
  .rodata              const    0x7001'2e90      0x2c  fsl_assert.o [1]
  .rodata              const    0x7001'2ebc      0x28  xscanffull_nomb.o [2]
  .text                ro code  0x7001'2ee4      0x28  data_init.o [4]
  .text                ro code  0x7001'2f0c      0x26  pwm.o [1]
  .rodata              const    0x7001'2f34      0x24  LQ_Encoder.o [1]
  .rodata              const    0x7001'2f58      0x24  xscanffull_nomb.o [2]
  .text                ro code  0x7001'2f7c      0x22  fpinit_M.o [3]
  .iar.init_table      const    0x7001'2fa0      0x2c  - Linker created -
  .text                ro code  0x7001'2fcc      0x20  task.o [1]
  .text                ro code  0x7001'2fec      0x1e  cmain.o [4]
  .text                ro code  0x7001'300a       0x4  exit.o [2]
  .text                ro code  0x7001'3010       0xa  cexit.o [4]
  .text                ro code  0x7001'301a      0x14  enc.o [1]
  .text                ro code  0x7001'3030      0x14  fsl_csi.o [1]
  .text                ro code  0x7001'3044       0xc  irq.o [1]
  .text                ro code  0x7001'3050       0xc  ui.o [1]
  .text                ro code  0x7001'305c       0xc  cstartup_M.o [4]
  .rodata              const    0x7001'3068       0x8  xprintffull_nomb.o [2]
  .text                ro code  0x7001'3070       0x8  startup_MIMXRT1064.o [1]
  .text                ro code  0x7001'3078       0x8  startup_MIMXRT1064.o [1]
  .text                ro code  0x7001'3080       0x8  startup_MIMXRT1064.o [1]
  .text                ro code  0x7001'3088       0x8  startup_MIMXRT1064.o [1]
  .text                ro code  0x7001'3090       0x8  startup_MIMXRT1064.o [1]
  .text                ro code  0x7001'3098       0x8  startup_MIMXRT1064.o [1]
  .text                ro code  0x7001'30a0       0x8  startup_MIMXRT1064.o [1]
  .text                ro code  0x7001'30a8       0x8  startup_MIMXRT1064.o [1]
  .text                ro code  0x7001'30b0       0x8  startup_MIMXRT1064.o [1]
  .text                ro code  0x7001'30b8       0x8  startup_MIMXRT1064.o [1]
  .text                ro code  0x7001'30c0       0x8  startup_MIMXRT1064.o [1]
  .text                ro code  0x7001'30c8       0x8  startup_MIMXRT1064.o [1]
  .text                ro code  0x7001'30d0       0x8  startup_MIMXRT1064.o [1]
  .text                ro code  0x7001'30d8       0x8  startup_MIMXRT1064.o [1]
  .text                ro code  0x7001'30e0       0x8  startup_MIMXRT1064.o [1]
  .text                ro code  0x7001'30e8       0x8  startup_MIMXRT1064.o [1]
  .text                ro code  0x7001'30f0       0x8  startup_MIMXRT1064.o [1]
  .text                ro code  0x7001'30f8       0x8  startup_MIMXRT1064.o [1]
  .text                ro code  0x7001'3100       0x8  startup_MIMXRT1064.o [1]
  .text                ro code  0x7001'3108       0x8  startup_MIMXRT1064.o [1]
  .text                ro code  0x7001'3110       0x8  startup_MIMXRT1064.o [1]
  .text                ro code  0x7001'3118       0x8  startup_MIMXRT1064.o [1]
  .text                ro code  0x7001'3120       0x8  startup_MIMXRT1064.o [1]
  .text                ro code  0x7001'3128       0x8  startup_MIMXRT1064.o [1]
  .text                ro code  0x7001'3130       0x8  startup_MIMXRT1064.o [1]
  .text                ro code  0x7001'3138       0x8  startup_MIMXRT1064.o [1]
  .text                ro code  0x7001'3140       0x8  startup_MIMXRT1064.o [1]
  .text                ro code  0x7001'3148       0x8  startup_MIMXRT1064.o [1]
  .text                ro code  0x7001'3150       0x8  startup_MIMXRT1064.o [1]
  .text                ro code  0x7001'3158       0x8  startup_MIMXRT1064.o [1]
  .text                ro code  0x7001'3160       0x8  startup_MIMXRT1064.o [1]
  .text                ro code  0x7001'3168       0x8  startup_MIMXRT1064.o [1]
  .text                ro code  0x7001'3170       0x8  startup_MIMXRT1064.o [1]
  .text                ro code  0x7001'3178       0x8  startup_MIMXRT1064.o [1]
  .text                ro code  0x7001'3180       0x8  startup_MIMXRT1064.o [1]
  .text                ro code  0x7001'3188       0x8  startup_MIMXRT1064.o [1]
  .text                ro code  0x7001'3190       0x8  startup_MIMXRT1064.o [1]
  .text                ro code  0x7001'3198       0x8  startup_MIMXRT1064.o [1]
  .text                ro code  0x7001'31a0       0x8  startup_MIMXRT1064.o [1]
  .text                ro code  0x7001'31a8       0x8  startup_MIMXRT1064.o [1]
  .text                ro code  0x7001'31b0       0x8  startup_MIMXRT1064.o [1]
  .text                ro code  0x7001'31b8       0x8  startup_MIMXRT1064.o [1]
  .text                ro code  0x7001'31c0       0x8  startup_MIMXRT1064.o [1]
  .text                ro code  0x7001'31c8       0x8  startup_MIMXRT1064.o [1]
  .text                ro code  0x7001'31d0       0x8  startup_MIMXRT1064.o [1]
  .text                ro code  0x7001'31d8       0x8  startup_MIMXRT1064.o [1]
  .text                ro code  0x7001'31e0       0x8  startup_MIMXRT1064.o [1]
  .text                ro code  0x7001'31e8       0x8  startup_MIMXRT1064.o [1]
  .text                ro code  0x7001'31f0       0x8  startup_MIMXRT1064.o [1]
  .text                ro code  0x7001'31f8       0x8  startup_MIMXRT1064.o [1]
  .text                ro code  0x7001'3200       0x8  startup_MIMXRT1064.o [1]
  .text                ro code  0x7001'3208       0x8  startup_MIMXRT1064.o [1]
  .text                ro code  0x7001'3210       0x4  LQ_CSI.o [1]
  .text                ro code  0x7001'3214       0x4  startup_MIMXRT1064.o [1]
  .rodata              const    0x7001'3218       0x0  zero_init3.o [4]
  .rodata              const    0x7001'3218       0x0  lz77_init.o [4]
  Initializer bytes    const    0x7001'3218     0x7d4  <for RW-1>
                              - 0x7001'39ec  0x1'15ec

Unused ranges:

         From           To       Size
         ----           --       ----
  0x2000'1aa7  0x2000'1abf       0x19
  0x2000'22c0  0x2003'bfff   0x3'9d40
  0x7001'39ec  0x703f'ffff  0x3e'c614


*******************************************************************************
*** INIT TABLE
***

          Address      Size
          -------      ----
Zero (__iar_zero_init3)
    1 destination range, total size 0x800:
          0x2000'1ac0   0x800

Copy/lz77 (__iar_lz77_init3)
    1 source range, total size 0x7d4 (29% of destination):
          0x7001'3218   0x7d4
    1 destination range, total size 0x1aa7:
          0x2000'0000  0x1aa7



*******************************************************************************
*** MODULE SUMMARY
***

    Module                              ro code  ro data  rw data
    ------                              -------  -------  -------
command line/config:
    -------------------------------------------------------------
    Total:

D:\Onedrive\OneDrive\Car\AI-SmartCar\RTProject\AiVisionCar\Example\example\iar\flexspi_nor_release\Obj: [1]
    LQ_ADC.o                                996      224
    LQ_CSI.o                                  4
    LQ_Encoder.o                            696      136
    LQ_GPIO.o                               788      918    2'352
    LQ_PWM.o                              3'164      332
    LQ_SPI.o                              1'184      100
    LQ_SYSTICK.o                            240        6       36
    LQ_UART.o                               844      100
    adc.o                                    60        3       12
    app.o                                    96       52
    beep.o                                   80
    board.o                                 900
    clock_config.o                        1'832      100
    communicate.o                           512
    console.o                                 2
    control.o                               290
    ctrlsys.o                               244       61      208
    dataprocess.o                           860      101      344
    devices_config.o                                 602    2'048
    diskio.o                                 60
    enc.o                                    20        2        8
    esensor.o                               424
    evkmimxrt1064_flexspi_nor_config.o               512
    evkmimxrt1064_sdram_ini_dcd.o                      1
    ff.o                                  3'786                17
    file.o                                   46
    filter.o                                 84
    foo.o                                     2
    fsl_adc.o                               732      352
    fsl_assert.o                             24       44
    fsl_clock.o                           1'608      100        8
    fsl_csi.o                                20                 8
    fsl_debug_console.o                     176       96
    fsl_edma.o                            1'168      536      128
    fsl_enc.o                               492      256
    fsl_flexcan.o                           200      416       20
    fsl_flexio.o                             46                24
    fsl_flexspi.o                           536      100        8
    fsl_flexspi_nor_boot.o                            48
    fsl_gpio.o                              428      296
    fsl_io.o                                188       88        8
    fsl_log.o                               104       88
    fsl_lpi2c.o                             108                48
    fsl_lpspi.o                           2'424      264       36
    fsl_lpuart.o                          1'348      300       40
    fsl_pwm.o                             1'100      296
    fsl_sd.o                              5'680      140
    fsl_sd_disk.o                           132               208
    fsl_sdmmc_common.o                    1'024      104      512
    fsl_sdmmc_event.o                        76                12
    fsl_sdmmc_host.o                        252      128       53
    fsl_str.o                             2'012
    fsl_usdhc.o                             628      460       16
    fsl_xbara.o                              38
    gpio.o                                  116        6       20
    henv.o                                   88
    init.o                                  976
    irq.o                                    12
    key.o                                   444
    lcd_driver.o                            946      179      609
    led.o                                    80
    main.o                                   48
    motor.o                                 608
    os.o                                     60       64      216
    ostime.o                                184
    parameter.o                                      223      764
    pid_ctrl.o                              272       48
    pin_mux.o                               244      100
    pwm.o                                    38        5       16
    resource_config.o                                         560
    screen.o                              2'392
    servo.o                                 552
    softtimer.o                             340               312
    spi.o                                    48        4       16
    startup_MIMXRT1064.o                  1'572
    sysmath.o                               138
    system_MIMXRT1064.o                     306        1        4
    systime.o                                84        7       24
    task.o                                   32
    uart.o                                  128       10       32
    ui.o                                     76        1        4
    -------------------------------------------------------------
    Total:                               47'542    8'010    8'731

dl7M_tlf.a: [2]
    abort.o                                   6
    abs.o                                     8
    exit.o                                    4
    iar_Stoflt.o                            440
    iar_Stollx.o                            166
    iar_Stopfx.o                            290
    iar_Stoullx.o                           434       80
    iar_Stoxflt.o                           520
    isalpha.o                                20
    isspace.o                                20
    tolower.o                                20
    vsprintf.o                               52
    vsscanf.o                                32
    xfail_s.o                                64                 4
    xlocale_c.o                              76       43      128
    xprintffull_nomb.o                    4'038        8
    xscanffull_nomb.o                     3'516       76
    xsprout.o                                10
    xsscin.o                                 30
    -------------------------------------------------------------
    Total:                                9'746      207      132

m7M_tlv.a: [3]
    DblCmpGe.o                               46
    DblCmpLe.o                               46
    DblDiv.o                                 18
    DblMul.o                                 18
    DblSub.o                                 18
    DblToFlt.o                               14
    DblToS32.o                               14
    DblToS64.o                               92
    DblToU32.o                               14
    S32ToDbl.o                               14
    S64ToDbl.o                               82
    U32ToDbl.o                               14
    fpinit_M.o                               34
    frexp.o                                 136
    iar_Exp64.o                             872
    ldexp.o                                 260
    math_wrappers64.o                        14
    modf.o                                  158
    pow64.o                               1'388    1'056
    strto64.o                             1'100       72
    -------------------------------------------------------------
    Total:                                4'352    1'128

rt7M_tl.a: [4]
    ABImemclr4.o                              6
    ABImemcpy.o                             166
    ABImemset48.o                            58
    I64DivMod.o                             628
    I64DivZer.o                               2
    XXexit.o                                 12
    cexit.o                                  10
    cmain.o                                  30
    cstartup_M.o                             12
    data_init.o                              40
    lz77_init.o                             492
    memchr.o                                 88
    strchr.o                                 22
    strlen.o                                 54
    zero_init3.o                             58
    -------------------------------------------------------------
    Total:                                1'678

    Gaps                                     18        6        8
    Linker created                                    45   16'384
-----------------------------------------------------------------
    Grand Total:                         63'336    9'396   25'255


*******************************************************************************
*** ENTRY LIST
***

Entry                       Address   Size  Type      Object
-----                       -------   ----  ----      ------
.iar.init_table$$Base   0x7001'2fa0          --   Gb  - Linker created -
.iar.init_table$$Limit  0x7001'2fcc          --   Gb  - Linker created -
?main                   0x7001'2fed         Code  Gb  cmain.o [4]
ADC_DoAutoCalibration   0x7000'e561   0x68  Code  Gb  fsl_adc.o [1]
ADC_EnableHardwareTrigger
                        0x7000'e3f7   0x16  Code  Lc  fsl_adc.o [1]
ADC_GetChannelConversionValue
                        0x7000'e3ad   0x22  Code  Lc  fsl_adc.o [1]
ADC_GetChannelConversionValue
                        0x7000'dfc9   0x24  Code  Lc  LQ_ADC.o [1]
ADC_GetChannelStatusFlags
                        0x7000'e3d1   0x26  Code  Lc  fsl_adc.o [1]
ADC_GetChannelStatusFlags
                        0x7000'dfed   0x28  Code  Lc  LQ_ADC.o [1]
ADC_GetDefaultConfig    0x7000'e4e5   0x38  Code  Gb  fsl_adc.o [1]
ADC_GetInstance         0x7000'e411   0x2e  Code  Lc  fsl_adc.o [1]
ADC_GetStatusFlags      0x7000'e40d    0x4  Code  Lc  fsl_adc.o [1]
ADC_Init                0x7000'e441   0xa4  Code  Gb  fsl_adc.o [1]
ADC_InitConfig          0x7000'e031   0x2c  Code  Gb  LQ_ADC.o [1]
ADC_PinInit             0x7000'e08d  0x210  Code  Gb  LQ_ADC.o [1]
ADC_Read                0x7000'e05d   0x2e  Code  Gb  LQ_ADC.o [1]
ADC_Resources           0x2000'1f54   0x90  Data  Gb  resource_config.o [1]
ADC_SetChannelConfig    0x7000'e51d   0x44  Code  Gb  fsl_adc.o [1]
ADC_SetHardwareAverageConfig
                        0x7000'e5dd   0x2a  Code  Gb  fsl_adc.o [1]
ADCx                    0x2000'0030    0xc  Data  Gb  adc.o [1]
ADCx_Init               0x7001'2d31    0xe  Code  Gb  adc.o [1]
ADCx_Read               0x7001'2d3f   0x28  Code  Gb  adc.o [1]
ARM_MPU_Disable         0x7000'421f   0x1c  Code  Lc  board.o [1]
ARM_MPU_Enable          0x7000'4205   0x1a  Code  Lc  board.o [1]
BEEP                    0x2000'0264   0x1c  Data  Gb  devices_config.o [1]
BEEP_Init               0x7001'2bef   0x1e  Code  Gb  beep.o [1]
BEEP_OFF                0x7001'2bd7   0x10  Code  Gb  beep.o [1]
BEEP_OFF_TMR_CALLBACK   0x7000'e649    0xa  Code  Gb  init.o [1]
BEEP_ON                 0x7001'2bcd    0xa  Code  Gb  beep.o [1]
BEEP_Toggle             0x7001'2be7    0x8  Code  Gb  beep.o [1]
BOARD_BootClockRUN      0x7000'cbbd  0x4b0  Code  Gb  clock_config.o [1]
BOARD_ConfigMPU         0x7000'43dd   0x7a  Code  Gb  board.o [1]
BOARD_DebugConsoleSrcFreq
                        0x7000'4389   0x3c  Code  Gb  board.o [1]
BOARD_InitDebugConsole  0x7000'43c5   0x18  Code  Gb  board.o [1]
BOARD_InitPins          0x7001'16ed   0x64  Code  Gb  pin_mux.o [1]
BOARD_SD_Pin_Config     0x7000'4457   0x8c  Code  Gb  board.o [1]
CAN1_DriverIRQHandler   0x7001'1931   0x26  Code  Gb  fsl_flexcan.o [1]
CAN2_DriverIRQHandler   0x7001'1959   0x26  Code  Gb  fsl_flexcan.o [1]
CAN3_DriverIRQHandler   0x7001'1981   0x26  Code  Gb  fsl_flexcan.o [1]
CData                   0x2000'19ec    0x8  Data  Gb  parameter.o [1]
CLOCK_ControlGate       0x7000'cb4d   0x40  Code  Lc  clock_config.o [1]
CLOCK_ControlGate       0x7000'e36d   0x3c  Code  Lc  fsl_adc.o [1]
CLOCK_ControlGate       0x7000'fd29   0x3c  Code  Lc  fsl_enc.o [1]
CLOCK_ControlGate       0x7000'4735   0x3a  Code  Lc  fsl_gpio.o [1]
CLOCK_ControlGate       0x7000'b791   0x40  Code  Lc  fsl_lpspi.o [1]
CLOCK_ControlGate       0x7000'61dd   0x40  Code  Lc  fsl_lpuart.o [1]
CLOCK_ControlGate       0x7000'b345   0x40  Code  Lc  fsl_pwm.o [1]
CLOCK_ControlGate       0x7000'df89   0x3c  Code  Lc  LQ_ADC.o [1]
CLOCK_ControlGate       0x7000'fa71   0x3a  Code  Lc  LQ_Encoder.o [1]
CLOCK_ControlGate       0x7000'f75d   0x40  Code  Lc  LQ_GPIO.o [1]
CLOCK_ControlGate       0x7000'a6e9   0x3e  Code  Lc  LQ_PWM.o [1]
CLOCK_ControlGate       0x7000'd1bd   0x40  Code  Lc  LQ_SPI.o [1]
CLOCK_ControlGate       0x7000'f411   0x3c  Code  Lc  LQ_UART.o [1]
CLOCK_ControlGate       0x7001'1685   0x3a  Code  Lc  pin_mux.o [1]
CLOCK_DeinitAudioPll    0x7000'4bcb    0xc  Code  Gb  fsl_clock.o [1]
CLOCK_DeinitEnetPll     0x7000'4be3    0xc  Code  Gb  fsl_clock.o [1]
CLOCK_DeinitUsb2Pll     0x7000'4bc1    0xa  Code  Gb  fsl_clock.o [1]
CLOCK_DeinitVideoPll    0x7000'4bd7    0xc  Code  Gb  fsl_clock.o [1]
CLOCK_DisableClock      0x7000'cb8d    0x4  Code  Lc  clock_config.o [1]
CLOCK_EnableClock       0x7000'e3a9    0x4  Code  Lc  fsl_adc.o [1]
CLOCK_EnableClock       0x7000'fd65    0x4  Code  Lc  fsl_enc.o [1]
CLOCK_EnableClock       0x7000'476f    0x4  Code  Lc  fsl_gpio.o [1]
CLOCK_EnableClock       0x7000'b7dd    0x4  Code  Lc  fsl_lpspi.o [1]
CLOCK_EnableClock       0x7000'6229    0x4  Code  Lc  fsl_lpuart.o [1]
CLOCK_EnableClock       0x7000'b385    0x4  Code  Lc  fsl_pwm.o [1]
CLOCK_EnableClock       0x7000'dfc5    0x4  Code  Lc  LQ_ADC.o [1]
CLOCK_EnableClock       0x7000'faab    0x4  Code  Lc  LQ_Encoder.o [1]
CLOCK_EnableClock       0x7000'f79d    0x4  Code  Lc  LQ_GPIO.o [1]
CLOCK_EnableClock       0x7000'a727    0x4  Code  Lc  LQ_PWM.o [1]
CLOCK_EnableClock       0x7000'd1fd    0x4  Code  Lc  LQ_SPI.o [1]
CLOCK_EnableClock       0x7000'f44d    0x4  Code  Lc  LQ_UART.o [1]
CLOCK_EnableClock       0x7001'16bf    0x4  Code  Lc  pin_mux.o [1]
CLOCK_GetAhbFreq        0x7000'4a31   0x18  Code  Gb  fsl_clock.o [1]
CLOCK_GetDiv            0x7000'4347   0x24  Code  Lc  board.o [1]
CLOCK_GetFreq           0x7000'4abd   0x84  Code  Gb  fsl_clock.o [1]
CLOCK_GetIpgFreq        0x7000'4a7d   0x18  Code  Gb  fsl_clock.o [1]
CLOCK_GetMux            0x7000'4323   0x24  Code  Lc  board.o [1]
CLOCK_GetOscFreq        0x7000'436b   0x12  Code  Lc  board.o [1]
CLOCK_GetOscFreq        0x7000'48e1   0x18  Code  Lc  fsl_clock.o [1]
CLOCK_GetPerClkFreq     0x7000'4a95   0x26  Code  Gb  fsl_clock.o [1]
CLOCK_GetPeriphClkFreq  0x7000'493b   0x98  Code  Lc  fsl_clock.o [1]
CLOCK_GetPllBypassRefClk
                        0x7000'4925   0x16  Code  Lc  fsl_clock.o [1]
CLOCK_GetPllFreq        0x7000'4bf1  0x1c6  Code  Gb  fsl_clock.o [1]
CLOCK_GetPllFreq::enetRefClkFreq
                        0x7000'4f18   0x10  Data  Lc  fsl_clock.o [1]
CLOCK_GetRtcFreq        0x7000'48f9    0x6  Code  Lc  fsl_clock.o [1]
CLOCK_GetSemcFreq       0x7000'4a49   0x34  Code  Gb  fsl_clock.o [1]
CLOCK_GetSysPfdFreq     0x7000'4ddd   0x58  Code  Gb  fsl_clock.o [1]
CLOCK_GetUsb1PfdFreq    0x7000'4e35   0x58  Code  Gb  fsl_clock.o [1]
CLOCK_InitArmPll        0x7000'4b41   0x40  Code  Gb  fsl_clock.o [1]
CLOCK_InitExternalClk   0x7000'49d3   0x3c  Code  Gb  fsl_clock.o [1]
CLOCK_InitRcOsc24M      0x7000'4a23    0xe  Code  Gb  fsl_clock.o [1]
CLOCK_InitSysPfd        0x7000'4db7   0x26  Code  Gb  fsl_clock.o [1]
CLOCK_InitSysPll        0x7000'4b81   0x40  Code  Gb  fsl_clock.o [1]
CLOCK_IsPllBypassed     0x7000'48ff   0x10  Code  Lc  fsl_clock.o [1]
CLOCK_IsPllEnabled      0x7000'490f   0x16  Code  Lc  fsl_clock.o [1]
CLOCK_SetDiv            0x7000'caf1   0x5c  Code  Lc  clock_config.o [1]
CLOCK_SetMux            0x7000'ca95   0x5c  Code  Lc  clock_config.o [1]
CLOCK_SetPllBypass      0x7000'cba1   0x1c  Code  Lc  clock_config.o [1]
CLOCK_SetRtcXtalFreq    0x7000'cb99    0x8  Code  Lc  clock_config.o [1]
CLOCK_SetXtalFreq       0x7000'cb91    0x8  Code  Lc  clock_config.o [1]
CLOCK_SwitchOsc         0x7000'4a0f   0x14  Code  Gb  fsl_clock.o [1]
CSI_DriverIRQHandler    0x7001'3031    0xa  Code  Gb  fsl_csi.o [1]
CSI_IRQHandler          0x7001'3211    0x4  Code  Gb  LQ_CSI.o [1]
CSTACK$$Base            0x2003'c000          --   Gb  - Linker created -
CSTACK$$Limit           0x2004'0000          --   Gb  - Linker created -
CUART                   0x2000'0280   0x2c  Data  Gb  devices_config.o [1]
CalculateDistanceDifDivSum
                        0x7000'f351   0x3c  Code  Gb  sysmath.o [1]
CarMode                 0x2000'1aa4    0x2  Data  Gb  parameter.o [1]
CommInit                0x7001'099b   0x40  Code  Gb  communicate.o [1]
CommRead                0x7001'0897   0x4c  Code  Gb  communicate.o [1]
CommReadLine            0x7001'08e3   0x50  Code  Gb  communicate.o [1]
CommReceive             0x7001'0849   0x4e  Code  Gb  communicate.o [1]
CommTransmit            0x7001'07fd   0x4c  Code  Gb  communicate.o [1]
CommWrite               0x7001'0933   0x2a  Code  Gb  communicate.o [1]
CommWriteLine           0x7001'095d   0x3e  Code  Gb  communicate.o [1]
ConstrainFloat          0x7000'f399   0x1e  Code  Gb  sysmath.o [1]
ConvertFloatRadixNumToString
                        0x7000'50ad  0x17e  Code  Lc  fsl_str.o [1]
ConvertRadixNumToString
                        0x7000'4fdd   0xd0  Code  Lc  fsl_str.o [1]
Core0_HardWareEnvInit   0x7001'2b01   0x1e  Code  Gb  henv.o [1]
Core0_HardWareInit      0x7000'e653   0x9a  Code  Gb  init.o [1]
Core0_Main              0x7001'29c1   0x42  Code  Gb  app.o [1]
Core0_SoftWareInit      0x7000'e6ed   0xf8  Code  Gb  init.o [1]
Core0_SoftWareInit_AIMode
                        0x7000'e7e5   0x74  Code  Gb  init.o [1]
Core0_SoftWareInit_AutoBootMode
                        0x7000'e859   0x64  Code  Gb  init.o [1]
Core0_SoftWareInit_DebugMode
                        0x7000'e931   0x64  Code  Gb  init.o [1]
Core0_SoftWareInit_ManualBootMode
                        0x7000'e8bd   0x74  Code  Gb  init.o [1]
Core0_WaitForSync       0x7001'2b23    0x2  Code  Gb  henv.o [1]
Core1_HardWareEnvInit   0x7001'2b1f    0x2  Code  Gb  henv.o [1]
Core1_WaitForSync       0x7001'2b25    0x2  Code  Gb  henv.o [1]
Core2_HardWareEnvInit   0x7001'2b21    0x2  Code  Gb  henv.o [1]
Core2_WaitForSync       0x7001'2b27    0x2  Code  Gb  henv.o [1]
CtrlSysInit             0x7000'ea59   0x1c  Code  Gb  ctrlsys.o [1]
CurrVol                 0x2000'1ad0    0x1  Data  Lc  ff.o [1]
DMA0_DMA16_DriverIRQHandler
                        0x7000'd781   0x36  Code  Gb  fsl_edma.o [1]
DMA10_DMA26_DriverIRQHandler
                        0x7000'd9a1   0x36  Code  Gb  fsl_edma.o [1]
DMA11_DMA27_DriverIRQHandler
                        0x7000'd9d7   0x36  Code  Gb  fsl_edma.o [1]
DMA12_DMA28_DriverIRQHandler
                        0x7000'da0d   0x36  Code  Gb  fsl_edma.o [1]
DMA13_DMA29_DriverIRQHandler
                        0x7000'da43   0x36  Code  Gb  fsl_edma.o [1]
DMA14_DMA30_DriverIRQHandler
                        0x7000'da79   0x34  Code  Gb  fsl_edma.o [1]
DMA15_DMA31_DriverIRQHandler
                        0x7000'daad   0x32  Code  Gb  fsl_edma.o [1]
DMA1_DMA17_DriverIRQHandler
                        0x7000'd7b7   0x36  Code  Gb  fsl_edma.o [1]
DMA2_DMA18_DriverIRQHandler
                        0x7000'd7ed   0x36  Code  Gb  fsl_edma.o [1]
DMA3_DMA19_DriverIRQHandler
                        0x7000'd823   0x36  Code  Gb  fsl_edma.o [1]
DMA4_DMA20_DriverIRQHandler
                        0x7000'd859   0x36  Code  Gb  fsl_edma.o [1]
DMA5_DMA21_DriverIRQHandler
                        0x7000'd891   0x36  Code  Gb  fsl_edma.o [1]
DMA6_DMA22_DriverIRQHandler
                        0x7000'd8c7   0x36  Code  Gb  fsl_edma.o [1]
DMA7_DMA23_DriverIRQHandler
                        0x7000'd8fd   0x36  Code  Gb  fsl_edma.o [1]
DMA8_DMA24_DriverIRQHandler
                        0x7000'd935   0x36  Code  Gb  fsl_edma.o [1]
DMA9_DMA25_DriverIRQHandler
                        0x7000'd96b   0x36  Code  Gb  fsl_edma.o [1]
Data                    0x2000'16fc  0x2f0  Data  Gb  parameter.o [1]
DbgConsole_Init         0x7000'4685   0x30  Code  Gb  fsl_debug_console.o [1]
DbgConsole_Printf       0x7000'46b9   0x30  Code  Gb  fsl_debug_console.o [1]
DbgConsole_RelocateLog  0x7000'46e9   0x3a  Code  Lc  fsl_debug_console.o [1]
Dtentox                 0x7000'9e69  0x1f8  Code  Lc  strto64.o [3]
EDMA_GetChannelStatusFlags
                        0x7000'd65d   0x46  Code  Gb  fsl_edma.o [1]
EDMA_HandleIRQ          0x7000'd6b9   0xba  Code  Gb  fsl_edma.o [1]
ENC_DoSoftwareLoadInitialPositionValue
                        0x7000'fecd   0x10  Code  Gb  fsl_enc.o [1]
ENC_GetDefaultConfig    0x7000'fe7d   0x40  Code  Gb  fsl_enc.o [1]
ENC_GetInstance         0x7000'fd69   0x30  Code  Lc  fsl_enc.o [1]
ENC_GetValue            0x7000'faff    0x6  Code  Gb  LQ_Encoder.o [1]
ENC_Init                0x7000'fd99   0xe4  Code  Gb  fsl_enc.o [1]
ENC_InitConfig          0x7000'facb   0x34  Code  Gb  LQ_Encoder.o [1]
ENC_PinInit             0x7000'fb05  0x194  Code  Gb  LQ_Encoder.o [1]
ENC_Resources           0x2000'2154   0x18  Data  Gb  resource_config.o [1]
ENCx                    0x2000'0a64    0x8  Data  Gb  enc.o [1]
ENCx_Init               0x7001'301b    0xe  Code  Gb  enc.o [1]
ENCx_Read               0x7001'3029    0x6  Code  Gb  enc.o [1]
ESensorBindUsrData      0x7001'10ab    0x6  Code  Gb  esensor.o [1]
ESensorEnableFilter     0x7001'1075   0x16  Code  Gb  esensor.o [1]
ESensorEnableGain       0x7001'108b   0x16  Code  Gb  esensor.o [1]
ESensorFilter           0x7001'105d   0x18  Code  Gb  esensor.o [1]
ESensorInit             0x7001'10b9   0x5a  Code  Gb  esensor.o [1]
ESensorMidFilter        0x7001'0fdb   0x3c  Code  Lc  esensor.o [1]
ESensorRead             0x7001'0f91   0x4a  Code  Gb  esensor.o [1]
ESensorReadFromCache    0x7001'10a7    0x4  Code  Gb  esensor.o [1]
ESensorSetGain          0x7001'10a1    0x6  Code  Gb  esensor.o [1]
ESensorSlidingMedianFilter
                        0x7001'1017   0x46  Code  Lc  esensor.o [1]
ESensor_ReadADC         0x7001'10b1    0x8  Code  Gb  esensor.o [1]
FIR_Filter              0x7000'f3b9   0x4e  Code  Gb  filter.o [1]
FLEXIO1_DriverIRQHandler
                        0x7001'2e89    0x2  Code  Gb  fsl_flexio.o [1]
FLEXIO2_DriverIRQHandler
                        0x7001'2e8b    0x2  Code  Gb  fsl_flexio.o [1]
FLEXIO3_DriverIRQHandler
                        0x7001'2e8d    0x2  Code  Gb  fsl_flexio.o [1]
FLEXIO_CommonIRQHandler
                        0x7001'2e61   0x20  Code  Gb  fsl_flexio.o [1]
FLEXSPI_CheckAndClearError
                        0x7001'05f7   0x5e  Code  Gb  fsl_flexspi.o [1]
FLEXSPI_ClearInterruptStatusFlags
                        0x7001'05ef    0x8  Code  Lc  fsl_flexspi.o [1]
FLEXSPI_DisableInterrupts
                        0x7001'05e5    0xa  Code  Lc  fsl_flexspi.o [1]
FLEXSPI_DriverIRQHandler
                        0x7001'07e1    0x8  Code  Gb  fsl_flexspi.o [1]
FLEXSPI_TransferAbort   0x7001'0659   0x2a  Code  Gb  fsl_flexspi.o [1]
FLEXSPI_TransferHandleIRQ
                        0x7001'0683  0x15e  Code  Gb  fsl_flexspi.o [1]
FatFs                   0x2000'1ac4    0xc  Data  Lc  ff.o [1]
FileSys_Init            0x7001'2e31    0x4  Code  Gb  file.o [1]
FileSys_PathIsExists    0x7001'2e35   0x2a  Code  Gb  file.o [1]
Font_code8              0x2000'0a80  0x260  Data  Gb  lcd_driver.o [1]
Fsid                    0x2000'1ac0    0x2  Data  Lc  ff.o [1]
GLED                    0x2000'08c4   0x20  Data  Gb  devices_config.o [1]
GPIO2_Combined_16_31_IRQHandler
                        0x7001'3045    0xc  Code  Gb  irq.o [1]
GPIO_GetInstance        0x7000'4775   0x30  Code  Lc  fsl_gpio.o [1]
GPIO_PinInit            0x7000'47a5   0x56  Code  Gb  fsl_gpio.o [1]
GPIO_PinRead            0x7000'4589   0x26  Code  Lc  fsl_sdmmc_host.o [1]
GPIO_PinRead            0x7000'f7c9   0x26  Code  Lc  LQ_GPIO.o [1]
GPIO_PinSetInterruptConfig
                        0x7000'4841   0x7c  Code  Gb  fsl_gpio.o [1]
GPIO_PinWrite           0x7000'47fd   0x34  Code  Gb  fsl_gpio.o [1]
GPIO_PortClearInterruptFlags
                        0x7000'45b3    0x4  Code  Lc  fsl_sdmmc_host.o [1]
GPIO_PortEnableInterrupts
                        0x7000'f7ef    0x8  Code  Lc  LQ_GPIO.o [1]
GPIO_PortGetInterruptFlags
                        0x7000'45af    0x4  Code  Lc  fsl_sdmmc_host.o [1]
GPIO_Resources          0x2000'1fe4  0x140  Data  Gb  resource_config.o [1]
GPIO_SetPinInterruptConfig
                        0x7000'4773    0x2  Code  Lc  fsl_gpio.o [1]
GPIOx                   0x2000'0a6c   0x14  Data  Gb  gpio.o [1]
GPIOx_Init              0x7001'20a5   0x2c  Code  Gb  gpio.o [1]
GPIOx_Read              0x7001'20d1   0x10  Code  Gb  gpio.o [1]
GPIOx_Reverse           0x7001'20fb   0x12  Code  Gb  gpio.o [1]
GPIOx_SetDir            0x7001'210d    0xc  Code  Gb  gpio.o [1]
GPIOx_Write             0x7001'20e1   0x1a  Code  Gb  gpio.o [1]
GetMotorState           0x7001'002f    0x4  Code  Gb  motor.o [1]
GetServoState           0x7001'02a1    0x4  Code  Gb  servo.o [1]
IOMUXC_SetPinConfig     0x7000'437d    0xc  Code  Lc  board.o [1]
IOMUXC_SetPinConfig     0x7000'f7bd    0xc  Code  Lc  LQ_GPIO.o [1]
IOMUXC_SetPinConfig     0x7000'a77b    0xc  Code  Lc  LQ_PWM.o [1]
IOMUXC_SetPinConfig     0x7001'16df    0xc  Code  Lc  pin_mux.o [1]
IOMUXC_SetPinMux        0x7000'e015   0x1c  Code  Lc  LQ_ADC.o [1]
IOMUXC_SetPinMux        0x7000'faaf   0x1c  Code  Lc  LQ_Encoder.o [1]
IOMUXC_SetPinMux        0x7000'f7a1   0x1c  Code  Lc  LQ_GPIO.o [1]
IOMUXC_SetPinMux        0x7000'a75f   0x1c  Code  Lc  LQ_PWM.o [1]
IOMUXC_SetPinMux        0x7000'd201   0x1c  Code  Lc  LQ_SPI.o [1]
IOMUXC_SetPinMux        0x7000'f451   0x1c  Code  Lc  LQ_UART.o [1]
IOMUXC_SetPinMux        0x7001'16c3   0x1c  Code  Lc  pin_mux.o [1]
IO_Init                 0x7000'57e5   0x52  Code  Gb  fsl_io.o [1]
IO_Transfer             0x7000'5837   0x2c  Code  Gb  fsl_io.o [1]
InStream_Read           0x7001'0a31   0x28  Code  Lc  lz77_init.o [4]
InStream_StepRegion     0x7001'0a1d   0x14  Code  Lc  lz77_init.o [4]
KEY                     0x2000'06fc  0x1c8  Data  Gb  devices_config.o [1]
KEY_BindUsrData         0x7001'0ef7    0x6  Code  Gb  key.o [1]
KEY_DefaultCallBack     0x7001'0efd    0x2  Code  Gb  key.o [1]
KEY_GetEvent            0x7001'0ee7    0x4  Code  Gb  key.o [1]
KEY_GetState            0x7001'0eeb    0x4  Code  Gb  key.o [1]
KEY_Init                0x7001'0f07   0x5c  Code  Gb  key.o [1]
KEY_IsShield            0x7001'0eef    0x4  Code  Gb  key.o [1]
KEY_Read                0x7001'0dd5   0x1c  Code  Gb  key.o [1]
KEY_ReadIOLevel         0x7001'0eff    0x8  Code  Gb  key.o [1]
KEY_Scan                0x7001'0df1   0xe8  Code  Gb  key.o [1]
KEY_SetDownLevel        0x7001'0ef3    0x4  Code  Gb  key.o [1]
KEY_SetShield           0x7001'0ed9    0xe  Code  Gb  key.o [1]
LCD_AddrReset           0x7000'ef2d   0x46  Code  Gb  lcd_driver.o [1]
LCD_DeInit              0x7000'ee27    0xa  Code  Gb  lcd_driver.o [1]
LCD_DrawPoint           0x7000'efc9    0x6  Code  Gb  lcd_driver.o [1]
LCD_Init                0x7000'ec1d  0x20a  Code  Gb  lcd_driver.o [1]
LCD_SoftWareWriteByte   0x7000'ee31   0x4e  Code  Gb  lcd_driver.o [1]
LCD_SoftWareWriteCmd    0x7000'eecd   0x4e  Code  Gb  lcd_driver.o [1]
LCD_SoftWareWriteWord   0x7000'ee7f   0x4e  Code  Gb  lcd_driver.o [1]
LCD_Type                0x2000'1aa6    0x1  Data  Gb  lcd_driver.o [1]
LED_Init                0x7001'2c3f   0x1e  Code  Gb  led.o [1]
LED_OFF                 0x7001'2c27   0x10  Code  Gb  led.o [1]
LED_ON                  0x7001'2c1d    0xa  Code  Gb  led.o [1]
LED_Toggle              0x7001'2c37    0x8  Code  Gb  led.o [1]
LESensor                0x2000'02ac  0x1cc  Data  Gb  devices_config.o [1]
LOG_Init                0x7000'4f75   0x1a  Code  Gb  fsl_log.o [1]
LOG_Pop                 0x7000'4fb3   0x1a  Code  Gb  fsl_log.o [1]
LOG_Push                0x7000'4f91   0x22  Code  Gb  fsl_log.o [1]
LPI2C1_DriverIRQHandler
                        0x7001'21c7    0x6  Code  Gb  fsl_lpi2c.o [1]
LPI2C2_DriverIRQHandler
                        0x7001'21cd    0x6  Code  Gb  fsl_lpi2c.o [1]
LPI2C3_DriverIRQHandler
                        0x7001'21d3    0x6  Code  Gb  fsl_lpi2c.o [1]
LPI2C4_DriverIRQHandler
                        0x7001'21d9    0x6  Code  Gb  fsl_lpi2c.o [1]
LPI2C_CommonIRQHandler  0x7001'2189   0x3e  Code  Lc  fsl_lpi2c.o [1]
LPSPI1_DriverIRQHandler
                        0x7000'bffd   0x24  Code  Gb  fsl_lpspi.o [1]
LPSPI2_DriverIRQHandler
                        0x7000'c021   0x24  Code  Gb  fsl_lpspi.o [1]
LPSPI3_DriverIRQHandler
                        0x7000'c045   0x24  Code  Gb  fsl_lpspi.o [1]
LPSPI4_DriverIRQHandler
                        0x7000'c069   0x24  Code  Gb  fsl_lpspi.o [1]
LPSPI_CheckTransferArgument
                        0x7000'bbdd   0x64  Code  Gb  fsl_lpspi.o [1]
LPSPI_ClearStatusFlags  0x7000'b817    0x4  Code  Lc  fsl_lpspi.o [1]
LPSPI_CombineWriteData  0x7000'be91   0xaa  Code  Lc  fsl_lpspi.o [1]
LPSPI_CommonIRQHandler  0x7000'bfd3   0x24  Code  Lc  fsl_lpspi.o [1]
LPSPI_Enable            0x7000'b7e1   0x16  Code  Lc  fsl_lpspi.o [1]
LPSPI_FlushFifo         0x7000'b833    0xe  Code  Lc  fsl_lpspi.o [1]
LPSPI_GetInstance       0x7000'b85d   0x34  Code  Gb  fsl_lpspi.o [1]
LPSPI_GetRxFifoCount    0x7000'b80f    0x8  Code  Lc  fsl_lpspi.o [1]
LPSPI_GetRxFifoSize     0x7000'b7fb    0xc  Code  Lc  fsl_lpspi.o [1]
LPSPI_GetStatusFlags    0x7000'b7f7    0x4  Code  Lc  fsl_lpspi.o [1]
LPSPI_GetTxFifoCount    0x7000'b807    0x8  Code  Lc  fsl_lpspi.o [1]
LPSPI_IsMaster          0x7000'b82b    0x8  Code  Lc  fsl_lpspi.o [1]
LPSPI_MasterInit        0x7000'b8b5   0xec  Code  Gb  fsl_lpspi.o [1]
LPSPI_MasterSetBaudRate
                        0x7000'b9f1   0xa2  Code  Gb  fsl_lpspi.o [1]
LPSPI_MasterSetDelayScaler
                        0x7000'baa9   0x46  Code  Gb  fsl_lpspi.o [1]
LPSPI_MasterSetDelayTimes
                        0x7000'baf1   0xe2  Code  Gb  fsl_lpspi.o [1]
LPSPI_MasterTransferBlocking
                        0x7000'bc45  0x216  Code  Gb  fsl_lpspi.o [1]
LPSPI_ReadData          0x7000'b855    0x4  Code  Lc  fsl_lpspi.o [1]
LPSPI_Reset             0x7000'b9b1   0x16  Code  Gb  fsl_lpspi.o [1]
LPSPI_SeparateReadData  0x7000'bf3d   0x96  Code  Lc  fsl_lpspi.o [1]
LPSPI_SetDummyData      0x7000'b8a5   0x10  Code  Gb  fsl_lpspi.o [1]
LPSPI_SetFifoWatermarks
                        0x7000'b841   0x10  Code  Lc  fsl_lpspi.o [1]
LPSPI_SetMasterSlaveMode
                        0x7000'b81b   0x10  Code  Lc  fsl_lpspi.o [1]
LPSPI_SetOnePcsPolarity
                        0x7000'b9d5   0x1a  Code  Lc  fsl_lpspi.o [1]
LPSPI_WriteData         0x7000'b851    0x4  Code  Lc  fsl_lpspi.o [1]
LPUART1_DriverIRQHandler
                        0x7000'6615    0xa  Code  Gb  fsl_lpuart.o [1]
LPUART2_DriverIRQHandler
                        0x7000'6625    0xa  Code  Gb  fsl_lpuart.o [1]
LPUART3_DriverIRQHandler
                        0x7000'662f    0xa  Code  Gb  fsl_lpuart.o [1]
LPUART4_DriverIRQHandler
                        0x7000'6639    0xa  Code  Gb  fsl_lpuart.o [1]
LPUART5_DriverIRQHandler
                        0x7000'6643    0xa  Code  Gb  fsl_lpuart.o [1]
LPUART6_DriverIRQHandler
                        0x7000'6651    0xa  Code  Gb  fsl_lpuart.o [1]
LPUART7_DriverIRQHandler
                        0x7000'665b    0xa  Code  Gb  fsl_lpuart.o [1]
LPUART8_DriverIRQHandler
                        0x7000'6669    0xa  Code  Gb  fsl_lpuart.o [1]
LPUART_ClearStatusFlags
                        0x7000'64ed   0x30  Code  Gb  fsl_lpuart.o [1]
LPUART_EnableInterrupts
                        0x7000'64b3   0x2a  Code  Gb  fsl_lpuart.o [1]
LPUART_EnableRx         0x7000'57cf   0x16  Code  Lc  fsl_io.o [1]
LPUART_EnableTx         0x7000'57b9   0x16  Code  Lc  fsl_io.o [1]
LPUART_GetDefaultConfig
                        0x7000'6473   0x40  Code  Gb  fsl_lpuart.o [1]
LPUART_GetInstance      0x7000'623f   0x34  Code  Gb  fsl_lpuart.o [1]
LPUART_GetStatusFlags   0x7000'64dd   0x10  Code  Gb  fsl_lpuart.o [1]
LPUART_Init             0x7000'6273  0x200  Code  Gb  fsl_lpuart.o [1]
LPUART_ReadBlocking     0x7000'6555   0xb4  Code  Gb  fsl_lpuart.o [1]
LPUART_ReadByte         0x7000'f46d   0x26  Code  Lc  LQ_UART.o [1]
LPUART_SoftwareReset    0x7000'622d   0x12  Code  Lc  fsl_lpuart.o [1]
LPUART_WriteBlocking    0x7000'651d   0x36  Code  Gb  fsl_lpuart.o [1]
MYBOARD_USDHC_CD_PORT_IRQ_HANDLER
                        0x7000'4617   0x2a  Code  Gb  fsl_sdmmc_host.o [1]
Motor                   0x2000'08e4   0x7c  Data  Gb  devices_config.o [1]
MotorBindUsrData        0x7001'0033    0x6  Code  Gb  motor.o [1]
MotorBreak              0x7001'0029    0x6  Code  Gb  motor.o [1]
MotorCtrlStrategy       0x7001'1589   0xcc  Code  Gb  control.o [1]
MotorCtrlSysInit        0x7000'ea39   0x20  Code  Gb  ctrlsys.o [1]
MotorDefaultCtrlStrategy
                        0x7001'0075    0xc  Code  Gb  motor.o [1]
MotorDefaultProtect     0x7001'004f   0x26  Code  Gb  motor.o [1]
MotorDriver             0x7001'0089   0x38  Code  Gb  motor.o [1]
MotorGetMaxSpeed        0x7001'003f    0x6  Code  Gb  motor.o [1]
MotorGetMinSpeed        0x7001'0045    0x6  Code  Gb  motor.o [1]
MotorGetPwmValue        0x7001'004b    0x4  Code  Gb  motor.o [1]
MotorGetSpeed           0x7000'ffc3   0x2c  Code  Gb  motor.o [1]
MotorGetSpeedFromCache  0x7000'ffef    0x6  Code  Gb  motor.o [1]
MotorInit               0x7001'00c1   0x84  Code  Gb  motor.o [1]
MotorSetPwmValue        0x7001'0081    0x4  Code  Gb  motor.o [1]
MotorSetSpeed           0x7000'ff3d   0x86  Code  Gb  motor.o [1]
MotorSetSpeedLimit      0x7001'0039    0x6  Code  Gb  motor.o [1]
MotorSetState           0x7001'0085    0x4  Code  Gb  motor.o [1]
MotorSleep              0x7000'fff5    0xc  Code  Gb  motor.o [1]
MotorStart              0x7001'0011    0xc  Code  Gb  motor.o [1]
MotorStop               0x7001'0001   0x10  Code  Gb  motor.o [1]
MotorSys                0x2000'00a4   0x68  Data  Gb  ctrlsys.o [1]
MotorWakeUp             0x7001'001d    0xc  Code  Gb  motor.o [1]
Motor_DecisionUnitRun_AIMode
                        0x7000'f0ed   0x10  Code  Gb  dataprocess.o [1]
Motor_DecisionUnitRun_AutoBootMode
                        0x7000'f1bd   0x10  Code  Gb  dataprocess.o [1]
Motor_DecisionUnitRun_DebugMode
                        0x7000'f329    0x2  Code  Gb  dataprocess.o [1]
Motor_DecisionUnitRun_ManualBootMode
                        0x7000'f29f   0x10  Code  Gb  dataprocess.o [1]
Motor_ExecutionUnitRun  0x7001'1561   0x14  Code  Gb  control.o [1]
Motor_SensorUnitRun     0x7000'efd1   0x18  Code  Gb  dataprocess.o [1]
NormalizeFloat          0x7000'f32d   0x24  Code  Gb  sysmath.o [1]
OSTimeCallBack          0x7001'1305    0xa  Code  Gb  softtimer.o [1]
OSTime_Delayms          0x7001'1c1b    0xc  Code  Gb  ostime.o [1]
OSTime_Delayus          0x7001'1c15    0x6  Code  Gb  ostime.o [1]
OSTime_Get_Timems       0x7001'1c03   0x12  Code  Gb  ostime.o [1]
OSTime_Get_Timeus       0x7001'1bfd    0x6  Code  Gb  ostime.o [1]
OSTime_Init             0x7001'1b81    0x6  Code  Gb  ostime.o [1]
OSTime_Now              0x7001'1b87   0x76  Code  Gb  ostime.o [1]
OS_Init                 0x7001'2c6d   0x38  Code  Gb  os.o [1]
OutStream_Write         0x7001'0a59   0x42  Code  Lc  lz77_init.o [4]
PID_Ctrl                0x7000'eb55   0xc8  Code  Gb  pid_ctrl.o [1]
PID_Init                0x7000'eb0d   0x24  Code  Gb  pid_ctrl.o [1]
PID_SetGain             0x7000'eb47    0xe  Code  Gb  pid_ctrl.o [1]
PID_SetValue            0x7000'eb35   0x12  Code  Gb  pid_ctrl.o [1]
PIN_Dir                 0x7000'f8eb   0x36  Code  Gb  LQ_GPIO.o [1]
PIN_Exti                0x7000'f921  0x10e  Code  Gb  LQ_GPIO.o [1]
PIN_InitConfig          0x7000'f7f7   0xc4  Code  Gb  LQ_GPIO.o [1]
PIN_Read                0x7000'f8bb   0x1a  Code  Gb  LQ_GPIO.o [1]
PIN_Write               0x7000'f8d5   0x16  Code  Gb  LQ_GPIO.o [1]
POWER_ENABLE            0x7001'2aeb    0xa  Code  Gb  henv.o [1]
PWM_GetDefaultConfig    0x7000'b4fd   0x34  Code  Gb  fsl_pwm.o [1]
PWM_GetInstance         0x7000'b389   0x34  Code  Lc  fsl_pwm.o [1]
[...]
UARTx_WriteByte         0x7001'2033    0xc  Code  Gb  uart.o [1]
UARTx_WriteBytes        0x7001'203f   0x30  Code  Gb  uart.o [1]
UDSHC_SelectVoltage     0x7000'3a69   0x1c  Code  Lc  fsl_sdmmc_common.o [1]
UDSHC_SelectVoltage     0x7000'45b7   0x1c  Code  Lc  fsl_sdmmc_host.o [1]
UI                      0x2000'1a20    0x4  Data  Gb  ui.o [1]
UI_Update               0x7001'2cf1   0x2c  Code  Gb  ui.o [1]
USDHC1_DriverIRQHandler
                        0x7000'41b9    0xa  Code  Gb  fsl_usdhc.o [1]
USDHC2_DriverIRQHandler
                        0x7000'41c3    0xa  Code  Gb  fsl_usdhc.o [1]
USDHC_AdjustDelayForManualTuning
                        0x7000'414d   0x18  Code  Gb  fsl_usdhc.o [1]
USDHC_CheckStdTuningResult
                        0x7000'3aa3    0x8  Code  Lc  fsl_sdmmc_common.o [1]
USDHC_CheckTuningError  0x7000'3aab    0x8  Code  Lc  fsl_sdmmc_common.o [1]
USDHC_EnableAutoTuning  0x7000'3a85   0x16  Code  Lc  fsl_sdmmc_common.o [1]
USDHC_EnableDDRMode     0x7000'4109   0x40  Code  Gb  fsl_usdhc.o [1]
USDHC_EnableStandardTuning
                        0x7000'4165   0x50  Code  Gb  fsl_usdhc.o [1]
USDHC_ForceClockOn      0x7000'3a4d   0x1c  Code  Lc  fsl_sdmmc_common.o [1]
USDHC_GetCapability     0x7000'3f91   0x5a  Code  Gb  fsl_usdhc.o [1]
USDHC_GetExecuteStdTuningStatus
                        0x7000'3a9b    0x8  Code  Lc  fsl_sdmmc_common.o [1]
USDHC_GetPresentStatusFlags
                        0x7000'2401    0x4  Code  Lc  fsl_sd.o [1]
USDHC_GetPresentStatusFlags
                        0x7000'3a49    0x4  Code  Lc  fsl_sdmmc_common.o [1]
USDHC_SetCardActive     0x7000'40df   0x2a  Code  Gb  fsl_usdhc.o [1]
USDHC_SetDataBusWidth   0x7000'2405   0x12  Code  Lc  fsl_sd.o [1]
USDHC_SetSdClock        0x7000'3feb   0xf4  Code  Gb  fsl_usdhc.o [1]
Unit_DefaultRun         0x7000'ea75    0x2  Code  Gb  ctrlsys.o [1]
Unit_Init               0x7000'eac7   0x20  Code  Gb  ctrlsys.o [1]
Unit_Sleep              0x7000'ea7d   0x32  Code  Gb  ctrlsys.o [1]
Unit_Start              0x7000'ea77    0x6  Code  Gb  ctrlsys.o [1]
Unit_Stop               0x7000'eac1    0x6  Code  Gb  ctrlsys.o [1]
Unit_WakeUp             0x7000'eaaf    0xc  Code  Gb  ctrlsys.o [1]
Unit_WakeUpCallBack     0x7000'eabd    0x4  Code  Gb  ctrlsys.o [1]
XBARA_SetSignalsConnection
                        0x7000'ff15   0x26  Code  Gb  fsl_xbara.o [1]
ZI$$Base                0x2000'1ac0          --   Gb  - Linker created -
ZI$$Limit               0x2000'22c0          --   Gb  - Linker created -
_Get                    0x7000'8d49   0x12  Code  Lc  xscanffull_nomb.o [2]
_GetN                   0x7000'8d5b   0x22  Code  Lc  xscanffull_nomb.o [2]
_GetstrFullNoMb         0x7000'98f9  0x1a2  Code  Lc  xscanffull_nomb.o [2]
_LCD_DrawPoint          0x7000'ef73   0x56  Code  Gb  lcd_driver.o [1]
_LitobFullNoMb          0x7000'79d9  0x10a  Code  Lc  xprintffull_nomb.o [2]
_LocaleC_isalpha        0x7000'7d63    0xc  Code  Gb  xlocale_c.o [2]
_LocaleC_islower        0x7000'7d5d    0x4  Code  Gb  xlocale_c.o [2]
_LocaleC_isspace        0x7000'7d79   0x14  Code  Gb  xlocale_c.o [2]
_LocaleC_isupper        0x7000'7d61    0x2  Code  Gb  xlocale_c.o [2]
_LocaleC_tolower        0x7000'7d8d    0xc  Code  Gb  xlocale_c.o [2]
_Locale_lconv           0x2000'1a24   0x38  Data  Lc  xlocale_c.o [2]
_PrintfFullNoMb         0x7000'6c19  0xd9c  Code  Gb  xprintffull_nomb.o [2]
_PutcharFullNoMb        0x7000'7b49   0x20  Code  Lc  xprintffull_nomb.o [2]
_PutcharsFullNoMb       0x7000'7b69   0x2e  Code  Lc  xprintffull_nomb.o [2]
_SProut                 0x7000'3f87    0xa  Code  Gb  xsprout.o [2]
_SScin                  0x7000'3ec3   0x1e  Code  Gb  xsscin.o [2]
_ScanfFullNoMb          0x7000'8d99  0xb02  Code  Gb  xscanffull_nomb.o [2]
_UngetN                 0x7000'8d7d   0x1a  Code  Lc  xscanffull_nomb.o [2]
__NVIC_SetPriority      0x7001'1779   0x1a  Code  Lc  LQ_SYSTICK.o [1]
__NVIC_SetPriorityGrouping
                        0x7001'2ad1   0x1a  Code  Lc  henv.o [1]
__RAM_VECTOR_TABLE_SIZE {Abs}
                              0x400         Data  Gb  <internal module>
__VECTOR_RAM {Abs}      0x7000'2000         Data  Gb  <internal module>
__VECTOR_TABLE {Abs}    0x7000'2000         Data  Gb  <internal module>
__Vectors               0x7000'2000          --   Gb  startup_MIMXRT1064.o [1]
__Vectors_End           0x7000'2400         Data  Gb  startup_MIMXRT1064.o [1]
__Vectors_Size {Abs}          0x400          --   Gb  startup_MIMXRT1064.o [1]
__aeabi_assert          0x7000'3a31   0x18  Code  Gb  fsl_assert.o [1]
__aeabi_cdcmple         0x7000'7c91         Code  Gb  DblCmpLe.o [3]
__aeabi_cdrcmple        0x7000'7cc1         Code  Gb  DblCmpGe.o [3]
__aeabi_d2f             0x7000'9b3b    0xe  Code  Gb  DblToFlt.o [3]
__aeabi_d2iz            0x7000'7cef    0xe  Code  Gb  DblToS32.o [3]
__aeabi_d2lz            0x7000'60f5         Code  Gb  DblToS64.o [3]
__aeabi_d2uiz           0x7000'7d2f    0xe  Code  Gb  DblToU32.o [3]
__aeabi_ddiv            0x7000'7d1d   0x12  Code  Gb  DblDiv.o [3]
__aeabi_dmul            0x7000'7d4b   0x12  Code  Gb  DblMul.o [3]
__aeabi_dsub            0x7000'7d0b   0x12  Code  Gb  DblSub.o [3]
__aeabi_i2d             0x7000'7cfd    0xe  Code  Gb  S32ToDbl.o [3]
__aeabi_l2d             0x7000'6151         Code  Gb  S64ToDbl.o [3]
__aeabi_ldiv0           0x7000'6721         Code  Gb  I64DivZer.o [4]
__aeabi_ldivmod         0x7000'5875         Code  Gb  I64DivMod.o [4]
__aeabi_memclr4         0x7000'3ebd         Code  Gb  ABImemclr4.o [4]
__aeabi_memcpy          0x7000'3ee1         Code  Gb  ABImemcpy.o [4]
__aeabi_memcpy4         0x7000'3f01         Code  Gb  ABImemcpy.o [4]
__aeabi_memcpy8         0x7000'3f01         Code  Gb  ABImemcpy.o [4]
__aeabi_memset4         0x7000'3e49         Code  Gb  ABImemset48.o [4]
__aeabi_memset8         0x7000'3e49         Code  Gb  ABImemset48.o [4]
__aeabi_ui2d            0x7000'7d3d    0xe  Code  Gb  U32ToDbl.o [3]
__aeabi_uldivmod        0x7000'58b9         Code  Gb  I64DivMod.o [4]
__cmain                 0x7001'2fed         Code  Gb  cmain.o [4]
__exit                  0x7000'7db1         Code  Gb  XXexit.o [4]
__iar_Exp64             0x7000'67ad  0x368  Code  Gb  iar_Exp64.o [3]
__iar_Fail_s            0x7000'7bf9   0x1c  Code  Gb  xfail_s.o [2]
__iar_Memchr            0x7000'7c39         Code  Gb  memchr.o [4]
__iar_Memset4_word      0x7000'3e51         Code  Gb  ABImemset48.o [4]
__iar_Memset8_word      0x7000'3e51         Code  Gb  ABImemset48.o [4]
__iar_Sto64             0x7000'a069  0x142  Code  Gb  strto64.o [3]
__iar_Stoflt            0x7000'a329  0x1b8  Code  Gb  iar_Stoflt.o [2]
__iar_Stollx            0x7000'9cfd   0xa0  Code  Gb  iar_Stollx.o [2]
__iar_Stopfx            0x7000'a205  0x122  Code  Gb  iar_Stopfx.o [2]
__iar_Stoullx           0x7000'9b49  0x1a4  Code  Gb  iar_Stoullx.o [2]
__iar_Stoxflt           0x7000'a4e1  0x1d2  Code  Gb  iar_Stoxflt.o [2]
__iar_Stoxflt::digits   0x7000'a6b8   0x18  Data  Lc  iar_Stoxflt.o [2]
__iar_Stoxflt::vals     0x7000'a6d0   0x18  Data  Lc  iar_Stoxflt.o [2]
__iar_Strchr            0x7000'7be1         Code  Gb  strchr.o [4]
__iar_data_init3        0x7001'2ee5   0x28  Code  Gb  data_init.o [4]
__iar_frexp             0x7000'6749         Code  Gb  frexp.o [3]
__iar_frexp64           0x7000'6725         Code  Gb  frexp.o [3]
__iar_frexpl            0x7000'6749         Code  Gb  frexp.o [3]
__iar_globLocale        0x2000'1a5c   0x48  Data  Lc  xlocale_c.o [2]
__iar_global_Locale     0x7000'7d99    0x4  Code  Gb  xlocale_c.o [2]
__iar_init_vfp          0x7001'2f7d         Code  Gb  fpinit_M.o [3]
__iar_ldexp64           0x7000'6b29         Code  Gb  ldexp.o [3]
__iar_lz77_init3        0x7001'0a9b  0x16e  Code  Gb  lz77_init.o [4]
__iar_modf              0x7000'5af9         Code  Gb  modf.o [3]
__iar_modf64            0x7000'5ae9         Code  Gb  modf.o [3]
__iar_modfl             0x7000'5af9         Code  Gb  modf.o [3]
__iar_pow64             0x7000'5b89  0x518  Code  Gb  pow64.o [3]
__iar_pow_medium        0x7000'5b89  0x518  Code  Gb  pow64.o [3]
__iar_pow_medium64      0x7000'5b89  0x518  Code  Gb  pow64.o [3]
__iar_pow_mediuml       0x7000'5b89  0x518  Code  Gb  pow64.o [3]
__iar_program_start     0x7001'305d         Code  Gb  cstartup_M.o [4]
__iar_scalbln64         0x7000'6b29         Code  Gb  ldexp.o [3]
__iar_scalbn64          0x7000'6b29         Code  Gb  ldexp.o [3]
__iar_softfp___iar_Sto64
                        0x7000'9b33    0x8  Code  Gb  math_wrappers64.o [3]
__iar_softfp___iar_frexp64
                        0x7000'673d         Code  Gb  frexp.o [3]
__iar_softfp___iar_ldexp64
                        0x7000'6b15         Code  Gb  ldexp.o [3]
__iar_softfp___iar_scalbln64
                        0x7000'6b15         Code  Gb  ldexp.o [3]
__iar_softfp___iar_scalbn64
                        0x7000'6b15         Code  Gb  ldexp.o [3]
__iar_softfp_frexp      0x7000'673d         Code  Gb  frexp.o [3]
__iar_softfp_frexpl     0x7000'673d         Code  Gb  frexp.o [3]
__iar_softfp_ldexp      0x7000'6b15         Code  Gb  ldexp.o [3]
__iar_softfp_ldexpl     0x7000'6b15         Code  Gb  ldexp.o [3]
__iar_softfp_scalbln    0x7000'6b15         Code  Gb  ldexp.o [3]
__iar_softfp_scalblnl   0x7000'6b15         Code  Gb  ldexp.o [3]
__iar_softfp_scalbn     0x7000'6b15         Code  Gb  ldexp.o [3]
__iar_softfp_scalbnl    0x7000'6b15         Code  Gb  ldexp.o [3]
__iar_zero_init3        0x7000'3e83   0x3a  Code  Gb  zero_init3.o [4]
__vector_table          0x7000'2000         Data  Gb  startup_MIMXRT1064.o [1]
__vector_table_0x1c     0x7000'201c         Data  Gb  startup_MIMXRT1064.o [1]
_call_main              0x7001'2ff9         Code  Gb  cmain.o [4]
_exit                   0x7001'3011         Code  Gb  cexit.o [4]
_main                   0x7001'3007         Code  Gb  cmain.o [4]
abort                   0x7000'7da9    0x6  Code  Gb  abort.o [2]
abs                     0x7001'019d    0x8  Code  Gb  abs.o [2]
armPllConfig_BOARD_BootClockRUN
                        0x7000'd1a4    0x8  Data  Gb  clock_config.o [1]
boot_data               0x7000'1020   0x10  Data  Gb  fsl_flexspi_nor_boot.o [1]
check_fs                0x7000'8735   0x6a  Code  Lc  ff.o [1]
chk_chr                 0x7000'7e2b   0x12  Code  Lc  ff.o [1]
clst2sect               0x7000'7ee7   0x1a  Code  Lc  ff.o [1]
create_chain            0x7000'813b   0xf4  Code  Lc  ff.o [1]
create_name             0x7000'8511  0x128  Code  Lc  ff.o [1]
data_pointer            0x2000'1f50    0x2  Data  Gb  parameter.o [1]
dbc_1st                 0x7000'7e3d   0x12  Code  Lc  ff.o [1]
dbc_2nd                 0x7000'7e4f   0x18  Code  Lc  ff.o [1]
dcd_data                0x7000'a326    0x1  Data  Gb  evkmimxrt1064_sdram_ini_dcd.o [1]
digits                  0x7001'2ba4   0x28  Data  Lc  iar_Stoullx.o [2]
dir_alloc               0x7000'83e1   0x4e  Code  Lc  ff.o [1]
dir_clear               0x7000'822f   0x58  Code  Lc  ff.o [1]
dir_find                0x7000'847f   0x56  Code  Lc  ff.o [1]
dir_next                0x7000'8325   0xbc  Code  Lc  ff.o [1]
dir_register            0x7000'84d5   0x3a  Code  Lc  ff.o [1]
dir_sdi                 0x7000'8287   0x9e  Code  Lc  ff.o [1]
disk_initialize         0x7000'8c95    0xe  Code  Gb  diskio.o [1]
disk_read               0x7000'8ca3   0x10  Code  Gb  diskio.o [1]
disk_status             0x7000'8c87    0xe  Code  Gb  diskio.o [1]
disk_write              0x7000'8cb3   0x10  Code  Gb  diskio.o [1]
dmul                    0x7000'9da5   0xc4  Code  Lc  strto64.o [3]
exit                    0x7001'300b    0x4  Code  Gb  exit.o [2]
f_open                  0x7000'8a3d  0x1c2  Code  Gb  ff.o [1]
f_opendir               0x7000'8c19   0x6e  Code  Gb  ff.o [1]
find_volume             0x7000'87a9  0x290  Code  Lc  ff.o [1]
follow_path             0x7000'8649   0xa0  Code  Lc  ff.o [1]
frexp                   0x7000'6725         Code  Gb  frexp.o [3]
frexpl                  0x7000'6725         Code  Gb  frexp.o [3]
g_eventCardDetect       0x2000'1eec    0x4  Data  Lc  fsl_sdmmc_event.o [1]
g_eventTimeMilliseconds
                        0x2000'1ef4    0x4  Data  Gb  fsl_sdmmc_event.o [1]
g_eventTransferComplete
                        0x2000'1ef0    0x4  Data  Lc  fsl_sdmmc_event.o [1]
g_lpspiDummyData        0x2000'1bec    0x8  Data  Gb  fsl_lpspi.o [1]
g_reTuningFlag          0x2000'1f28    0x4  Data  Gb  fsl_sdmmc_host.o [1]
g_rtcXtalFreq           0x2000'1ad8    0x4  Data  Gb  fsl_clock.o [1]
g_sd                    0x2000'1c1c   0xd0  Data  Gb  fsl_sd_disk.o [1]
g_sdmmc                 0x2000'1cec  0x200  Data  Gb  fsl_sdmmc_common.o [1]
g_usdhcHandle           0x2000'1ef8   0x2c  Data  Gb  fsl_sdmmc_host.o [1]
g_usdhcTransferStatus   0x2000'1f24    0x4  Data  Gb  fsl_sdmmc_host.o [1]
g_xtalFreq              0x2000'1ad4    0x4  Data  Gb  fsl_clock.o [1]
get_fat                 0x7000'7f01   0xca  Code  Lc  ff.o [1]
get_ldnumber            0x7000'86e9   0x4a  Code  Lc  ff.o [1]
image_vector_table      0x7000'1000   0x20  Data  Gb  fsl_flexspi_nor_boot.o [1]
isalpha                 0x7000'9b19   0x14  Code  Gb  isalpha.o [2]
isspace                 0x7000'9b05   0x14  Code  Gb  isspace.o [2]
ld_clust                0x7000'842f   0x26  Code  Lc  ff.o [1]
ld_dword                0x7000'7dc7   0x16  Code  Lc  ff.o [1]
ld_word                 0x7000'7dbd    0xa  Code  Lc  ff.o [1]
ldexp                   0x7000'6b29         Code  Gb  ldexp.o [3]
ldexpl                  0x7000'6b29         Code  Gb  ldexp.o [3]
lnbias                  0x7000'db68  0x420  Data  Lc  pow64.o [3]
localeconv              0x7000'7d9d    0x4  Code  Gb  xlocale_c.o [2]
lqtimer                 0x2000'1f40   0x10  Data  Gb  LQ_SYSTICK.o [1]
m_boot_hdr_conf_start {Abs}
                        0x7000'0000         Data  Gb  <internal module>
main                    0x7001'2dd1   0x20  Code  Gb  main.o [1]
mem_cmp                 0x7000'7e11   0x1a  Code  Lc  ff.o [1]
mem_cpy                 0x7000'7df5   0x12  Code  Lc  ff.o [1]
mem_set                 0x7000'7e07    0xa  Code  Lc  ff.o [1]
memchr                  0x7000'7c39         Code  Gb  memchr.o [4]
modf                    0x7000'5ae9         Code  Gb  modf.o [3]
modfl                   0x7000'5ae9         Code  Gb  modf.o [3]
move_window             0x7000'7eb1   0x36  Code  Lc  ff.o [1]
ndigs                   0x7001'2b7c   0x28  Data  Lc  iar_Stoullx.o [2]
os                      0x2000'1624   0xd8  Data  Gb  os.o [1]
pow                     0x7000'5b89  0x518  Code  Gb  pow64.o [3]
powl                    0x7000'5b89  0x518  Code  Gb  pow64.o [3]
pows                    0x7001'2ca8   0x48  Data  Lc  strto64.o [3]
put_fat                 0x7000'7fcb   0xfc  Code  Lc  ff.o [1]
qspiflash_config        0x7000'0000  0x200  Data  Gb  evkmimxrt1064_flexspi_nor_config.o [1]
ranmatch                0x7000'98b5   0x42  Code  Lc  xscanffull_nomb.o [2]
remove_chain            0x7000'80c7   0x74  Code  Lc  ff.o [1]
rt_pin_map              0x2000'0ce0  0x930  Data  Lc  LQ_GPIO.o [1]
s_EDMAHandle            0x2000'1ae4   0x80  Data  Lc  fsl_edma.o [1]
s_adcBases              0x7000'e634    0xc  Data  Lc  fsl_adc.o [1]
s_adcClocks             0x7000'e640    0x8  Data  Lc  fsl_adc.o [1]
s_baudratePrescaler     0x7000'bbd4    0x8  Data  Lc  fsl_lpspi.o [1]
s_csiHandle             0x2000'1adc    0x4  Data  Lc  fsl_csi.o [1]
s_csiIsr                0x2000'1ae0    0x4  Data  Lc  fsl_csi.o [1]
s_debugConsoleIO        0x2000'1b98    0x8  Data  Lc  fsl_io.o [1]
s_edmaIRQNumber         0x7001'03cc   0x40  Data  Lc  fsl_edma.o [1]
s_encBases              0x7000'fef4   0x14  Data  Lc  fsl_enc.o [1]
s_encClocks             0x7000'ff08    0xc  Data  Lc  fsl_enc.o [1]
s_flexcanHandle         0x2000'1b64   0x10  Data  Lc  fsl_flexcan.o [1]
s_flexcanIsr            0x2000'1b74    0x4  Data  Lc  fsl_flexcan.o [1]
s_flexioHandle          0x2000'1b78    0x8  Data  Lc  fsl_flexio.o [1]
s_flexioIsr             0x2000'1b88    0x8  Data  Lc  fsl_flexio.o [1]
s_flexioType            0x2000'1b80    0x8  Data  Lc  fsl_flexio.o [1]
s_flexspiHandle         0x2000'1b90    0x8  Data  Lc  fsl_flexspi.o [1]
s_gpioBases             0x7001'19f8   0x28  Data  Lc  fsl_gpio.o [1]
s_gpioClock             0x7000'48d4    0xc  Data  Lc  fsl_gpio.o [1]
s_lpi2cMasterHandle     0x2000'1ba4   0x14  Data  Lc  fsl_lpi2c.o [1]
s_lpi2cMasterIsr        0x2000'1ba0    0x4  Data  Lc  fsl_lpi2c.o [1]
s_lpi2cSlaveHandle      0x2000'1bbc   0x14  Data  Lc  fsl_lpi2c.o [1]
s_lpi2cSlaveIsr         0x2000'1bb8    0x4  Data  Lc  fsl_lpi2c.o [1]
s_lpspiBases            0x7000'b890   0x14  Data  Lc  fsl_lpspi.o [1]
s_lpspiClocks           0x7000'b9c8    0xc  Data  Lc  fsl_lpspi.o [1]
s_lpspiHandle           0x2000'1bd0   0x14  Data  Lc  fsl_lpspi.o [1]
s_lpspiMasterIsr        0x2000'1be4    0x4  Data  Lc  fsl_lpspi.o [1]
s_lpspiSlaveIsr         0x2000'1be8    0x4  Data  Lc  fsl_lpspi.o [1]
s_lpuartBases           0x7001'1868   0x24  Data  Lc  fsl_lpuart.o [1]
s_lpuartClock           0x7000'670c   0x14  Data  Lc  fsl_lpuart.o [1]
s_lpuartHandle          0x2000'1bf4   0x24  Data  Lc  fsl_lpuart.o [1]
s_lpuartIsr             0x2000'1c18    0x4  Data  Lc  fsl_lpuart.o [1]
s_pwmBases              0x7000'b77c   0x14  Data  Lc  fsl_pwm.o [1]
s_pwmClocks             0x7001'1abc   0x28  Data  Lc  fsl_pwm.o [1]
s_sdInsertedFlag        0x2000'1f2c    0x1  Data  Lc  fsl_sdmmc_host.o [1]
s_usdhcHandle           0x2000'1f30    0xc  Data  Lc  fsl_usdhc.o [1]
s_usdhcIsr              0x2000'1f3c    0x4  Data  Lc  fsl_usdhc.o [1]
scalbln                 0x7000'6b29         Code  Gb  ldexp.o [3]
scalblnl                0x7000'6b29         Code  Gb  ldexp.o [3]
scalbn                  0x7000'6b29         Code  Gb  ldexp.o [3]
scalbnl                 0x7000'6b29         Code  Gb  ldexp.o [3]
scale                   0x7000'7ae3   0x46  Code  Lc  xprintffull_nomb.o [2]
sd_disk_initialize      0x7000'8d05   0x40  Code  Gb  fsl_sd_disk.o [1]
sd_disk_read            0x7000'8cdf   0x1a  Code  Gb  fsl_sd_disk.o [1]
sd_disk_status          0x7000'8cf9    0xc  Code  Gb  fsl_sd_disk.o [1]
sd_disk_write           0x7000'8cc5   0x1a  Code  Gb  fsl_sd_disk.o [1]
sec_hand                0x2000'22bc    0x4  Data  Lc  xfail_s.o [2]
softTimer               0x2000'2188  0x134  Data  Lc  softtimer.o [1]
softTimerBase           0x2000'2184    0x4  Data  Lc  softtimer.o [1]
st_clust                0x7000'8455   0x2a  Code  Lc  ff.o [1]
st_dword                0x7000'7de5   0x10  Code  Lc  ff.o [1]
st_word                 0x7000'7ddd    0x8  Code  Lc  ff.o [1]
strchr                  0x7000'7be1         Code  Gb  strchr.o [4]
strlen                  0x7000'61a5         Code  Gb  strlen.o [4]
strtoll                 0x7000'9d9d    0x2  Code  Gb  iar_Stollx.o [2]
strtoull                0x7000'9cf5    0x2  Code  Gb  iar_Stoullx.o [2]
sync_window             0x7000'7e67   0x4a  Code  Lc  ff.o [1]
sysPllConfig_BOARD_BootClockRUN
                        0x7000'd1ac   0x10  Data  Gb  clock_config.o [1]
systime                 0x2000'1610   0x14  Data  Gb  LQ_SYSTICK.o [1]
systime_delay_ms        0x7001'182f   0x1a  Code  Gb  LQ_SYSTICK.o [1]
systime_delay_us        0x7001'1817   0x18  Code  Gb  LQ_SYSTICK.o [1]
systime_get_current_time_ms
                        0x7001'17e1   0x18  Code  Lc  LQ_SYSTICK.o [1]
systime_get_current_time_us
                        0x7001'17f9   0x1e  Code  Lc  LQ_SYSTICK.o [1]
systime_init            0x7001'17bb   0x26  Code  Gb  LQ_SYSTICK.o [1]
tolower                 0x7000'a1f1   0x14  Code  Gb  tolower.o [2]
vsprintf                0x7000'ca61   0x34  Code  Gb  vsprintf.o [2]
vsscanf                 0x7001'09fd   0x20  Code  Gb  vsscanf.o [2]


[1] = D:\Onedrive\OneDrive\Car\AI-SmartCar\RTProject\AiVisionCar\Example\example\iar\flexspi_nor_release\Obj
[2] = dl7M_tlf.a
[3] = m7M_tlv.a
[4] = rt7M_tl.a

  63'336 bytes of readonly  code memory
   9'396 bytes of readonly  data memory
  25'255 bytes of readwrite data memory

Errors: none
Warnings: none
