###############################################################################
#
# IAR ELF Linker V8.40.1.212/W32 for ARM                  16/Mar/2021  18:02:51
# Copyright 2007-2019 IAR Systems AB.
#
#    Output file  =
#        D:\Onedrive\OneDrive\Car\AI-SmartCar\RTProject\AIVisionCar\Example\example\iar\flexspi_nor_release\Exe\IMXRT1064.out
#    Map file     =
#        D:\Onedrive\OneDrive\Car\AI-SmartCar\RTProject\AIVisionCar\Example\example\iar\flexspi_nor_release\List\IMXRT1064.map
#    Command line =
#        -f E:\Users\936305~1\AppData\Local\Temp\EW516F.tmp
#        (D:\Onedrive\OneDrive\Car\AI-SmartCar\RTProject\AIVisionCar\Example\example\iar\flexspi_nor_release\Obj\adc.o
#        D:\Onedrive\OneDrive\Car\AI-SmartCar\RTProject\AIVisionCar\Example\example\iar\flexspi_nor_release\Obj\ano_dt.o
#        D:\Onedrive\OneDrive\Car\AI-SmartCar\RTProject\AIVisionCar\Example\example\iar\flexspi_nor_release\Obj\app.o
#        D:\Onedrive\OneDrive\Car\AI-SmartCar\RTProject\AIVisionCar\Example\example\iar\flexspi_nor_release\Obj\beep.o
#        D:\Onedrive\OneDrive\Car\AI-SmartCar\RTProject\AIVisionCar\Example\example\iar\flexspi_nor_release\Obj\bluetooth.o
#        D:\Onedrive\OneDrive\Car\AI-SmartCar\RTProject\AIVisionCar\Example\example\iar\flexspi_nor_release\Obj\board.o
#        D:\Onedrive\OneDrive\Car\AI-SmartCar\RTProject\AIVisionCar\Example\example\iar\flexspi_nor_release\Obj\camera.o
#        D:\Onedrive\OneDrive\Car\AI-SmartCar\RTProject\AIVisionCar\Example\example\iar\flexspi_nor_release\Obj\capture.o
#        D:\Onedrive\OneDrive\Car\AI-SmartCar\RTProject\AIVisionCar\Example\example\iar\flexspi_nor_release\Obj\clock_config.o
#        D:\Onedrive\OneDrive\Car\AI-SmartCar\RTProject\AIVisionCar\Example\example\iar\flexspi_nor_release\Obj\communicate.o
#        D:\Onedrive\OneDrive\Car\AI-SmartCar\RTProject\AIVisionCar\Example\example\iar\flexspi_nor_release\Obj\console.o
#        D:\Onedrive\OneDrive\Car\AI-SmartCar\RTProject\AIVisionCar\Example\example\iar\flexspi_nor_release\Obj\control.o
#        D:\Onedrive\OneDrive\Car\AI-SmartCar\RTProject\AIVisionCar\Example\example\iar\flexspi_nor_release\Obj\ctrlsys.o
#        D:\Onedrive\OneDrive\Car\AI-SmartCar\RTProject\AIVisionCar\Example\example\iar\flexspi_nor_release\Obj\dataprocess.o
#        D:\Onedrive\OneDrive\Car\AI-SmartCar\RTProject\AIVisionCar\Example\example\iar\flexspi_nor_release\Obj\demo.o
#        D:\Onedrive\OneDrive\Car\AI-SmartCar\RTProject\AIVisionCar\Example\example\iar\flexspi_nor_release\Obj\devices_config.o
#        D:\Onedrive\OneDrive\Car\AI-SmartCar\RTProject\AIVisionCar\Example\example\iar\flexspi_nor_release\Obj\dipswitch.o
#        D:\Onedrive\OneDrive\Car\AI-SmartCar\RTProject\AIVisionCar\Example\example\iar\flexspi_nor_release\Obj\diskio.o
#        D:\Onedrive\OneDrive\Car\AI-SmartCar\RTProject\AIVisionCar\Example\example\iar\flexspi_nor_release\Obj\dma.o
#        D:\Onedrive\OneDrive\Car\AI-SmartCar\RTProject\AIVisionCar\Example\example\iar\flexspi_nor_release\Obj\element.nncu.o
#        D:\Onedrive\OneDrive\Car\AI-SmartCar\RTProject\AIVisionCar\Example\example\iar\flexspi_nor_release\Obj\element.o
#        D:\Onedrive\OneDrive\Car\AI-SmartCar\RTProject\AIVisionCar\Example\example\iar\flexspi_nor_release\Obj\enc.o
#        D:\Onedrive\OneDrive\Car\AI-SmartCar\RTProject\AIVisionCar\Example\example\iar\flexspi_nor_release\Obj\esensor.o
#        D:\Onedrive\OneDrive\Car\AI-SmartCar\RTProject\AIVisionCar\Example\example\iar\flexspi_nor_release\Obj\evkmimxrt1064_flexspi_nor_config.o
#        D:\Onedrive\OneDrive\Car\AI-SmartCar\RTProject\AIVisionCar\Example\example\iar\flexspi_nor_release\Obj\evkmimxrt1064_sdram_ini_dcd.o
#        D:\Onedrive\OneDrive\Car\AI-SmartCar\RTProject\AIVisionCar\Example\example\iar\flexspi_nor_release\Obj\ff.o
#        D:\Onedrive\OneDrive\Car\AI-SmartCar\RTProject\AIVisionCar\Example\example\iar\flexspi_nor_release\Obj\ffsystem.o
#        D:\Onedrive\OneDrive\Car\AI-SmartCar\RTProject\AIVisionCar\Example\example\iar\flexspi_nor_release\Obj\ffunicode.o
#        D:\Onedrive\OneDrive\Car\AI-SmartCar\RTProject\AIVisionCar\Example\example\iar\flexspi_nor_release\Obj\file.o
#        D:\Onedrive\OneDrive\Car\AI-SmartCar\RTProject\AIVisionCar\Example\example\iar\flexspi_nor_release\Obj\filter.o
#        D:\Onedrive\OneDrive\Car\AI-SmartCar\RTProject\AIVisionCar\Example\example\iar\flexspi_nor_release\Obj\foo.o
#        D:\Onedrive\OneDrive\Car\AI-SmartCar\RTProject\AIVisionCar\Example\example\iar\flexspi_nor_release\Obj\fsl_adc.o
#        D:\Onedrive\OneDrive\Car\AI-SmartCar\RTProject\AIVisionCar\Example\example\iar\flexspi_nor_release\Obj\fsl_assert.o
#        D:\Onedrive\OneDrive\Car\AI-SmartCar\RTProject\AIVisionCar\Example\example\iar\flexspi_nor_release\Obj\fsl_cache.o
#        D:\Onedrive\OneDrive\Car\AI-SmartCar\RTProject\AIVisionCar\Example\example\iar\flexspi_nor_release\Obj\fsl_clock.o
#        D:\Onedrive\OneDrive\Car\AI-SmartCar\RTProject\AIVisionCar\Example\example\iar\flexspi_nor_release\Obj\fsl_common.o
#        D:\Onedrive\OneDrive\Car\AI-SmartCar\RTProject\AIVisionCar\Example\example\iar\flexspi_nor_release\Obj\fsl_csi.o
#        D:\Onedrive\OneDrive\Car\AI-SmartCar\RTProject\AIVisionCar\Example\example\iar\flexspi_nor_release\Obj\fsl_csi_camera_adapter.o
#        D:\Onedrive\OneDrive\Car\AI-SmartCar\RTProject\AIVisionCar\Example\example\iar\flexspi_nor_release\Obj\fsl_debug_console.o
#        D:\Onedrive\OneDrive\Car\AI-SmartCar\RTProject\AIVisionCar\Example\example\iar\flexspi_nor_release\Obj\fsl_dmamux.o
#        D:\Onedrive\OneDrive\Car\AI-SmartCar\RTProject\AIVisionCar\Example\example\iar\flexspi_nor_release\Obj\fsl_edma.o
#        D:\Onedrive\OneDrive\Car\AI-SmartCar\RTProject\AIVisionCar\Example\example\iar\flexspi_nor_release\Obj\fsl_enc.o
#        D:\Onedrive\OneDrive\Car\AI-SmartCar\RTProject\AIVisionCar\Example\example\iar\flexspi_nor_release\Obj\fsl_flexcan.o
#        D:\Onedrive\OneDrive\Car\AI-SmartCar\RTProject\AIVisionCar\Example\example\iar\flexspi_nor_release\Obj\fsl_flexio.o
#        D:\Onedrive\OneDrive\Car\AI-SmartCar\RTProject\AIVisionCar\Example\example\iar\flexspi_nor_release\Obj\fsl_flexio_camera.o
#        D:\Onedrive\OneDrive\Car\AI-SmartCar\RTProject\AIVisionCar\Example\example\iar\flexspi_nor_release\Obj\fsl_flexio_camera_edma.o
#        D:\Onedrive\OneDrive\Car\AI-SmartCar\RTProject\AIVisionCar\Example\example\iar\flexspi_nor_release\Obj\fsl_flexspi.o
#        D:\Onedrive\OneDrive\Car\AI-SmartCar\RTProject\AIVisionCar\Example\example\iar\flexspi_nor_release\Obj\fsl_flexspi_nor_boot.o
#        D:\Onedrive\OneDrive\Car\AI-SmartCar\RTProject\AIVisionCar\Example\example\iar\flexspi_nor_release\Obj\fsl_gpio.o
#        D:\Onedrive\OneDrive\Car\AI-SmartCar\RTProject\AIVisionCar\Example\example\iar\flexspi_nor_release\Obj\fsl_gpt.o
#        D:\Onedrive\OneDrive\Car\AI-SmartCar\RTProject\AIVisionCar\Example\example\iar\flexspi_nor_release\Obj\fsl_io.o
#        D:\Onedrive\OneDrive\Car\AI-SmartCar\RTProject\AIVisionCar\Example\example\iar\flexspi_nor_release\Obj\fsl_log.o
#        D:\Onedrive\OneDrive\Car\AI-SmartCar\RTProject\AIVisionCar\Example\example\iar\flexspi_nor_release\Obj\fsl_lpi2c.o
#        D:\Onedrive\OneDrive\Car\AI-SmartCar\RTProject\AIVisionCar\Example\example\iar\flexspi_nor_release\Obj\fsl_lpspi.o
#        D:\Onedrive\OneDrive\Car\AI-SmartCar\RTProject\AIVisionCar\Example\example\iar\flexspi_nor_release\Obj\fsl_lpuart.o
#        D:\Onedrive\OneDrive\Car\AI-SmartCar\RTProject\AIVisionCar\Example\example\iar\flexspi_nor_release\Obj\fsl_lpuart_edma.o
#        D:\Onedrive\OneDrive\Car\AI-SmartCar\RTProject\AIVisionCar\Example\example\iar\flexspi_nor_release\Obj\fsl_pit.o
#        D:\Onedrive\OneDrive\Car\AI-SmartCar\RTProject\AIVisionCar\Example\example\iar\flexspi_nor_release\Obj\fsl_pwm.o
#        D:\Onedrive\OneDrive\Car\AI-SmartCar\RTProject\AIVisionCar\Example\example\iar\flexspi_nor_release\Obj\fsl_qtmr.o
#        D:\Onedrive\OneDrive\Car\AI-SmartCar\RTProject\AIVisionCar\Example\example\iar\flexspi_nor_release\Obj\fsl_rtwdog.o
#        D:\Onedrive\OneDrive\Car\AI-SmartCar\RTProject\AIVisionCar\Example\example\iar\flexspi_nor_release\Obj\fsl_sccb.o
#        D:\Onedrive\OneDrive\Car\AI-SmartCar\RTProject\AIVisionCar\Example\example\iar\flexspi_nor_release\Obj\fsl_sd.o
#        D:\Onedrive\OneDrive\Car\AI-SmartCar\RTProject\AIVisionCar\Example\example\iar\flexspi_nor_release\Obj\fsl_sd_disk.o
#        D:\Onedrive\OneDrive\Car\AI-SmartCar\RTProject\AIVisionCar\Example\example\iar\flexspi_nor_release\Obj\fsl_sdmmc_common.o
#        D:\Onedrive\OneDrive\Car\AI-SmartCar\RTProject\AIVisionCar\Example\example\iar\flexspi_nor_release\Obj\fsl_sdmmc_event.o
#        D:\Onedrive\OneDrive\Car\AI-SmartCar\RTProject\AIVisionCar\Example\example\iar\flexspi_nor_release\Obj\fsl_sdmmc_host.o
#        D:\Onedrive\OneDrive\Car\AI-SmartCar\RTProject\AIVisionCar\Example\example\iar\flexspi_nor_release\Obj\fsl_str.o
#        D:\Onedrive\OneDrive\Car\AI-SmartCar\RTProject\AIVisionCar\Example\example\iar\flexspi_nor_release\Obj\fsl_tempmon.o
#        D:\Onedrive\OneDrive\Car\AI-SmartCar\RTProject\AIVisionCar\Example\example\iar\flexspi_nor_release\Obj\fsl_trng.o
#        D:\Onedrive\OneDrive\Car\AI-SmartCar\RTProject\AIVisionCar\Example\example\iar\flexspi_nor_release\Obj\fsl_usdhc.o
#        D:\Onedrive\OneDrive\Car\AI-SmartCar\RTProject\AIVisionCar\Example\example\iar\flexspi_nor_release\Obj\fsl_wdog.o
#        D:\Onedrive\OneDrive\Car\AI-SmartCar\RTProject\AIVisionCar\Example\example\iar\flexspi_nor_release\Obj\fsl_xbara.o
#        D:\Onedrive\OneDrive\Car\AI-SmartCar\RTProject\AIVisionCar\Example\example\iar\flexspi_nor_release\Obj\gpio.o
#        D:\Onedrive\OneDrive\Car\AI-SmartCar\RTProject\AIVisionCar\Example\example\iar\flexspi_nor_release\Obj\henv.o
#        D:\Onedrive\OneDrive\Car\AI-SmartCar\RTProject\AIVisionCar\Example\example\iar\flexspi_nor_release\Obj\iic.o
#        D:\Onedrive\OneDrive\Car\AI-SmartCar\RTProject\AIVisionCar\Example\example\iar\flexspi_nor_release\Obj\image.o
#        D:\Onedrive\OneDrive\Car\AI-SmartCar\RTProject\AIVisionCar\Example\example\iar\flexspi_nor_release\Obj\init.o
#        D:\Onedrive\OneDrive\Car\AI-SmartCar\RTProject\AIVisionCar\Example\example\iar\flexspi_nor_release\Obj\irq.o
#        D:\Onedrive\OneDrive\Car\AI-SmartCar\RTProject\AIVisionCar\Example\example\iar\flexspi_nor_release\Obj\kalman_filter.o
#        D:\Onedrive\OneDrive\Car\AI-SmartCar\RTProject\AIVisionCar\Example\example\iar\flexspi_nor_release\Obj\key.o
#        D:\Onedrive\OneDrive\Car\AI-SmartCar\RTProject\AIVisionCar\Example\example\iar\flexspi_nor_release\Obj\lcd_driver.o
#        D:\Onedrive\OneDrive\Car\AI-SmartCar\RTProject\AIVisionCar\Example\example\iar\flexspi_nor_release\Obj\led.o
#        D:\Onedrive\OneDrive\Car\AI-SmartCar\RTProject\AIVisionCar\Example\example\iar\flexspi_nor_release\Obj\LQ_ADC.o
#        D:\Onedrive\OneDrive\Car\AI-SmartCar\RTProject\AIVisionCar\Example\example\iar\flexspi_nor_release\Obj\LQ_Camera.o
#        D:\Onedrive\OneDrive\Car\AI-SmartCar\RTProject\AIVisionCar\Example\example\iar\flexspi_nor_release\Obj\LQ_CSI.o
#        D:\Onedrive\OneDrive\Car\AI-SmartCar\RTProject\AIVisionCar\Example\example\iar\flexspi_nor_release\Obj\LQ_DMA.o
#        D:\Onedrive\OneDrive\Car\AI-SmartCar\RTProject\AIVisionCar\Example\example\iar\flexspi_nor_release\Obj\LQ_Encoder.o
#        D:\Onedrive\OneDrive\Car\AI-SmartCar\RTProject\AIVisionCar\Example\example\iar\flexspi_nor_release\Obj\LQ_GPIO.o
#        D:\Onedrive\OneDrive\Car\AI-SmartCar\RTProject\AIVisionCar\Example\example\iar\flexspi_nor_release\Obj\LQ_GPT.o
#        D:\Onedrive\OneDrive\Car\AI-SmartCar\RTProject\AIVisionCar\Example\example\iar\flexspi_nor_release\Obj\LQ_IIC.o
#        D:\Onedrive\OneDrive\Car\AI-SmartCar\RTProject\AIVisionCar\Example\example\iar\flexspi_nor_release\Obj\LQ_MT9V034M.o
#        D:\Onedrive\OneDrive\Car\AI-SmartCar\RTProject\AIVisionCar\Example\example\iar\flexspi_nor_release\Obj\LQ_PIT.o
#        D:\Onedrive\OneDrive\Car\AI-SmartCar\RTProject\AIVisionCar\Example\example\iar\flexspi_nor_release\Obj\LQ_PWM.o
#        D:\Onedrive\OneDrive\Car\AI-SmartCar\RTProject\AIVisionCar\Example\example\iar\flexspi_nor_release\Obj\LQ_QTMR.o
#        D:\Onedrive\OneDrive\Car\AI-SmartCar\RTProject\AIVisionCar\Example\example\iar\flexspi_nor_release\Obj\LQ_SOFTIIC.o
#        D:\Onedrive\OneDrive\Car\AI-SmartCar\RTProject\AIVisionCar\Example\example\iar\flexspi_nor_release\Obj\LQ_SPI.o
#        D:\Onedrive\OneDrive\Car\AI-SmartCar\RTProject\AIVisionCar\Example\example\iar\flexspi_nor_release\Obj\LQ_SYSTICK.o
#        D:\Onedrive\OneDrive\Car\AI-SmartCar\RTProject\AIVisionCar\Example\example\iar\flexspi_nor_release\Obj\LQ_UART.o
#        D:\Onedrive\OneDrive\Car\AI-SmartCar\RTProject\AIVisionCar\Example\example\iar\flexspi_nor_release\Obj\LQ_UART_DMA.o
#        D:\Onedrive\OneDrive\Car\AI-SmartCar\RTProject\AIVisionCar\Example\example\iar\flexspi_nor_release\Obj\main.o
#        D:\Onedrive\OneDrive\Car\AI-SmartCar\RTProject\AIVisionCar\Example\example\iar\flexspi_nor_release\Obj\malloc.o
#        D:\Onedrive\OneDrive\Car\AI-SmartCar\RTProject\AIVisionCar\Example\example\iar\flexspi_nor_release\Obj\matrix.o
#        D:\Onedrive\OneDrive\Car\AI-SmartCar\RTProject\AIVisionCar\Example\example\iar\flexspi_nor_release\Obj\motor.o
#        D:\Onedrive\OneDrive\Car\AI-SmartCar\RTProject\AIVisionCar\Example\example\iar\flexspi_nor_release\Obj\neuralnetwork.o
#        D:\Onedrive\OneDrive\Car\AI-SmartCar\RTProject\AIVisionCar\Example\example\iar\flexspi_nor_release\Obj\NNLayer.o
#        D:\Onedrive\OneDrive\Car\AI-SmartCar\RTProject\AIVisionCar\Example\example\iar\flexspi_nor_release\Obj\os.o
#        D:\Onedrive\OneDrive\Car\AI-SmartCar\RTProject\AIVisionCar\Example\example\iar\flexspi_nor_release\Obj\ostime.o
#        D:\Onedrive\OneDrive\Car\AI-SmartCar\RTProject\AIVisionCar\Example\example\iar\flexspi_nor_release\Obj\parameter.o
#        D:\Onedrive\OneDrive\Car\AI-SmartCar\RTProject\AIVisionCar\Example\example\iar\flexspi_nor_release\Obj\pid_ctrl.o
#        D:\Onedrive\OneDrive\Car\AI-SmartCar\RTProject\AIVisionCar\Example\example\iar\flexspi_nor_release\Obj\pin_mux.o
#        D:\Onedrive\OneDrive\Car\AI-SmartCar\RTProject\AIVisionCar\Example\example\iar\flexspi_nor_release\Obj\print.o
#        D:\Onedrive\OneDrive\Car\AI-SmartCar\RTProject\AIVisionCar\Example\example\iar\flexspi_nor_release\Obj\pwm.o
#        D:\Onedrive\OneDrive\Car\AI-SmartCar\RTProject\AIVisionCar\Example\example\iar\flexspi_nor_release\Obj\resource_config.o
#        D:\Onedrive\OneDrive\Car\AI-SmartCar\RTProject\AIVisionCar\Example\example\iar\flexspi_nor_release\Obj\screen.o
#        D:\Onedrive\OneDrive\Car\AI-SmartCar\RTProject\AIVisionCar\Example\example\iar\flexspi_nor_release\Obj\sd.o
#        D:\Onedrive\OneDrive\Car\AI-SmartCar\RTProject\AIVisionCar\Example\example\iar\flexspi_nor_release\Obj\sdcard.o
#        D:\Onedrive\OneDrive\Car\AI-SmartCar\RTProject\AIVisionCar\Example\example\iar\flexspi_nor_release\Obj\servo.o
#        D:\Onedrive\OneDrive\Car\AI-SmartCar\RTProject\AIVisionCar\Example\example\iar\flexspi_nor_release\Obj\softtimer.o
#        D:\Onedrive\OneDrive\Car\AI-SmartCar\RTProject\AIVisionCar\Example\example\iar\flexspi_nor_release\Obj\sort.o
#        D:\Onedrive\OneDrive\Car\AI-SmartCar\RTProject\AIVisionCar\Example\example\iar\flexspi_nor_release\Obj\spi.o
#        D:\Onedrive\OneDrive\Car\AI-SmartCar\RTProject\AIVisionCar\Example\example\iar\flexspi_nor_release\Obj\startup_MIMXRT1064.o
#        D:\Onedrive\OneDrive\Car\AI-SmartCar\RTProject\AIVisionCar\Example\example\iar\flexspi_nor_release\Obj\switch.o
#        D:\Onedrive\OneDrive\Car\AI-SmartCar\RTProject\AIVisionCar\Example\example\iar\flexspi_nor_release\Obj\sysmath.o
#        D:\Onedrive\OneDrive\Car\AI-SmartCar\RTProject\AIVisionCar\Example\example\iar\flexspi_nor_release\Obj\system_MIMXRT1064.o
#        D:\Onedrive\OneDrive\Car\AI-SmartCar\RTProject\AIVisionCar\Example\example\iar\flexspi_nor_release\Obj\systime.o
#        D:\Onedrive\OneDrive\Car\AI-SmartCar\RTProject\AIVisionCar\Example\example\iar\flexspi_nor_release\Obj\task.o
#        D:\Onedrive\OneDrive\Car\AI-SmartCar\RTProject\AIVisionCar\Example\example\iar\flexspi_nor_release\Obj\tim.o
#        D:\Onedrive\OneDrive\Car\AI-SmartCar\RTProject\AIVisionCar\Example\example\iar\flexspi_nor_release\Obj\tracking.nncu.o
#        D:\Onedrive\OneDrive\Car\AI-SmartCar\RTProject\AIVisionCar\Example\example\iar\flexspi_nor_release\Obj\uart.o
#        D:\Onedrive\OneDrive\Car\AI-SmartCar\RTProject\AIVisionCar\Example\example\iar\flexspi_nor_release\Obj\ui.o
#        D:\Onedrive\OneDrive\Car\AI-SmartCar\RTProject\AIVisionCar\Example\example\iar\flexspi_nor_release\Obj\wirelessserial.o
#        --no_out_extension -o
#        D:\Onedrive\OneDrive\Car\AI-SmartCar\RTProject\AIVisionCar\Example\example\iar\flexspi_nor_release\Exe\IMXRT1064.out
#        --map
#        D:\Onedrive\OneDrive\Car\AI-SmartCar\RTProject\AIVisionCar\Example\example\iar\flexspi_nor_release\List\IMXRT1064.map
#        --config
#        D:\Onedrive\OneDrive\Car\AI-SmartCar\RTProject\AIVisionCar\Example\example\iar\..\..\..\Device\startup\iar\LQ_RT1064_QSPI_NOSDRAM.icf
#        --entry __iar_program_start --inline --vfe --text_out locale)
#
###############################################################################

*******************************************************************************
*** RUNTIME MODEL ATTRIBUTES
***

CppFlavor       = *
__Heap_Handler  = DLMalloc
__SystemLibrary = DLib
__dlib_version  = 6


*******************************************************************************
*** HEAP SELECTION
***

The advanced heap was selected because the application calls memory
allocation functions outside of system library functions, and there
are calls to deallocation functions in the application.


*******************************************************************************
*** PLACEMENT SUMMARY
***

"A0":  place at address 0x7000'2000 { ro section .intvec };
"A1":  place at address 0x7000'0000 { section .boot_hdr.conf };
"A2":  place at address 0x7000'1000 { section .boot_hdr.ivt };
"A3":  place at address 0x7000'1020 { ro section .boot_hdr.boot_data };
"P1":  place in [from 0x7000'2000 to 0x7000'23ff] |
                [from 0x7000'2400 to 0x703f'ffff] { ro };
define block RW { first rw, section m_usb_dma_init_data };
"P2":  place in [from 0x2000'0000 to 0x2003'bfff] { block RW };
define block ZI
   with alignment = 32 { first zi, section m_usb_dma_noninit_data };
"P4":  place in [from 0x2000'0000 to 0x2003'bfff] { block ZI };
define block NCACHE_VAR
   with alignment = 64 { section NonCacheable, section NonCacheable.init };
"P7":  place in [from 0x2000'0000 to 0x2003'bfff] { block NCACHE_VAR };
define block DTCRAM with alignment = 8 { section DTCRAMAccess };
"P9":  place in [from 0x2000'0000 to 0x2003'bfff] { block DTCRAM };
define block CSTACK with size = 16K, alignment = 8 { };
"P6":  place in [from 0x2003'c000 to 0x2003'ffff] { block CSTACK };
initialize by copy { rw, section .textrw, section NonCacheable.init };
keep {
   section .boot_hdr.conf, section .boot_hdr.ivt, section .boot_hdr.boot_data,
   section .boot_hdr.dcd_data };

No sections matched the following patterns:

  ro section .boot_hdr.dcd_data   in "A4"
  section .textrw                 in "P3|P8"
  section ITCRAMAccess            in block ITCRAM
  section NonCacheable            in block NCACHE_VAR
  section NonCacheable.init       in block NCACHE_VAR
  section OCRAMAccess             in block OCRAM
  section m_usb_dma_init_data     in block RW
  section m_usb_dma_noninit_data  in block ZI


  Section              Kind         Address      Size  Object
  -------              ----         -------      ----  ------
"P2|P4|P7|P9", part 1 of 2:                    0x14c0
  RW                            0x2000'0000    0x14c0  <Block>
    RW-1                        0x2000'0000    0x14c0  <Init block>
      .data            inited   0x2000'0000      0x20  uart.o [1]
      .data            inited   0x2000'0020      0x1c  console.o [1]
      .data            inited   0x2000'003c      0x5c  devices_config.o [1]
      .data            inited   0x2000'0098     0x1c8  devices_config.o [1]
      .data            inited   0x2000'0260      0x20  devices_config.o [1]
      .data            inited   0x2000'0280      0x80  devices_config.o [1]
      .data            inited   0x2000'0300      0x80  devices_config.o [1]
      .data            inited   0x2000'0380      0x9c  devices_config.o [1]
      .data            inited   0x2000'041c      0x88  devices_config.o [1]
      .data            inited   0x2000'04a4      0x88  devices_config.o [1]
      .data            inited   0x2000'052c       0x8  enc.o [1]
      .data            inited   0x2000'0534      0x14  gpio.o [1]
      .data            inited   0x2000'0548       0xc  image.o [1]
      .data            inited   0x2000'0554     0x260  lcd_driver.o [1]
      .data            inited   0x2000'07b4      0x2c  LQ_CSI.o [1]
      .data            inited   0x2000'07e0       0x4  LQ_CSI.o [1]
      .data            inited   0x2000'07e4     0x930  LQ_GPIO.o [1]
      .data            inited   0x2000'1114      0x14  LQ_SYSTICK.o [1]
      .data            inited   0x2000'1128      0xa0  os.o [1]
      .data            inited   0x2000'11c8      0x10  pwm.o [1]
      .data            inited   0x2000'11d8     0x140  resource_config.o [1]
      .data            inited   0x2000'1318      0x60  resource_config.o [1]
      .data            inited   0x2000'1378      0x18  resource_config.o [1]
      .data            inited   0x2000'1390       0x4  system_MIMXRT1064.o [1]
      .data            inited   0x2000'1394      0x18  systime.o [1]
      .data            inited   0x2000'13ac      0x38  xlocale_c.o [2]
      .data            inited   0x2000'13e4      0x48  xlocale_c.o [2]
      .data            inited   0x2000'142c      0x48  xfiles.o [2]
      .data            inited   0x2000'1474      0x48  xfiles.o [2]
      .data            inited   0x2000'14bc       0x2  camera.o [1]
      .data            inited   0x2000'14be       0x1  lcd_driver.o [1]
      .data            inited   0x2000'14bf       0x1  lcd_driver.o [1]
                              - 0x2000'14c0    0x14c0

"P2|P4|P7|P9", part 2 of 2:                  0x1'fd04
  DTCRAM                        0x2000'14c0  0x1'6080  <Block>
    DTCRAMAccess       zero     0x2000'14c0  0x1'6080  LQ_CSI.o [1]
  ZI                            0x2001'7540    0x9c84  <Block>
    .bss               zero     0x2001'7540      0x30  devices_config.o [1]
    .bss               zero     0x2001'7570      0x10  ff.o [1]
    .bss               zero     0x2001'7580       0x1  ff.o [1]
    .bss               zero     0x2001'7584       0x4  fsl_clock.o [1]
    .bss               zero     0x2001'7588       0x4  fsl_clock.o [1]
    .bss               zero     0x2001'758c       0x8  fsl_csi.o [1]
    .bss               zero     0x2001'7594      0x80  fsl_edma.o [1]
    .bss               zero     0x2001'7614      0x14  fsl_flexcan.o [1]
    .bss               zero     0x2001'7628      0x18  fsl_flexio.o [1]
    .bss               zero     0x2001'7640       0x8  fsl_flexspi.o [1]
    .bss               zero     0x2001'7648       0x8  fsl_io.o [1]
    .bss               zero     0x2001'7650      0x30  fsl_lpi2c.o [1]
    .bss               zero     0x2001'7680      0x1c  fsl_lpspi.o [1]
    .bss               zero     0x2001'769c      0x28  fsl_lpuart.o [1]
    .bss               zero     0x2001'76c4      0xd0  fsl_sd_disk.o [1]
    .bss               zero     0x2001'7794     0x200  fsl_sdmmc_common.o [1]
    .bss               zero     0x2001'7994       0x8  fsl_sdmmc_event.o [1]
    .bss               zero     0x2001'799c       0x4  fsl_sdmmc_event.o [1]
    .bss               zero     0x2001'79a0      0x34  fsl_sdmmc_host.o [1]
    .bss               zero     0x2001'79d4       0x1  fsl_sdmmc_host.o [1]
    .bss               zero     0x2001'79d8      0x10  fsl_usdhc.o [1]
    .bss               zero     0x2001'79e8    0x9600  LQ_Camera.o [1]
    .bss               zero     0x2002'0fe8       0x4  LQ_Camera.o [1]
    .bss               zero     0x2002'0fec      0x10  LQ_CSI.o [1]
    .bss               zero     0x2002'0ffc      0x2c  LQ_CSI.o [1]
    .bss               zero     0x2002'1028      0x10  LQ_SYSTICK.o [1]
    .bss               zero     0x2002'1038       0x4  softtimer.o [1]
    .bss               zero     0x2002'103c     0x134  softtimer.o [1]
    .bss               zero     0x2002'1170      0x50  xfiles.o [2]
    .bss               zero     0x2002'11c0       0x4  xfail_s.o [2]
                              - 0x2002'11c4  0x1'fd04

"P6":                                          0x4000
  CSTACK                        0x2003'c000    0x4000  <Block>
    CSTACK             uninit   0x2003'c000    0x4000  <Block tail>
                              - 0x2004'0000    0x4000

"A1":                                           0x200
  .boot_hdr.conf       const    0x7000'0000     0x200  evkmimxrt1064_flexspi_nor_config.o [1]
                              - 0x7000'0200     0x200

"A2":                                            0x20
  .boot_hdr.ivt        const    0x7000'1000      0x20  fsl_flexspi_nor_boot.o [1]
                              - 0x7000'1020      0x20

"A3":                                            0x10
  .boot_hdr.boot_data  const    0x7000'1020      0x10  fsl_flexspi_nor_boot.o [1]
                              - 0x7000'1030      0x10

"A0":                                           0x400
  .intvec              ro code  0x7000'2000     0x400  startup_MIMXRT1064.o [1]
                              - 0x7000'2400     0x400

"P1":                                        0x1'14c0
  .text                ro code  0x7000'2400    0x1630  fsl_sd.o [1]
  .text                ro code  0x7000'3a30      0x18  fsl_assert.o [1]
  .text                ro code  0x7000'3a48     0x400  fsl_sdmmc_common.o [1]
  .text                ro code  0x7000'3e48      0x3a  ABImemset48.o [4]
  .text                ro code  0x7000'3e82      0x3a  zero_init3.o [4]
  .text                ro code  0x7000'3ebc       0x6  ABImemclr4.o [4]
  .text                ro code  0x7000'3ec2       0xa  xsprout.o [2]
  .text                ro code  0x7000'3ecc      0xa6  ABImemcpy.o [4]
  .rodata              const    0x7000'3f72       0x2  xlocale_c.o [2]
  .text                ro code  0x7000'3f74     0x274  fsl_usdhc.o [1]
  .text                ro code  0x7000'41e8     0x384  board.o [1]
  .text                ro code  0x7000'456c      0xfc  fsl_sdmmc_host.o [1]
  .text                ro code  0x7000'4668      0xb0  fsl_debug_console.o [1]
  .text                ro code  0x7000'4718     0x1ac  fsl_gpio.o [1]
  .text                ro code  0x7000'48c4     0x648  fsl_clock.o [1]
  .text                ro code  0x7000'4f0c      0x4c  fsl_sdmmc_event.o [1]
  .text                ro code  0x7000'4f58      0x68  fsl_log.o [1]
  .text                ro code  0x7000'4fc0     0x818  fsl_str.o [1]
  .text                ro code  0x7000'57d8      0xbc  fsl_io.o [1]
  .text                ro code  0x7000'5894     0x274  I64DivMod.o [4]
  .text                ro code  0x7000'5b08      0x9e  modf.o [3]
  .rodata              const    0x7000'5ba6       0x2  xlocale_c.o [2]
  .text                ro code  0x7000'5ba8     0x56c  pow64.o [3]
  .text                ro code  0x7000'6114      0x5c  DblToS64.o [3]
  .text                ro code  0x7000'6170      0x52  S64ToDbl.o [3]
  .text                ro code  0x7000'61c2       0x2  startup_MIMXRT1064.o [1]
  .text                ro code  0x7000'61c4      0x36  strlen.o [4]
  .text                ro code  0x7000'61fa       0x2  startup_MIMXRT1064.o [1]
  .text                ro code  0x7000'61fc     0x544  fsl_lpuart.o [1]
  .text                ro code  0x7000'6740       0x2  I64DivZer.o [4]
  .text                ro code  0x7000'6742       0x2  startup_MIMXRT1064.o [1]
  .text                ro code  0x7000'6744      0x88  frexp.o [3]
  .text                ro code  0x7000'67cc     0x368  iar_Exp64.o [3]
  .text                ro code  0x7000'6b34     0x104  ldexp.o [3]
  .text                ro code  0x7000'6c38     0xfc6  xprintffull_nomb.o [2]
  .text                ro code  0x7000'7bfe       0x2  startup_MIMXRT1064.o [1]
  .text                ro code  0x7000'7c00      0x16  strchr.o [4]
  .text                ro code  0x7000'7c16       0x2  startup_MIMXRT1064.o [1]
  .text                ro code  0x7000'7c18      0x40  xfail_s.o [2]
  .text                ro code  0x7000'7c58      0x58  memchr.o [4]
  .text                ro code  0x7000'7cb0      0x2e  DblCmpLe.o [3]
  .text                ro code  0x7000'7cde       0x2  startup_MIMXRT1064.o [1]
  .text                ro code  0x7000'7ce0      0x2e  DblCmpGe.o [3]
  .text                ro code  0x7000'7d0e       0xe  DblToS32.o [3]
  .text                ro code  0x7000'7d1c       0xe  S32ToDbl.o [3]
  .text                ro code  0x7000'7d2a      0x12  DblSub.o [3]
  .text                ro code  0x7000'7d3c      0x12  DblDiv.o [3]
  .text                ro code  0x7000'7d4e       0xe  DblToU32.o [3]
  .text                ro code  0x7000'7d5c       0xe  U32ToDbl.o [3]
  .text                ro code  0x7000'7d6a      0x12  DblMul.o [3]
  .text                ro code  0x7000'7d7c      0x4c  xlocale_c.o [2]
  .text                ro code  0x7000'7dc8       0x6  abort.o [2]
  .text                ro code  0x7000'7dce       0x2  startup_MIMXRT1064.o [1]
  .text                ro code  0x7000'7dd0       0xc  XXexit.o [4]
  .text                ro code  0x7000'7ddc     0xeca  ff.o [1]
  .text                ro code  0x7000'8ca6      0x3c  diskio.o [1]
  .text                ro code  0x7000'8ce2       0x2  startup_MIMXRT1064.o [1]
  .text                ro code  0x7000'8ce4      0x84  fsl_sd_disk.o [1]
  .text                ro code  0x7000'8d68     0xdbc  xscanffull_nomb.o [2]
  .text                ro code  0x7000'9b24      0x14  isspace.o [2]
  .text                ro code  0x7000'9b38      0x14  isalpha.o [2]
  .text                ro code  0x7000'9b4c       0xe  math_wrappers64.o [3]
  .text                ro code  0x7000'9b5a       0xe  DblToFlt.o [3]
  .text                ro code  0x7000'9b68     0x1b2  iar_Stoullx.o [2]
  .rodata              const    0x7000'9d1a       0x1  evkmimxrt1064_sdram_ini_dcd.o [1]
  .rodata              const    0x7000'9d1b       0x1  xlocale_c.o [2]
  .text                ro code  0x7000'9d1c      0xa6  iar_Stollx.o [2]
  .text                ro code  0x7000'9dc4     0x44c  strto64.o [3]
  .text                ro code  0x7000'a210      0x14  tolower.o [2]
  .text                ro code  0x7000'a224     0x122  iar_Stopfx.o [2]
  .text                ro code  0x7000'a348     0x1b8  iar_Stoflt.o [2]
  .text                ro code  0x7000'a500     0x208  iar_Stoxflt.o [2]
  .text                ro code  0x7000'a708     0xc5c  LQ_PWM.o [1]
  .text                ro code  0x7000'b364     0x44c  fsl_pwm.o [1]
  .text                ro code  0x7000'b7b0     0xa10  screen.o [1]
  .text                ro code  0x7000'c1c0      0x34  vsprintf.o [2]
  .text                ro code  0x7000'c1f4     0x728  clock_config.o [1]
  .text                ro code  0x7000'c91c     0x5f2  fsl_csi.o [1]
  .text                ro code  0x7000'cf10     0x5f0  fsl_lpi2c.o [1]
  .text                ro code  0x7000'd500     0x538  lcd_driver.o [1]
  .text                ro code  0x7000'da38     0x490  fsl_edma.o [1]
  .rodata              const    0x7000'dec8     0x420  pow64.o [3]
  .text                ro code  0x7000'e2e8     0x38c  LQ_CSI.o [1]
  .text                ro code  0x7000'e674     0x314  LQ_GPIO.o [1]
  .text                ro code  0x7000'e988     0x314  LQ_IIC.o [1]
  .text                ro code  0x7000'ec9c     0x34c  LQ_UART.o [1]
  .text                ro code  0x7000'efe8     0x336  LQ_MT9V034M.o [1]
  .text                ro code  0x7000'f31e      0xc2  fsl_sccb.o [1]
  .text                ro code  0x7000'f3e0     0x2b8  LQ_Encoder.o [1]
  .text                ro code  0x7000'f698     0x1ec  fsl_enc.o [1]
  .text                ro code  0x7000'f884      0x26  fsl_xbara.o [1]
  .text                ro code  0x7000'f8ac     0x25c  motor.o [1]
  .text                ro code  0x7000'fb08       0x8  abs.o [2]
  .text                ro code  0x7000'fb10     0x248  servo.o [1]
  .rodata              const    0x7000'fd58     0x218  fsl_edma.o [1]
  .text                ro code  0x7000'ff70     0x218  fsl_flexspi.o [1]
  .text                ro code  0x7001'0188     0x1fc  capture.o [1]
  .text                ro code  0x7001'0384      0x7c  camera.o [1]
  .text                ro code  0x7001'0400     0x1ec  lz77_init.o [4]
  .rodata              const    0x7001'05ec     0x1cc  fsl_usdhc.o [1]
  .text                ro code  0x7001'07b8     0x1bc  key.o [1]
  .text                ro code  0x7001'0974     0x1b8  ostime.o [1]
  .rodata              const    0x7001'0b2c     0x1a0  fsl_flexcan.o [1]
  .text                ro code  0x7001'0ccc     0x132  system_MIMXRT1064.o [1]
  .text                ro code  0x7001'0e00     0x12c  fsl_csi_camera_adapter.o [1]
  .text                ro code  0x7001'0f2c     0x12c  init.o [1]
  .text                ro code  0x7001'1058      0xf4  pin_mux.o [1]
  .text                ro code  0x7001'114c     0x128  fsl_lpspi.o [1]
  .text                ro code  0x7001'1274     0x128  softtimer.o [1]
  .text                ro code  0x7001'139c     0x11c  LQ_Camera.o [1]
  .text                ro code  0x7001'14b8      0xf0  LQ_SYSTICK.o [1]
  .text                ro code  0x7001'15a8      0xe8  console.o [1]
  .text                ro code  0x7001'1690      0x20  vprintf.o [2]
  .text                ro code  0x7001'16b0      0x28  printf.o [2]
  .text                ro code  0x7001'16d8      0x20  vscanf.o [2]
  .text                ro code  0x7001'16f8      0xd4  app.o [1]
  .rodata              const    0x7001'17cc      0xc8  fsl_lpuart.o [1]
  .text                ro code  0x7001'1894      0xc8  fsl_flexcan.o [1]
  .rodata              const    0x7001'195c      0xc4  fsl_gpio.o [1]
  .rodata              const    0x7001'1a20      0xc4  fsl_pwm.o [1]
  .rodata              const    0x7001'1ae4      0xa4  fsl_lpspi.o [1]
  .rodata              const    0x7001'1b88      0xa0  fsl_lpi2c.o [1]
  .rodata              const    0x7001'1c28      0x9c  fsl_csi.o [1]
  .rodata              const    0x7001'1cc4      0x9c  fsl_enc.o [1]
  .rodata              const    0x7001'1d60      0x8c  fsl_sd.o [1]
  .rodata              const    0x7001'1dec      0x80  fsl_sdmmc_host.o [1]
  .rodata              const    0x7001'1e6c      0x80  LQ_GPIO.o [1]
  .rodata              const    0x7001'1eec      0x80  LQ_PWM.o [1]
  .text                ro code  0x7001'1f6c      0x80  uart.o [1]
  .text                ro code  0x7001'1fec      0x74  gpio.o [1]
  .text                ro code  0x7001'2060      0x70  startup_MIMXRT1064.o [1]
  .rodata              const    0x7001'20d0      0x68  fsl_sdmmc_common.o [1]
  .rodata              const    0x7001'2138      0x64  clock_config.o [1]
  .rodata              const    0x7001'219c      0x64  fsl_clock.o [1]
  .rodata              const    0x7001'2200      0x64  fsl_csi.o [1]
  .rodata              const    0x7001'2264      0x64  fsl_enc.o [1]
  .rodata              const    0x7001'22c8      0x64  fsl_flexspi.o [1]
  .rodata              const    0x7001'232c      0x64  fsl_gpio.o [1]
  .rodata              const    0x7001'2390      0x64  fsl_lpi2c.o [1]
  .rodata              const    0x7001'23f4      0x64  fsl_lpuart.o [1]
  .rodata              const    0x7001'2458      0x64  fsl_pwm.o [1]
  .rodata              const    0x7001'24bc      0x64  LQ_CSI.o [1]
  .rodata              const    0x7001'2520      0x64  LQ_Encoder.o [1]
  .rodata              const    0x7001'2584      0x64  LQ_GPIO.o [1]
  .rodata              const    0x7001'25e8      0x64  LQ_IIC.o [1]
  .rodata              const    0x7001'264c      0x64  LQ_PWM.o [1]
  .rodata              const    0x7001'26b0      0x64  LQ_PWM.o [1]
  .rodata              const    0x7001'2714      0x64  LQ_UART.o [1]
  .rodata              const    0x7001'2778      0x64  pin_mux.o [1]
  .rodata              const    0x7001'27dc      0x60  fsl_debug_console.o [1]
  .rodata              const    0x7001'283c      0x58  fsl_io.o [1]
  .rodata              const    0x7001'2894      0x58  fsl_log.o [1]
  .text                ro code  0x7001'28ec      0x58  ungetc.o [2]
  .text                ro code  0x7001'2944      0x54  systime.o [1]
  .text                ro code  0x7001'2998      0x54  ui.o [1]
  .rodata              const    0x7001'29ec      0x50  iar_Stoullx.o [2]
  .text                ro code  0x7001'2a3c      0x50  led.o [1]
  .text                ro code  0x7001'2a8c      0x50  task.o [1]
  .rodata              const    0x7001'2adc      0x2c  fsl_assert.o [1]
  .rodata              const    0x7001'2b08      0x48  strto64.o [3]
  .text                ro code  0x7001'2b50      0x40  pwm.o [1]
  .text                ro code  0x7001'2b90      0x2e  file.o [1]
  .text                ro code  0x7001'2bc0      0x2e  fsl_flexio.o [1]
  .rodata              const    0x7001'2bf0      0x28  xscanffull_nomb.o [2]
  .text                ro code  0x7001'2c18      0x28  data_init.o [4]
  .rodata              const    0x7001'2c40      0x24  LQ_Encoder.o [1]
  .rodata              const    0x7001'2c64      0x24  xscanffull_nomb.o [2]
  .text                ro code  0x7001'2c88      0x22  fpinit_M.o [3]
  .iar.init_table      const    0x7001'2cac      0x34  - Linker created -
  .text                ro code  0x7001'2ce0      0x20  os.o [1]
  .text                ro code  0x7001'2d00      0x1e  cmain.o [4]
  .text                ro code  0x7001'2d1e       0xe  main.o [1]
  .text                ro code  0x7001'2d2c       0x4  exit.o [2]
  .text                ro code  0x7001'2d30       0xa  cexit.o [4]
  .rodata              const    0x7001'2d3c      0x1c  fsl_csi_camera_adapter.o [1]
  .text                ro code  0x7001'2d58      0x1c  control.o [1]
  .rodata              const    0x7001'2d74      0x18  LQ_MT9V034M.o [1]
  .rodata              const    0x7001'2d8c      0x18  resource_config.o [1]
  .text                ro code  0x7001'2da4      0x16  xprout.o [2]
  .text                ro code  0x7001'2dbc       0xc  putchar.o [2]
  .rodata              const    0x7001'2dc8      0x14  resource_config.o [1]
  .text                ro code  0x7001'2ddc      0x14  enc.o [1]
  .rodata              const    0x7001'2df0      0x10  resource_config.o [1]
  .rodata              const    0x7001'2e00      0x10  resource_config.o [1]
  .rodata              const    0x7001'2e10      0x10  resource_config.o [1]
  .text                ro code  0x7001'2e20      0x10  getchar.o [2]
  .text                ro code  0x7001'2e30       0xe  xscin.o [2]
  .rodata              const    0x7001'2e40       0xc  resource_config.o [1]
  .rodata              const    0x7001'2e4c       0xc  resource_config.o [1]
  .rodata              const    0x7001'2e58       0xc  resource_config.o [1]
  .rodata              const    0x7001'2e64       0xc  resource_config.o [1]
  .rodata              const    0x7001'2e70       0xc  resource_config.o [1]
  .rodata              const    0x7001'2e7c       0xc  resource_config.o [1]
  .rodata              const    0x7001'2e88       0xc  resource_config.o [1]
  .rodata              const    0x7001'2e94       0xc  resource_config.o [1]
  .text                ro code  0x7001'2ea0       0xc  irq.o [1]
  .text                ro code  0x7001'2eac       0xc  cstartup_M.o [4]
  .rodata              const    0x7001'2eb8       0x8  resource_config.o [1]
  .rodata              const    0x7001'2ec0       0x8  resource_config.o [1]
  .rodata              const    0x7001'2ec8       0x8  resource_config.o [1]
  .rodata              const    0x7001'2ed0       0x8  resource_config.o [1]
  .rodata              const    0x7001'2ed8       0x8  resource_config.o [1]
  .rodata              const    0x7001'2ee0       0x8  resource_config.o [1]
  .rodata              const    0x7001'2ee8       0x8  resource_config.o [1]
  .rodata              const    0x7001'2ef0       0x8  resource_config.o [1]
  .rodata              const    0x7001'2ef8       0x8  xprintffull_nomb.o [2]
  .text                ro code  0x7001'2f00       0x8  startup_MIMXRT1064.o [1]
  .text                ro code  0x7001'2f08       0x8  startup_MIMXRT1064.o [1]
  .text                ro code  0x7001'2f10       0x8  startup_MIMXRT1064.o [1]
  .text                ro code  0x7001'2f18       0x8  startup_MIMXRT1064.o [1]
  .text                ro code  0x7001'2f20       0x8  startup_MIMXRT1064.o [1]
  .text                ro code  0x7001'2f28       0x8  startup_MIMXRT1064.o [1]
  .text                ro code  0x7001'2f30       0x8  startup_MIMXRT1064.o [1]
  .text                ro code  0x7001'2f38       0x8  startup_MIMXRT1064.o [1]
  .text                ro code  0x7001'2f40       0x8  startup_MIMXRT1064.o [1]
  .text                ro code  0x7001'2f48       0x8  startup_MIMXRT1064.o [1]
  .text                ro code  0x7001'2f50       0x8  startup_MIMXRT1064.o [1]
  .text                ro code  0x7001'2f58       0x8  startup_MIMXRT1064.o [1]
  .text                ro code  0x7001'2f60       0x8  startup_MIMXRT1064.o [1]
  .text                ro code  0x7001'2f68       0x8  startup_MIMXRT1064.o [1]
  .text                ro code  0x7001'2f70       0x8  startup_MIMXRT1064.o [1]
  .text                ro code  0x7001'2f78       0x8  startup_MIMXRT1064.o [1]
  .text                ro code  0x7001'2f80       0x8  startup_MIMXRT1064.o [1]
  .text                ro code  0x7001'2f88       0x8  startup_MIMXRT1064.o [1]
  .text                ro code  0x7001'2f90       0x8  startup_MIMXRT1064.o [1]
  .text                ro code  0x7001'2f98       0x8  startup_MIMXRT1064.o [1]
  .text                ro code  0x7001'2fa0       0x8  startup_MIMXRT1064.o [1]
  .text                ro code  0x7001'2fa8       0x8  startup_MIMXRT1064.o [1]
  .text                ro code  0x7001'2fb0       0x8  startup_MIMXRT1064.o [1]
  .text                ro code  0x7001'2fb8       0x8  startup_MIMXRT1064.o [1]
  .text                ro code  0x7001'2fc0       0x8  startup_MIMXRT1064.o [1]
  .text                ro code  0x7001'2fc8       0x8  startup_MIMXRT1064.o [1]
  .text                ro code  0x7001'2fd0       0x8  startup_MIMXRT1064.o [1]
  .text                ro code  0x7001'2fd8       0x8  startup_MIMXRT1064.o [1]
  .text                ro code  0x7001'2fe0       0x8  startup_MIMXRT1064.o [1]
  .text                ro code  0x7001'2fe8       0x8  startup_MIMXRT1064.o [1]
  .text                ro code  0x7001'2ff0       0x8  startup_MIMXRT1064.o [1]
  .text                ro code  0x7001'2ff8       0x8  startup_MIMXRT1064.o [1]
  .text                ro code  0x7001'3000       0x8  startup_MIMXRT1064.o [1]
  .text                ro code  0x7001'3008       0x8  startup_MIMXRT1064.o [1]
  .text                ro code  0x7001'3010       0x8  startup_MIMXRT1064.o [1]
  .text                ro code  0x7001'3018       0x8  startup_MIMXRT1064.o [1]
  .text                ro code  0x7001'3020       0x8  startup_MIMXRT1064.o [1]
  .text                ro code  0x7001'3028       0x8  startup_MIMXRT1064.o [1]
  .text                ro code  0x7001'3030       0x8  startup_MIMXRT1064.o [1]
  .text                ro code  0x7001'3038       0x8  startup_MIMXRT1064.o [1]
  .text                ro code  0x7001'3040       0x8  startup_MIMXRT1064.o [1]
  .text                ro code  0x7001'3048       0x8  startup_MIMXRT1064.o [1]
  .text                ro code  0x7001'3050       0x8  startup_MIMXRT1064.o [1]
  .text                ro code  0x7001'3058       0x8  startup_MIMXRT1064.o [1]
  .text                ro code  0x7001'3060       0x8  startup_MIMXRT1064.o [1]
  .text                ro code  0x7001'3068       0x8  startup_MIMXRT1064.o [1]
  .text                ro code  0x7001'3070       0x8  startup_MIMXRT1064.o [1]
  .text                ro code  0x7001'3078       0x8  startup_MIMXRT1064.o [1]
  .text                ro code  0x7001'3080       0x8  startup_MIMXRT1064.o [1]
  .text                ro code  0x7001'3088       0x8  startup_MIMXRT1064.o [1]
  .text                ro code  0x7001'3090       0x8  startup_MIMXRT1064.o [1]
  .text                ro code  0x7001'3098       0x8  startup_MIMXRT1064.o [1]
  .rodata              const    0x7001'30a0       0x4  resource_config.o [1]
  .rodata              const    0x7001'30a4       0x4  softtimer.o [1]
  .text                ro code  0x7001'30a8       0x4  startup_MIMXRT1064.o [1]
  .rodata              const    0x7001'30ac       0x0  zero_init3.o [4]
  .rodata              const    0x7001'30ac       0x0  lz77_init.o [4]
  Initializer bytes    const    0x7001'30ac     0x814  <for RW-1>
                              - 0x7001'38c0  0x1'14c0

Unused ranges:

         From           To       Size
         ----           --       ----
  0x2002'11c4  0x2003'bfff   0x1'ae3c
  0x7001'38c0  0x703f'ffff  0x3e'c740


*******************************************************************************
*** INIT TABLE
***

          Address      Size
          -------      ----
Zero (__iar_zero_init3)
    2 destination ranges, total size 0x1'fd04:
          0x2000'14c0  0x1'6080
          0x2001'7540    0x9c84

Copy/lz77 (__iar_lz77_init3)
    1 source range, total size 0x814 (38% of destination):
          0x7001'30ac     0x814
    1 destination range, total size 0x14c0:
          0x2000'0000    0x14c0



*******************************************************************************
*** MODULE SUMMARY
***

    Module                              ro code  ro data  rw data
    ------                              -------  -------  -------
command line/config:
    -------------------------------------------------------------
    Total:

D:\Onedrive\OneDrive\Car\AI-SmartCar\RTProject\AIVisionCar\Example\example\iar\flexspi_nor_release\Obj: [1]
    LQ_CSI.o                                908      119   90'348
    LQ_Camera.o                             284            38'404
    LQ_Encoder.o                            696      136
    LQ_GPIO.o                               788    1'144    2'352
    LQ_IIC.o                                788      100
    LQ_MT9V034M.o                           822       24
    LQ_PWM.o                              3'164      328
    LQ_SYSTICK.o                            240        7       36
    LQ_UART.o                               844      100
    app.o                                   212
    board.o                                 900
    camera.o                                124        1        2
    capture.o                               508
    clock_config.o                        1'832      100
    console.o                               232       11       28
    control.o                                28
    devices_config.o                                 492    1'312
    diskio.o                                 60
    enc.o                                    20        3        8
    evkmimxrt1064_flexspi_nor_config.o               512
    evkmimxrt1064_sdram_ini_dcd.o                      1
    ff.o                                  3'786                17
    file.o                                   46
    fsl_assert.o                             24       44
    fsl_clock.o                           1'608      100        8
    fsl_csi.o                             1'522      256        8
    fsl_csi_camera_adapter.o                300       28
    fsl_debug_console.o                     176       96
    fsl_edma.o                            1'168      536      128
    fsl_enc.o                               492      256
    fsl_flexcan.o                           200      416       20
    fsl_flexio.o                             46                24
    fsl_flexspi.o                           536      100        8
    fsl_flexspi_nor_boot.o                            48
    fsl_gpio.o                              428      296
    fsl_io.o                                188       88        8
    fsl_log.o                               104       88
    fsl_lpi2c.o                           1'520      260       48
    fsl_lpspi.o                             296      164       28
    fsl_lpuart.o                          1'348      300       40
    fsl_pwm.o                             1'100      296
    fsl_sccb.o                              194
    fsl_sd.o                              5'680      140
    fsl_sd_disk.o                           132               208
    fsl_sdmmc_common.o                    1'024      104      512
    fsl_sdmmc_event.o                        76                12
    fsl_sdmmc_host.o                        252      128       53
    fsl_str.o                             2'072
    fsl_usdhc.o                             628      460       16
    fsl_xbara.o                              38
    gpio.o                                  116        8       20
    image.o                                            5       12
    init.o                                  300
    irq.o                                    12
    key.o                                   444
    lcd_driver.o                          1'336      237      610
    led.o                                    80
    main.o                                   14
    motor.o                                 604
    os.o                                     32       63      160
    ostime.o                                440
    pin_mux.o                               244      100
    pwm.o                                    64        6       16
    resource_config.o                                427      440
    screen.o                              2'576
    servo.o                                 584
    softtimer.o                             296        4      312
    startup_MIMXRT1064.o                  1'572
    system_MIMXRT1064.o                     306        2        4
    systime.o                                84        9       24
    task.o                                   80
    uart.o                                  128       12       32
    ui.o                                     84
    -------------------------------------------------------------
    Total:                               46'830    8'155  135'258

dl7M_tlf.a: [2]
    abort.o                                   6
    abs.o                                     8
    exit.o                                    4
    getchar.o                                16
    iar_Stoflt.o                            440
    iar_Stollx.o                            166
    iar_Stopfx.o                            290
    iar_Stoullx.o                           434       80
    iar_Stoxflt.o                           520
    isalpha.o                                20
    isspace.o                                20
    printf.o                                 40
    putchar.o                                12
    tolower.o                                20
    ungetc.o                                 88
    vprintf.o                                32
    vscanf.o                                 32
    vsprintf.o                               52
    xfail_s.o                                64                 4
    xfiles.o                                          56      224
    xlocale_c.o                              76       55      128
    xprintffull_nomb.o                    4'038        8
    xprout.o                                 22
    xscanffull_nomb.o                     3'516       76
    xscin.o                                  14
    xsprout.o                                10
    -------------------------------------------------------------
    Total:                                9'940      275      356

m7M_tlv.a: [3]
    DblCmpGe.o                               46
    DblCmpLe.o                               46
    DblDiv.o                                 18
    DblMul.o                                 18
    DblSub.o                                 18
    DblToFlt.o                               14
    DblToS32.o                               14
    DblToS64.o                               92
    DblToU32.o                               14
    S32ToDbl.o                               14
    S64ToDbl.o                               82
    U32ToDbl.o                               14
    fpinit_M.o                               34
    frexp.o                                 136
    iar_Exp64.o                             872
    ldexp.o                                 260
    math_wrappers64.o                        14
    modf.o                                  158
    pow64.o                               1'388    1'056
    strto64.o                             1'100       72
    -------------------------------------------------------------
    Total:                                4'352    1'128

rt7M_tl.a: [4]
    ABImemclr4.o                              6
    ABImemcpy.o                             166
    ABImemset48.o                            58
    I64DivMod.o                             628
    I64DivZer.o                               2
    XXexit.o                                 12
    cexit.o                                  10
    cmain.o                                  30
    cstartup_M.o                             12
    data_init.o                              40
    lz77_init.o                             492
    memchr.o                                 88
    strchr.o                                 22
    strlen.o                                 54
    zero_init3.o                             58
    -------------------------------------------------------------
    Total:                                1'678

    Gaps                                     14        8        6
    Linker created                                    52   16'384
-----------------------------------------------------------------
    Grand Total:                         62'814    9'618  152'004


*******************************************************************************
*** ENTRY LIST
***

Entry                       Address      Size  Type      Object
-----                       -------      ----  ----      ------
.iar.init_table$$Base   0x7001'2cac             --   Gb  - Linker created -
.iar.init_table$$Limit  0x7001'2ce0             --   Gb  - Linker created -
?main                   0x7001'2d01            Code  Gb  cmain.o [4]
ARM_MPU_Disable         0x7000'4203      0x1c  Code  Lc  board.o [1]
ARM_MPU_Enable          0x7000'41e9      0x1a  Code  Lc  board.o [1]
BOARD_BootClockRUN      0x7000'c31d     0x4b0  Code  Gb  clock_config.o [1]
BOARD_ConfigMPU         0x7000'43c1      0x7a  Code  Gb  board.o [1]
BOARD_DebugConsoleSrcFreq
                        0x7000'436d      0x3c  Code  Gb  board.o [1]
BOARD_InitDebugConsole  0x7000'43a9      0x18  Code  Gb  board.o [1]
BOARD_InitPins          0x7001'10c1      0x64  Code  Gb  pin_mux.o [1]
BOARD_SD_Pin_Config     0x7000'443b      0x8c  Code  Gb  board.o [1]
CAMERA_DEVICE_Init      0x7000'e3df       0x6  Code  Lc  LQ_CSI.o [1]
CAMERA_DEVICE_Start     0x7000'e3e5       0x6  Code  Lc  LQ_CSI.o [1]
CAMERA_RECEIVER_GetFullBuffer
                        0x7001'0397       0x6  Code  Lc  camera.o [1]
CAMERA_RECEIVER_Init    0x7000'e3eb       0xa  Code  Lc  LQ_CSI.o [1]
CAMERA_RECEIVER_Start   0x7001'0385       0x6  Code  Lc  camera.o [1]
CAMERA_RECEIVER_Stop    0x7001'038b       0x6  Code  Lc  camera.o [1]
CAMERA_RECEIVER_SubmitEmptyBuffer
                        0x7001'0391       0x6  Code  Lc  camera.o [1]
CAMERA_RECEIVER_SubmitEmptyBuffer
                        0x7001'0189       0x6  Code  Lc  capture.o [1]
CAMERA_RECEIVER_SubmitEmptyBuffer
                        0x7001'1439       0x6  Code  Lc  LQ_Camera.o [1]
CAMERA_RECEIVER_SubmitEmptyBuffer
                        0x7000'e3f5       0x6  Code  Lc  LQ_CSI.o [1]
CAN1_DriverIRQHandler   0x7001'1895      0x26  Code  Gb  fsl_flexcan.o [1]
CAN2_DriverIRQHandler   0x7001'18bd      0x26  Code  Gb  fsl_flexcan.o [1]
CAN3_DriverIRQHandler   0x7001'18e5      0x26  Code  Gb  fsl_flexcan.o [1]
CLOCK_ControlGate       0x7000'c2ad      0x40  Code  Lc  clock_config.o [1]
CLOCK_ControlGate       0x7000'c935      0x40  Code  Lc  fsl_csi.o [1]
CLOCK_ControlGate       0x7000'f699      0x3c  Code  Lc  fsl_enc.o [1]
CLOCK_ControlGate       0x7000'4719      0x3a  Code  Lc  fsl_gpio.o [1]
CLOCK_ControlGate       0x7000'cf11      0x40  Code  Lc  fsl_lpi2c.o [1]
CLOCK_ControlGate       0x7000'61fd      0x40  Code  Lc  fsl_lpuart.o [1]
CLOCK_ControlGate       0x7000'b365      0x40  Code  Lc  fsl_pwm.o [1]
CLOCK_ControlGate       0x7000'e39f      0x3c  Code  Lc  LQ_CSI.o [1]
CLOCK_ControlGate       0x7000'f3e1      0x3a  Code  Lc  LQ_Encoder.o [1]
CLOCK_ControlGate       0x7000'e675      0x40  Code  Lc  LQ_GPIO.o [1]
CLOCK_ControlGate       0x7000'e9e1      0x3a  Code  Lc  LQ_IIC.o [1]
CLOCK_ControlGate       0x7000'a709      0x3e  Code  Lc  LQ_PWM.o [1]
CLOCK_ControlGate       0x7000'ec9d      0x3c  Code  Lc  LQ_UART.o [1]
CLOCK_ControlGate       0x7001'1059      0x3a  Code  Lc  pin_mux.o [1]
CLOCK_DeinitAudioPll    0x7000'4baf       0xc  Code  Gb  fsl_clock.o [1]
CLOCK_DeinitEnetPll     0x7000'4bc7       0xc  Code  Gb  fsl_clock.o [1]
CLOCK_DeinitUsb2Pll     0x7000'4ba5       0xa  Code  Gb  fsl_clock.o [1]
CLOCK_DeinitVideoPll    0x7000'4bbb       0xc  Code  Gb  fsl_clock.o [1]
CLOCK_DisableClock      0x7000'c2ed       0x4  Code  Lc  clock_config.o [1]
CLOCK_DisableClock      0x7000'c979       0x4  Code  Lc  fsl_csi.o [1]
CLOCK_DisableClock      0x7000'cf61       0x4  Code  Lc  fsl_lpi2c.o [1]
CLOCK_EnableClock       0x7000'c975       0x4  Code  Lc  fsl_csi.o [1]
CLOCK_EnableClock       0x7000'f6d5       0x4  Code  Lc  fsl_enc.o [1]
CLOCK_EnableClock       0x7000'4753       0x4  Code  Lc  fsl_gpio.o [1]
CLOCK_EnableClock       0x7000'cf5d       0x4  Code  Lc  fsl_lpi2c.o [1]
CLOCK_EnableClock       0x7000'6249       0x4  Code  Lc  fsl_lpuart.o [1]
CLOCK_EnableClock       0x7000'b3a5       0x4  Code  Lc  fsl_pwm.o [1]
CLOCK_EnableClock       0x7000'e3db       0x4  Code  Lc  LQ_CSI.o [1]
CLOCK_EnableClock       0x7000'f41b       0x4  Code  Lc  LQ_Encoder.o [1]
CLOCK_EnableClock       0x7000'e6b5       0x4  Code  Lc  LQ_GPIO.o [1]
CLOCK_EnableClock       0x7000'ea1b       0x4  Code  Lc  LQ_IIC.o [1]
CLOCK_EnableClock       0x7000'a747       0x4  Code  Lc  LQ_PWM.o [1]
CLOCK_EnableClock       0x7000'ecd9       0x4  Code  Lc  LQ_UART.o [1]
CLOCK_EnableClock       0x7001'1093       0x4  Code  Lc  pin_mux.o [1]
CLOCK_GetAhbFreq        0x7000'4a15      0x18  Code  Gb  fsl_clock.o [1]
CLOCK_GetDiv            0x7000'432b      0x24  Code  Lc  board.o [1]
CLOCK_GetFreq           0x7000'4aa1      0x84  Code  Gb  fsl_clock.o [1]
CLOCK_GetIpgFreq        0x7000'4a61      0x18  Code  Gb  fsl_clock.o [1]
CLOCK_GetMux            0x7000'4307      0x24  Code  Lc  board.o [1]
CLOCK_GetOscFreq        0x7000'434f      0x12  Code  Lc  board.o [1]
CLOCK_GetOscFreq        0x7000'48c5      0x18  Code  Lc  fsl_clock.o [1]
CLOCK_GetPerClkFreq     0x7000'4a79      0x26  Code  Gb  fsl_clock.o [1]
CLOCK_GetPeriphClkFreq  0x7000'491f      0x98  Code  Lc  fsl_clock.o [1]
CLOCK_GetPllBypassRefClk
                        0x7000'4909      0x16  Code  Lc  fsl_clock.o [1]
CLOCK_GetPllFreq        0x7000'4bd5     0x1c6  Code  Gb  fsl_clock.o [1]
CLOCK_GetPllFreq::enetRefClkFreq
                        0x7000'4efc      0x10  Data  Lc  fsl_clock.o [1]
CLOCK_GetRtcFreq        0x7000'48dd       0x6  Code  Lc  fsl_clock.o [1]
CLOCK_GetSemcFreq       0x7000'4a2d      0x34  Code  Gb  fsl_clock.o [1]
CLOCK_GetSysPfdFreq     0x7000'4dc1      0x58  Code  Gb  fsl_clock.o [1]
CLOCK_GetUsb1PfdFreq    0x7000'4e19      0x58  Code  Gb  fsl_clock.o [1]
CLOCK_InitArmPll        0x7000'4b25      0x40  Code  Gb  fsl_clock.o [1]
CLOCK_InitExternalClk   0x7000'49b7      0x3c  Code  Gb  fsl_clock.o [1]
CLOCK_InitRcOsc24M      0x7000'4a07       0xe  Code  Gb  fsl_clock.o [1]
CLOCK_InitSysPfd        0x7000'4d9b      0x26  Code  Gb  fsl_clock.o [1]
CLOCK_InitSysPll        0x7000'4b65      0x40  Code  Gb  fsl_clock.o [1]
CLOCK_IsPllBypassed     0x7000'48e3      0x10  Code  Lc  fsl_clock.o [1]
CLOCK_IsPllEnabled      0x7000'48f3      0x16  Code  Lc  fsl_clock.o [1]
CLOCK_SetDiv            0x7000'c251      0x5c  Code  Lc  clock_config.o [1]
CLOCK_SetDiv            0x7000'e345      0x5a  Code  Lc  LQ_CSI.o [1]
CLOCK_SetDiv            0x7000'e989      0x56  Code  Lc  LQ_IIC.o [1]
CLOCK_SetMux            0x7000'c1f5      0x5c  Code  Lc  clock_config.o [1]
CLOCK_SetMux            0x7000'e2e9      0x5c  Code  Lc  LQ_CSI.o [1]
CLOCK_SetPllBypass      0x7000'c301      0x1c  Code  Lc  clock_config.o [1]
CLOCK_SetRtcXtalFreq    0x7000'c2f9       0x8  Code  Lc  clock_config.o [1]
CLOCK_SetXtalFreq       0x7000'c2f1       0x8  Code  Lc  clock_config.o [1]
CLOCK_SwitchOsc         0x7000'49f3      0x14  Code  Gb  fsl_clock.o [1]
CSI_ADAPTER_Callback    0x7001'0efd      0x26  Code  Lc  fsl_csi_camera_adapter.o [1]
CSI_ADAPTER_Deinit      0x7001'0ec1       0xe  Code  Lc  fsl_csi_camera_adapter.o [1]
CSI_ADAPTER_GetFullBuffer
                        0x7001'0eef       0xc  Code  Lc  fsl_csi_camera_adapter.o [1]
CSI_ADAPTER_Init        0x7001'0e01      0xc0  Code  Lc  fsl_csi_camera_adapter.o [1]
CSI_ADAPTER_InitExt     0x7001'0f23       0xa  Code  Lc  fsl_csi_camera_adapter.o [1]
CSI_ADAPTER_Start       0x7001'0ecf       0xa  Code  Lc  fsl_csi_camera_adapter.o [1]
CSI_ADAPTER_Stop        0x7001'0ed9       0xa  Code  Lc  fsl_csi_camera_adapter.o [1]
CSI_ADAPTER_SubmitEmptyBuffer
                        0x7001'0ee3       0xc  Code  Lc  fsl_csi_camera_adapter.o [1]
CSI_CameraInit          0x7000'e515      0x90  Code  Gb  LQ_CSI.o [1]
CSI_ClearFifo           0x7000'cbc1      0x2a  Code  Gb  fsl_csi.o [1]
CSI_Deinit              0x7000'cb11      0x1c  Code  Gb  fsl_csi.o [1]
CSI_DisableInterrupts   0x7000'cc57      0x24  Code  Gb  fsl_csi.o [1]
CSI_DriverIRQHandler    0x7000'cebf       0xa  Code  Gb  fsl_csi.o [1]
CSI_EnableFifoDmaRequest
                        0x7000'cc0b      0x2a  Code  Gb  fsl_csi.o [1]
CSI_EnableInterrupts    0x7000'cc35      0x22  Code  Gb  fsl_csi.o [1]
CSI_GetDefaultConfig    0x7000'cb75      0x40  Code  Gb  fsl_csi.o [1]
CSI_GetInstance         0x7000'c9b9      0x2e  Code  Lc  fsl_csi.o [1]
CSI_IRQHandler          0x7000'e417       0x4  Code  Gb  LQ_CSI.o [1]
CSI_Init                0x7000'ca2f      0xe2  Code  Gb  fsl_csi.o [1]
CSI_PinsInit            0x7000'e41b      0xfa  Code  Gb  LQ_CSI.o [1]
CSI_ReflashFifoDma      0x7000'cbeb      0x20  Code  Gb  fsl_csi.o [1]
CSI_Reset               0x7000'cb2d      0x48  Code  Gb  fsl_csi.o [1]
CSI_SetRxBufferAddr     0x7000'cbb5       0xc  Code  Gb  fsl_csi.o [1]
CSI_Start               0x7000'c995      0x16  Code  Lc  fsl_csi.o [1]
CSI_Stop                0x7000'c9ab       0xe  Code  Lc  fsl_csi.o [1]
CSI_TransferCreateHandle
                        0x7000'cc7d      0x4e  Code  Gb  fsl_csi.o [1]
CSI_TransferGetEmptyBufferCount
                        0x7000'c9ff       0x8  Code  Lc  fsl_csi.o [1]
CSI_TransferGetFullBuffer
                        0x7000'cdeb      0x32  Code  Gb  fsl_csi.o [1]
CSI_TransferGetQueueDelta
                        0x7000'c9e7       0xe  Code  Lc  fsl_csi.o [1]
CSI_TransferHandleIRQ   0x7000'ce1d      0xa2  Code  Gb  fsl_csi.o [1]
CSI_TransferIncreaseQueueIdx
                        0x7000'c9f5       0xa  Code  Lc  fsl_csi.o [1]
CSI_TransferLoadBufferToDevice
                        0x7000'ca07      0x28  Code  Lc  fsl_csi.o [1]
CSI_TransferStart       0x7000'cccd      0x70  Code  Gb  fsl_csi.o [1]
CSI_TransferStop        0x7000'cd3d      0x3a  Code  Gb  fsl_csi.o [1]
CSI_TransferSubmitEmptyBuffer
                        0x7000'cd77      0x74  Code  Gb  fsl_csi.o [1]
CSTACK$$Base            0x2003'c000             --   Gb  - Linker created -
CSTACK$$Limit           0x2004'0000             --   Gb  - Linker created -
CameraGetState          0x7001'03c1      0x16  Code  Gb  camera.o [1]
CameraInit              0x7001'039d       0xc  Code  Gb  camera.o [1]
CameraRead              0x7001'03d7      0x20  Code  Gb  camera.o [1]
CameraStart             0x7001'03a9       0xc  Code  Gb  camera.o [1]
CameraStop              0x7001'03b5       0xc  Code  Gb  camera.o [1]
Capture                 0x2000'003c      0x5c  Data  Gb  devices_config.o [1]
CaptureDemo1            0x7001'1727      0x40  Code  Gb  app.o [1]
Capture_ClearReadFinFlag
                        0x7001'01e1      0x10  Code  Gb  capture.o [1]
Capture_GetState        0x7001'01f1      0x20  Code  Gb  capture.o [1]
Capture_Init            0x7001'030d      0x46  Code  Gb  capture.o [1]
Capture_Read            0x7001'018f      0x52  Code  Gb  capture.o [1]
Capture_Report          0x7001'0269      0x40  Code  Gb  capture.o [1]
Capture_Show            0x7001'02a9      0x64  Code  Gb  capture.o [1]
Capture_Start           0x7001'0235      0x1c  Code  Gb  capture.o [1]
Capture_Stop            0x7001'0251      0x18  Code  Gb  capture.o [1]
Capture_Test            0x7001'0211      0x24  Code  Gb  capture.o [1]
Console                 0x2000'0020      0x1c  Data  Gb  console.o [1]
Console_Init            0x7001'15a9       0x8  Code  Gb  console.o [1]
Console_Read            0x7001'15d9      0x24  Code  Gb  console.o [1]
Console_ReadKey         0x7001'1621      0x22  Code  Gb  console.o [1]
Console_ReadLine        0x7001'15fd      0x24  Code  Gb  console.o [1]
Console_Update          0x7001'15b1       0x2  Code  Gb  console.o [1]
Console_Write           0x7001'15b3      0x10  Code  Gb  console.o [1]
Console_WriteLine       0x7001'15c3      0x16  Code  Gb  console.o [1]
ConvertFloatRadixNumToString
                        0x7000'5091     0x17e  Code  Lc  fsl_str.o [1]
ConvertRadixNumToString
                        0x7000'4fc1      0xd0  Code  Lc  fsl_str.o [1]
Core0_Init              0x7001'0f51      0xce  Code  Gb  init.o [1]
Core0_Main              0x7001'1767      0x34  Code  Gb  app.o [1]
CurrVol                 0x2001'7580       0x1  Data  Lc  ff.o [1]
DMA0_DMA16_DriverIRQHandler
                        0x7000'db5d      0x36  Code  Gb  fsl_edma.o [1]
DMA10_DMA26_DriverIRQHandler
                        0x7000'dd7d      0x36  Code  Gb  fsl_edma.o [1]
DMA11_DMA27_DriverIRQHandler
                        0x7000'ddb3      0x36  Code  Gb  fsl_edma.o [1]
DMA12_DMA28_DriverIRQHandler
                        0x7000'dde9      0x36  Code  Gb  fsl_edma.o [1]
DMA13_DMA29_DriverIRQHandler
                        0x7000'de1f      0x36  Code  Gb  fsl_edma.o [1]
DMA14_DMA30_DriverIRQHandler
                        0x7000'de55      0x34  Code  Gb  fsl_edma.o [1]
DMA15_DMA31_DriverIRQHandler
                        0x7000'de89      0x32  Code  Gb  fsl_edma.o [1]
DMA1_DMA17_DriverIRQHandler
                        0x7000'db93      0x36  Code  Gb  fsl_edma.o [1]
DMA2_DMA18_DriverIRQHandler
                        0x7000'dbc9      0x36  Code  Gb  fsl_edma.o [1]
DMA3_DMA19_DriverIRQHandler
                        0x7000'dbff      0x36  Code  Gb  fsl_edma.o [1]
DMA4_DMA20_DriverIRQHandler
                        0x7000'dc35      0x36  Code  Gb  fsl_edma.o [1]
DMA5_DMA21_DriverIRQHandler
                        0x7000'dc6d      0x36  Code  Gb  fsl_edma.o [1]
DMA6_DMA22_DriverIRQHandler
                        0x7000'dca3      0x36  Code  Gb  fsl_edma.o [1]
DMA7_DMA23_DriverIRQHandler
                        0x7000'dcd9      0x36  Code  Gb  fsl_edma.o [1]
DMA8_DMA24_DriverIRQHandler
                        0x7000'dd11      0x36  Code  Gb  fsl_edma.o [1]
DMA9_DMA25_DriverIRQHandler
                        0x7000'dd47      0x36  Code  Gb  fsl_edma.o [1]
DTCRAM$$Base            0x2000'14c0             --   Gb  - Linker created -
DTCRAM$$Limit           0x2001'7540             --   Gb  - Linker created -
DbgConsole_Init         0x7000'4669      0x30  Code  Gb  fsl_debug_console.o [1]
DbgConsole_Printf       0x7000'469d      0x30  Code  Gb  fsl_debug_console.o [1]
DbgConsole_RelocateLog  0x7000'46cd      0x3a  Code  Lc  fsl_debug_console.o [1]
DebugCom                0x2001'7540      0x30  Data  Gb  devices_config.o [1]
Dtentox                 0x7000'9e89     0x1f8  Code  Lc  strto64.o [3]
EDMA_GetChannelStatusFlags
                        0x7000'da39      0x46  Code  Gb  fsl_edma.o [1]
EDMA_HandleIRQ          0x7000'da95      0xba  Code  Gb  fsl_edma.o [1]
ENC_DoSoftwareLoadInitialPositionValue
                        0x7000'f83d      0x10  Code  Gb  fsl_enc.o [1]
ENC_GetDefaultConfig    0x7000'f7ed      0x40  Code  Gb  fsl_enc.o [1]
ENC_GetInstance         0x7000'f6d9      0x30  Code  Lc  fsl_enc.o [1]
ENC_GetValue            0x7000'f46f       0x6  Code  Gb  LQ_Encoder.o [1]
ENC_Init                0x7000'f709      0xe4  Code  Gb  fsl_enc.o [1]
ENC_InitConfig          0x7000'f43b      0x34  Code  Gb  LQ_Encoder.o [1]
ENC_PinInit             0x7000'f475     0x194  Code  Gb  LQ_Encoder.o [1]
ENC_Resources           0x2000'1378      0x18  Data  Gb  resource_config.o [1]
ENCx                    0x2000'052c       0x8  Data  Gb  enc.o [1]
ENCx_Init               0x7001'2ddd       0xe  Code  Gb  enc.o [1]
ENCx_Read               0x7001'2deb       0x6  Code  Gb  enc.o [1]
EnableIRQ               0x7000'c97d      0x18  Code  Lc  fsl_csi.o [1]
FLEXIO1_DriverIRQHandler
                        0x7001'2be9       0x2  Code  Gb  fsl_flexio.o [1]
FLEXIO2_DriverIRQHandler
                        0x7001'2beb       0x2  Code  Gb  fsl_flexio.o [1]
FLEXIO3_DriverIRQHandler
                        0x7001'2bed       0x2  Code  Gb  fsl_flexio.o [1]
FLEXIO_CommonIRQHandler
                        0x7001'2bc1      0x20  Code  Gb  fsl_flexio.o [1]
FLEXSPI_CheckAndClearError
                        0x7000'ff83      0x5e  Code  Gb  fsl_flexspi.o [1]
FLEXSPI_ClearInterruptStatusFlags
                        0x7000'ff7b       0x8  Code  Lc  fsl_flexspi.o [1]
FLEXSPI_DisableInterrupts
                        0x7000'ff71       0xa  Code  Lc  fsl_flexspi.o [1]
FLEXSPI_DriverIRQHandler
                        0x7001'016d       0x8  Code  Gb  fsl_flexspi.o [1]
FLEXSPI_TransferAbort   0x7000'ffe5      0x2a  Code  Gb  fsl_flexspi.o [1]
FLEXSPI_TransferHandleIRQ
                        0x7001'000f     0x15e  Code  Gb  fsl_flexspi.o [1]
FatFs                   0x2001'7574       0xc  Data  Lc  ff.o [1]
FileSys_Init            0x7001'2b91       0x4  Code  Gb  file.o [1]
FileSys_PathIsExists    0x7001'2b95      0x2a  Code  Gb  file.o [1]
Font_code8              0x2000'0554     0x260  Data  Gb  lcd_driver.o [1]
Fsid                    0x2001'7570       0x2  Data  Lc  ff.o [1]
GPIO2_Combined_16_31_IRQHandler
                        0x7001'2ea1       0xc  Code  Gb  irq.o [1]
GPIO_GetInstance        0x7000'4759      0x30  Code  Lc  fsl_gpio.o [1]
GPIO_PinInit            0x7000'4789      0x56  Code  Gb  fsl_gpio.o [1]
GPIO_PinRead            0x7000'456d      0x26  Code  Lc  fsl_sdmmc_host.o [1]
GPIO_PinRead            0x7000'e6e1      0x26  Code  Lc  LQ_GPIO.o [1]
GPIO_PinSetInterruptConfig
                        0x7000'4825      0x7c  Code  Gb  fsl_gpio.o [1]
GPIO_PinWrite           0x7000'47e1      0x34  Code  Gb  fsl_gpio.o [1]
GPIO_PortClearInterruptFlags
                        0x7000'4597       0x4  Code  Lc  fsl_sdmmc_host.o [1]
GPIO_PortEnableInterrupts
                        0x7000'e707       0x8  Code  Lc  LQ_GPIO.o [1]
GPIO_PortGetInterruptFlags
                        0x7000'4593       0x4  Code  Lc  fsl_sdmmc_host.o [1]
GPIO_Resources          0x2000'11d8     0x140  Data  Gb  resource_config.o [1]
GPIO_SetPinInterruptConfig
                        0x7000'4757       0x2  Code  Lc  fsl_gpio.o [1]
GPIOx                   0x2000'0534      0x14  Data  Gb  gpio.o [1]
GPIOx_Init              0x7001'1fed      0x2c  Code  Gb  gpio.o [1]
GPIOx_Read              0x7001'2019      0x10  Code  Gb  gpio.o [1]
GPIOx_Reverse           0x7001'2043      0x12  Code  Gb  gpio.o [1]
GPIOx_SetDir            0x7001'2055       0xc  Code  Gb  gpio.o [1]
GPIOx_Write             0x7001'2029      0x1a  Code  Gb  gpio.o [1]
GetMotorState           0x7000'f9b7       0x4  Code  Gb  motor.o [1]
GetServoState           0x7000'fc21       0x4  Code  Gb  servo.o [1]
Get_Use_Image           0x7001'143f      0x60  Code  Gb  LQ_Camera.o [1]
IIC_InitConfig          0x7000'ea47      0x30  Code  Gb  LQ_IIC.o [1]
IIC_PinInit             0x7000'ea77     0x17c  Code  Gb  LQ_IIC.o [1]
IOMUXC_SetPinConfig     0x7000'4361       0xc  Code  Lc  board.o [1]
IOMUXC_SetPinConfig     0x7000'e6d5       0xc  Code  Lc  LQ_GPIO.o [1]
IOMUXC_SetPinConfig     0x7000'ea3b       0xc  Code  Lc  LQ_IIC.o [1]
IOMUXC_SetPinConfig     0x7000'a79b       0xc  Code  Lc  LQ_PWM.o [1]
IOMUXC_SetPinConfig     0x7001'10b3       0xc  Code  Lc  pin_mux.o [1]
IOMUXC_SetPinMux        0x7000'e3fb      0x1c  Code  Lc  LQ_CSI.o [1]
IOMUXC_SetPinMux        0x7000'f41f      0x1c  Code  Lc  LQ_Encoder.o [1]
IOMUXC_SetPinMux        0x7000'e6b9      0x1c  Code  Lc  LQ_GPIO.o [1]
IOMUXC_SetPinMux        0x7000'ea1f      0x1c  Code  Lc  LQ_IIC.o [1]
IOMUXC_SetPinMux        0x7000'a77f      0x1c  Code  Lc  LQ_PWM.o [1]
IOMUXC_SetPinMux        0x7000'ecdd      0x1c  Code  Lc  LQ_UART.o [1]
IOMUXC_SetPinMux        0x7001'1097      0x1c  Code  Lc  pin_mux.o [1]
IO_Init                 0x7000'5805      0x52  Code  Gb  fsl_io.o [1]
IO_Transfer             0x7000'5857      0x2c  Code  Gb  fsl_io.o [1]
ImageUsed               0x2000'0548       0xc  Data  Gb  image.o [1]
Image_Use               0x2001'79e8    0x9600  Data  Gb  LQ_Camera.o [1]
InStream_Read           0x7001'0415      0x28  Code  Lc  lz77_init.o [4]
InStream_StepRegion     0x7001'0401      0x14  Code  Lc  lz77_init.o [4]
KEY                     0x2000'0098     0x1c8  Data  Gb  devices_config.o [1]
KEY_BindUsrData         0x7001'08db       0x6  Code  Gb  key.o [1]
KEY_DefaultCallBack     0x7001'08e1       0x2  Code  Gb  key.o [1]
KEY_GetEvent            0x7001'08cb       0x4  Code  Gb  key.o [1]
KEY_GetState            0x7001'08cf       0x4  Code  Gb  key.o [1]
KEY_Init                0x7001'08eb      0x5c  Code  Gb  key.o [1]
KEY_IsShield            0x7001'08d3       0x4  Code  Gb  key.o [1]
KEY_Read                0x7001'07b9      0x1c  Code  Gb  key.o [1]
KEY_ReadIOLevel         0x7001'08e3       0x8  Code  Gb  key.o [1]
KEY_Scan                0x7001'07d5      0xe8  Code  Gb  key.o [1]
KEY_SetDownLevel        0x7001'08d7       0x4  Code  Gb  key.o [1]
KEY_SetShield           0x7001'08bd       0xe  Code  Gb  key.o [1]
Key_PressedCallBack     0x7001'16f9      0x2e  Code  Gb  app.o [1]
LCD_AddrReset           0x7000'd829      0x46  Code  Gb  lcd_driver.o [1]
LCD_DeInit              0x7000'd713       0xe  Code  Gb  lcd_driver.o [1]
LCD_DrawPoint           0x7000'd86f      0x5c  Code  Gb  lcd_driver.o [1]
LCD_Enable              0x2000'14bf       0x1  Data  Lc  lcd_driver.o [1]
LCD_FastDrawArea        0x7000'd921      0x82  Code  Gb  lcd_driver.o [1]
LCD_Fill                0x7000'd9a3      0x7a  Code  Gb  lcd_driver.o [1]
LCD_Init                0x7000'd501     0x212  Code  Gb  lcd_driver.o [1]
LCD_SetArea             0x7000'd8cb      0x56  Code  Gb  lcd_driver.o [1]
LCD_SetEnable           0x7000'da1d       0x6  Code  Gb  lcd_driver.o [1]
LCD_SoftWareWriteByte   0x7000'd721      0x5c  Code  Gb  lcd_driver.o [1]
LCD_SoftWareWriteCmd    0x7000'd7d3      0x56  Code  Gb  lcd_driver.o [1]
LCD_SoftWareWriteWord   0x7000'd77d      0x56  Code  Gb  lcd_driver.o [1]
LCD_Type                0x2000'14be       0x1  Data  Gb  lcd_driver.o [1]
LED_Init                0x7001'2a5f      0x1e  Code  Gb  led.o [1]
LED_OFF                 0x7001'2a47      0x10  Code  Gb  led.o [1]
LED_ON                  0x7001'2a3d       0xa  Code  Gb  led.o [1]
LED_Toggle              0x7001'2a57       0x8  Code  Gb  led.o [1]
LMotor                  0x2000'0280      0x80  Data  Gb  devices_config.o [1]
LOG_Init                0x7000'4f59      0x1a  Code  Gb  fsl_log.o [1]
LOG_Pop                 0x7000'4f97      0x1a  Code  Gb  fsl_log.o [1]
LOG_Push                0x7000'4f75      0x22  Code  Gb  fsl_log.o [1]
LPI2C1_DriverIRQHandler
                        0x7000'd4bf       0x6  Code  Gb  fsl_lpi2c.o [1]
LPI2C2_DriverIRQHandler
                        0x7000'd4c5       0x6  Code  Gb  fsl_lpi2c.o [1]
LPI2C3_DriverIRQHandler
                        0x7000'd4cb       0x6  Code  Gb  fsl_lpi2c.o [1]
LPI2C4_DriverIRQHandler
                        0x7000'd4d1       0x6  Code  Gb  fsl_lpi2c.o [1]
LPI2C_CheckForBusyBus   0x7000'd10d      0x1a  Code  Gb  fsl_lpi2c.o [1]
LPI2C_CommonIRQHandler  0x7000'd481      0x3e  Code  Lc  fsl_lpi2c.o [1]
LPI2C_GetCyclesForWidth
                        0x7000'cff1      0x6c  Code  Lc  fsl_lpi2c.o [1]
LPI2C_GetInstance       0x7000'cfad      0x30  Code  Gb  fsl_lpi2c.o [1]
LPI2C_MasterCheckAndClearError
                        0x7000'd081      0x5a  Code  Gb  fsl_lpi2c.o [1]
LPI2C_MasterClearStatusFlags
                        0x7000'cf7f       0x4  Code  Lc  fsl_lpi2c.o [1]
LPI2C_MasterDeinit      0x7000'd249      0x1c  Code  Gb  fsl_lpi2c.o [1]
LPI2C_MasterEnable      0x7000'cf6f       0xc  Code  Lc  fsl_lpi2c.o [1]
LPI2C_MasterGetDefaultConfig
                        0x7000'd127      0x2c  Code  Gb  fsl_lpi2c.o [1]
LPI2C_MasterGetFifoCounts
                        0x7000'cf93      0x1a  Code  Lc  fsl_lpi2c.o [1]
LPI2C_MasterGetStatusFlags
                        0x7000'cf7b       0x4  Code  Lc  fsl_lpi2c.o [1]
LPI2C_MasterInit        0x7000'd153      0xf2  Code  Gb  fsl_lpi2c.o [1]
LPI2C_MasterReceive     0x7000'd3b7      0x66  Code  Gb  fsl_lpi2c.o [1]
LPI2C_MasterReset       0x7000'cf65       0xa  Code  Lc  fsl_lpi2c.o [1]
LPI2C_MasterSend        0x7000'd41d      0x40  Code  Gb  fsl_lpi2c.o [1]
LPI2C_MasterSetBaudRate
                        0x7000'd265      0xde  Code  Gb  fsl_lpi2c.o [1]
LPI2C_MasterSetWatermarks
                        0x7000'cf83      0x10  Code  Lc  fsl_lpi2c.o [1]
LPI2C_MasterStart       0x7000'd343      0x3a  Code  Gb  fsl_lpi2c.o [1]
LPI2C_MasterStop        0x7000'd37d      0x3a  Code  Gb  fsl_lpi2c.o [1]
LPI2C_MasterWaitForTxReady
                        0x7000'd0db      0x32  Code  Lc  fsl_lpi2c.o [1]
LPSPI1_DriverIRQHandler
                        0x7001'117d      0x24  Code  Gb  fsl_lpspi.o [1]
LPSPI2_DriverIRQHandler
                        0x7001'11a1      0x24  Code  Gb  fsl_lpspi.o [1]
LPSPI3_DriverIRQHandler
                        0x7001'11c5      0x24  Code  Gb  fsl_lpspi.o [1]
LPSPI4_DriverIRQHandler
                        0x7001'11e9      0x24  Code  Gb  fsl_lpspi.o [1]
LPSPI_CommonIRQHandler  0x7001'1155      0x24  Code  Lc  fsl_lpspi.o [1]
LPSPI_IsMaster          0x7001'114d       0x8  Code  Lc  fsl_lpspi.o [1]
LPUART1_DriverIRQHandler
                        0x7000'6635       0xa  Code  Gb  fsl_lpuart.o [1]
LPUART2_DriverIRQHandler
                        0x7000'6645       0xa  Code  Gb  fsl_lpuart.o [1]
LPUART3_DriverIRQHandler
                        0x7000'664f       0xa  Code  Gb  fsl_lpuart.o [1]
LPUART4_DriverIRQHandler
                        0x7000'6659       0xa  Code  Gb  fsl_lpuart.o [1]
LPUART5_DriverIRQHandler
                        0x7000'6663       0xa  Code  Gb  fsl_lpuart.o [1]
LPUART6_DriverIRQHandler
                        0x7000'6671       0xa  Code  Gb  fsl_lpuart.o [1]
LPUART7_DriverIRQHandler
                        0x7000'667b       0xa  Code  Gb  fsl_lpuart.o [1]
LPUART8_DriverIRQHandler
                        0x7000'6689       0xa  Code  Gb  fsl_lpuart.o [1]
LPUART_ClearStatusFlags
[...]
USDHC_SetDataBusWidth   0x7000'2405      0x12  Code  Lc  fsl_sd.o [1]
USDHC_SetSdClock        0x7000'3fcf      0xf4  Code  Gb  fsl_usdhc.o [1]
XBARA_SetSignalsConnection
                        0x7000'f885      0x26  Code  Gb  fsl_xbara.o [1]
ZI$$Base                0x2001'7540             --   Gb  - Linker created -
ZI$$Limit               0x2002'11c4             --   Gb  - Linker created -
_Get                    0x7000'8d69      0x12  Code  Lc  xscanffull_nomb.o [2]
_GetN                   0x7000'8d7b      0x22  Code  Lc  xscanffull_nomb.o [2]
_GetstrFullNoMb         0x7000'9919     0x1a2  Code  Lc  xscanffull_nomb.o [2]
_LitobFullNoMb          0x7000'79f9     0x10a  Code  Lc  xprintffull_nomb.o [2]
_LocaleC_isalpha        0x7000'7d83       0xc  Code  Gb  xlocale_c.o [2]
_LocaleC_islower        0x7000'7d7d       0x4  Code  Gb  xlocale_c.o [2]
_LocaleC_isspace        0x7000'7d99      0x14  Code  Gb  xlocale_c.o [2]
_LocaleC_isupper        0x7000'7d81       0x2  Code  Gb  xlocale_c.o [2]
_LocaleC_tolower        0x7000'7dad       0xc  Code  Gb  xlocale_c.o [2]
_Locale_lconv           0x2000'13ac      0x38  Data  Lc  xlocale_c.o [2]
_PrintfFullNoMb         0x7000'6c39     0xd9c  Code  Gb  xprintffull_nomb.o [2]
_Prout                  0x7001'2da5      0x16  Code  Gb  xprout.o [2]
_PutcharFullNoMb        0x7000'7b69      0x20  Code  Lc  xprintffull_nomb.o [2]
_PutcharsFullNoMb       0x7000'7b89      0x2e  Code  Lc  xprintffull_nomb.o [2]
_SProut                 0x7000'3ec3       0xa  Code  Gb  xsprout.o [2]
_ScanfFullNoMb          0x7000'8db9     0xb02  Code  Gb  xscanffull_nomb.o [2]
_Scin                   0x7001'2e31       0xe  Code  Gb  xscin.o [2]
_UngetN                 0x7000'8d9d      0x1a  Code  Lc  xscanffull_nomb.o [2]
__NVIC_EnableIRQ        0x7000'c91d      0x18  Code  Lc  fsl_csi.o [1]
__NVIC_SetPriority      0x7001'14b9      0x1a  Code  Lc  LQ_SYSTICK.o [1]
__NVIC_SetPriorityGrouping
                        0x7001'0f2d      0x1a  Code  Lc  init.o [1]
__RAM_VECTOR_TABLE_SIZE {Abs}
                              0x400            Data  Gb  <internal module>
__VECTOR_RAM {Abs}      0x7000'2000            Data  Gb  <internal module>
__VECTOR_TABLE {Abs}    0x7000'2000            Data  Gb  <internal module>
__Vectors               0x7000'2000             --   Gb  startup_MIMXRT1064.o [1]
__Vectors_End           0x7000'2400            Data  Gb  startup_MIMXRT1064.o [1]
__Vectors_Size {Abs}          0x400             --   Gb  startup_MIMXRT1064.o [1]
__aeabi_assert          0x7000'3a31      0x18  Code  Gb  fsl_assert.o [1]
__aeabi_cdcmple         0x7000'7cb1            Code  Gb  DblCmpLe.o [3]
__aeabi_cdrcmple        0x7000'7ce1            Code  Gb  DblCmpGe.o [3]
__aeabi_d2f             0x7000'9b5b       0xe  Code  Gb  DblToFlt.o [3]
__aeabi_d2iz            0x7000'7d0f       0xe  Code  Gb  DblToS32.o [3]
__aeabi_d2lz            0x7000'6115            Code  Gb  DblToS64.o [3]
__aeabi_d2uiz           0x7000'7d4f       0xe  Code  Gb  DblToU32.o [3]
__aeabi_ddiv            0x7000'7d3d      0x12  Code  Gb  DblDiv.o [3]
__aeabi_dmul            0x7000'7d6b      0x12  Code  Gb  DblMul.o [3]
__aeabi_dsub            0x7000'7d2b      0x12  Code  Gb  DblSub.o [3]
__aeabi_i2d             0x7000'7d1d       0xe  Code  Gb  S32ToDbl.o [3]
__aeabi_l2d             0x7000'6171            Code  Gb  S64ToDbl.o [3]
__aeabi_ldiv0           0x7000'6741            Code  Gb  I64DivZer.o [4]
__aeabi_ldivmod         0x7000'5895            Code  Gb  I64DivMod.o [4]
__aeabi_memclr4         0x7000'3ebd            Code  Gb  ABImemclr4.o [4]
__aeabi_memcpy          0x7000'3ecd            Code  Gb  ABImemcpy.o [4]
__aeabi_memcpy4         0x7000'3eed            Code  Gb  ABImemcpy.o [4]
__aeabi_memcpy8         0x7000'3eed            Code  Gb  ABImemcpy.o [4]
__aeabi_memset4         0x7000'3e49            Code  Gb  ABImemset48.o [4]
__aeabi_memset8         0x7000'3e49            Code  Gb  ABImemset48.o [4]
__aeabi_ui2d            0x7000'7d5d       0xe  Code  Gb  U32ToDbl.o [3]
__aeabi_uldivmod        0x7000'58d9            Code  Gb  I64DivMod.o [4]
__cmain                 0x7001'2d01            Code  Gb  cmain.o [4]
__exit                  0x7000'7dd1            Code  Gb  XXexit.o [4]
__iar_Exp64             0x7000'67cd     0x368  Code  Gb  iar_Exp64.o [3]
__iar_Fail_s            0x7000'7c19      0x1c  Code  Gb  xfail_s.o [2]
__iar_Memchr            0x7000'7c59            Code  Gb  memchr.o [4]
__iar_Memset4_word      0x7000'3e51            Code  Gb  ABImemset48.o [4]
__iar_Memset8_word      0x7000'3e51            Code  Gb  ABImemset48.o [4]
__iar_Stdin             0x2000'142c      0x48  Data  Gb  xfiles.o [2]
__iar_Stdout            0x2000'1474      0x48  Data  Gb  xfiles.o [2]
__iar_Sto64             0x7000'a089     0x142  Code  Gb  strto64.o [3]
__iar_Stoflt            0x7000'a349     0x1b8  Code  Gb  iar_Stoflt.o [2]
__iar_Stollx            0x7000'9d1d      0xa0  Code  Gb  iar_Stollx.o [2]
__iar_Stopfx            0x7000'a225     0x122  Code  Gb  iar_Stopfx.o [2]
__iar_Stoullx           0x7000'9b69     0x1a4  Code  Gb  iar_Stoullx.o [2]
__iar_Stoxflt           0x7000'a501     0x1d2  Code  Gb  iar_Stoxflt.o [2]
__iar_Stoxflt::digits   0x7000'a6d8      0x18  Data  Lc  iar_Stoxflt.o [2]
__iar_Stoxflt::vals     0x7000'a6f0      0x18  Data  Lc  iar_Stoxflt.o [2]
__iar_Strchr            0x7000'7c01            Code  Gb  strchr.o [4]
__iar_data_init3        0x7001'2c19      0x28  Code  Gb  data_init.o [4]
__iar_frexp             0x7000'6769            Code  Gb  frexp.o [3]
__iar_frexp64           0x7000'6745            Code  Gb  frexp.o [3]
__iar_frexpl            0x7000'6769            Code  Gb  frexp.o [3]
__iar_globLocale        0x2000'13e4      0x48  Data  Lc  xlocale_c.o [2]
__iar_global_Locale     0x7000'7db9       0x4  Code  Gb  xlocale_c.o [2]
__iar_init_vfp          0x7001'2c89            Code  Gb  fpinit_M.o [3]
__iar_ldexp64           0x7000'6b49            Code  Gb  ldexp.o [3]
__iar_lz77_init3        0x7001'047f     0x16e  Code  Gb  lz77_init.o [4]
__iar_modf              0x7000'5b19            Code  Gb  modf.o [3]
__iar_modf64            0x7000'5b09            Code  Gb  modf.o [3]
__iar_modfl             0x7000'5b19            Code  Gb  modf.o [3]
__iar_pow64             0x7000'5ba9     0x518  Code  Gb  pow64.o [3]
__iar_pow_medium        0x7000'5ba9     0x518  Code  Gb  pow64.o [3]
__iar_pow_medium64      0x7000'5ba9     0x518  Code  Gb  pow64.o [3]
__iar_pow_mediuml       0x7000'5ba9     0x518  Code  Gb  pow64.o [3]
__iar_program_start     0x7001'2ead            Code  Gb  cstartup_M.o [4]
__iar_scalbln64         0x7000'6b49            Code  Gb  ldexp.o [3]
__iar_scalbn64          0x7000'6b49            Code  Gb  ldexp.o [3]
__iar_softfp___iar_Sto64
                        0x7000'9b53       0x8  Code  Gb  math_wrappers64.o [3]
__iar_softfp___iar_frexp64
                        0x7000'675d            Code  Gb  frexp.o [3]
__iar_softfp___iar_ldexp64
                        0x7000'6b35            Code  Gb  ldexp.o [3]
__iar_softfp___iar_scalbln64
                        0x7000'6b35            Code  Gb  ldexp.o [3]
__iar_softfp___iar_scalbn64
                        0x7000'6b35            Code  Gb  ldexp.o [3]
__iar_softfp_frexp      0x7000'675d            Code  Gb  frexp.o [3]
__iar_softfp_frexpl     0x7000'675d            Code  Gb  frexp.o [3]
__iar_softfp_ldexp      0x7000'6b35            Code  Gb  ldexp.o [3]
__iar_softfp_ldexpl     0x7000'6b35            Code  Gb  ldexp.o [3]
__iar_softfp_scalbln    0x7000'6b35            Code  Gb  ldexp.o [3]
__iar_softfp_scalblnl   0x7000'6b35            Code  Gb  ldexp.o [3]
__iar_softfp_scalbn     0x7000'6b35            Code  Gb  ldexp.o [3]
__iar_softfp_scalbnl    0x7000'6b35            Code  Gb  ldexp.o [3]
__iar_zero_init3        0x7000'3e83      0x3a  Code  Gb  zero_init3.o [4]
__ungetchar             0x7001'2e27       0x6  Code  Gb  getchar.o [2]
__vector_table          0x7000'2000            Data  Gb  startup_MIMXRT1064.o [1]
__vector_table_0x1c     0x7000'201c            Data  Gb  startup_MIMXRT1064.o [1]
_call_main              0x7001'2d0d            Code  Gb  cmain.o [4]
_exit                   0x7001'2d31            Code  Gb  cexit.o [4]
_main                   0x7001'2d1b            Code  Gb  cmain.o [4]
abort                   0x7000'7dc9       0x6  Code  Gb  abort.o [2]
abs                     0x7000'fb09       0x8  Code  Gb  abs.o [2]
armPllConfig_BOARD_BootClockRUN
                        0x7000'c904       0x8  Data  Gb  clock_config.o [1]
boot_data               0x7000'1020      0x10  Data  Gb  fsl_flexspi_nor_boot.o [1]
cameraConfig            0x2000'07b4      0x18  Data  Gb  LQ_CSI.o [1]
cameraDevice            0x2000'07cc       0x8  Data  Gb  LQ_CSI.o [1]
cameraReceiver          0x2000'07d4       0xc  Data  Gb  LQ_CSI.o [1]
check_fs                0x7000'8755      0x6a  Code  Lc  ff.o [1]
chk_chr                 0x7000'7e4b      0x12  Code  Lc  ff.o [1]
clst2sect               0x7000'7f07      0x1a  Code  Lc  ff.o [1]
create_chain            0x7000'815b      0xf4  Code  Lc  ff.o [1]
create_name             0x7000'8531     0x128  Code  Lc  ff.o [1]
csiFrameBuf             0x2000'14c0  0x1'6080  Data  Gb  LQ_CSI.o [1]
csiPrivateData          0x2002'0ffc      0x2c  Data  Lc  LQ_CSI.o [1]
csiResource             0x2000'07e0       0x4  Data  Lc  LQ_CSI.o [1]
csi_ops                 0x7001'2d3c      0x1c  Data  Gb  fsl_csi_camera_adapter.o [1]
dbc_1st                 0x7000'7e5d      0x12  Code  Lc  ff.o [1]
dbc_2nd                 0x7000'7e6f      0x18  Code  Lc  ff.o [1]
dcd_data                0x7000'9d1a       0x1  Data  Gb  evkmimxrt1064_sdram_ini_dcd.o [1]
digits                  0x7001'2a14      0x28  Data  Lc  iar_Stoullx.o [2]
dir_alloc               0x7000'8401      0x4e  Code  Lc  ff.o [1]
dir_clear               0x7000'824f      0x58  Code  Lc  ff.o [1]
dir_find                0x7000'849f      0x56  Code  Lc  ff.o [1]
dir_next                0x7000'8345      0xbc  Code  Lc  ff.o [1]
dir_register            0x7000'84f5      0x3a  Code  Lc  ff.o [1]
dir_sdi                 0x7000'82a7      0x9e  Code  Lc  ff.o [1]
disk_initialize         0x7000'8cb5       0xe  Code  Gb  diskio.o [1]
disk_read               0x7000'8cc3      0x10  Code  Gb  diskio.o [1]
disk_status             0x7000'8ca7       0xe  Code  Gb  diskio.o [1]
disk_write              0x7000'8cd3      0x10  Code  Gb  diskio.o [1]
dmul                    0x7000'9dc5      0xc4  Code  Lc  strto64.o [3]
exit                    0x7001'2d2d       0x4  Code  Gb  exit.o [2]
f_open                  0x7000'8a5d     0x1c2  Code  Gb  ff.o [1]
f_opendir               0x7000'8c39      0x6e  Code  Gb  ff.o [1]
fgetc                   0x7001'1663      0x20  Code  Gb  console.o [1]
find_volume             0x7000'87c9     0x290  Code  Lc  ff.o [1]
follow_path             0x7000'8669      0xa0  Code  Lc  ff.o [1]
fps                     0x2000'14bc       0x2  Data  Gb  camera.o [1]
fputc                   0x7001'1643      0x20  Code  Gb  console.o [1]
frexp                   0x7000'6745            Code  Gb  frexp.o [3]
frexpl                  0x7000'6745            Code  Gb  frexp.o [3]
fullCameraBufferAddr    0x2002'0fe8       0x4  Data  Gb  LQ_Camera.o [1]
g_eventCardDetect       0x2001'7994       0x4  Data  Lc  fsl_sdmmc_event.o [1]
g_eventTimeMilliseconds
                        0x2001'799c       0x4  Data  Gb  fsl_sdmmc_event.o [1]
g_eventTransferComplete
                        0x2001'7998       0x4  Data  Lc  fsl_sdmmc_event.o [1]
g_reTuningFlag          0x2001'79d0       0x4  Data  Gb  fsl_sdmmc_host.o [1]
g_rtcXtalFreq           0x2001'7588       0x4  Data  Gb  fsl_clock.o [1]
g_sd                    0x2001'76c4      0xd0  Data  Gb  fsl_sd_disk.o [1]
g_sdmmc                 0x2001'7794     0x200  Data  Gb  fsl_sdmmc_common.o [1]
g_usdhcHandle           0x2001'79a0      0x2c  Data  Gb  fsl_sdmmc_host.o [1]
g_usdhcTransferStatus   0x2001'79cc       0x4  Data  Gb  fsl_sdmmc_host.o [1]
g_xtalFreq              0x2001'7584       0x4  Data  Gb  fsl_clock.o [1]
get_fat                 0x7000'7f21      0xca  Code  Lc  ff.o [1]
get_ldnumber            0x7000'8709      0x4a  Code  Lc  ff.o [1]
getchar                 0x7001'2e21       0x6  Code  Gb  getchar.o [2]
image_vector_table      0x7000'1000      0x20  Data  Gb  fsl_flexspi_nor_boot.o [1]
isalpha                 0x7000'9b39      0x14  Code  Gb  isalpha.o [2]
isspace                 0x7000'9b25      0x14  Code  Gb  isspace.o [2]
kLpi2cBases             0x7000'cfdc      0x14  Data  Lc  fsl_lpi2c.o [1]
kLpi2cClocks            0x7000'd45c       0xc  Data  Lc  fsl_lpi2c.o [1]
ld_clust                0x7000'844f      0x26  Code  Lc  ff.o [1]
ld_dword                0x7000'7de7      0x16  Code  Lc  ff.o [1]
ld_word                 0x7000'7ddd       0xa  Code  Lc  ff.o [1]
ldexp                   0x7000'6b49            Code  Gb  ldexp.o [3]
ldexpl                  0x7000'6b49            Code  Gb  ldexp.o [3]
lnbias                  0x7000'dec8     0x420  Data  Lc  pow64.o [3]
localeconv              0x7000'7dbd       0x4  Code  Gb  xlocale_c.o [2]
lqtimer                 0x2002'1028      0x10  Data  Gb  LQ_SYSTICK.o [1]
m_boot_hdr_conf_start {Abs}
                        0x7000'0000            Data  Gb  <internal module>
main                    0x7001'2d1f       0xe  Code  Gb  main.o [1]
mem_cmp                 0x7000'7e31      0x1a  Code  Lc  ff.o [1]
mem_cpy                 0x7000'7e15      0x12  Code  Lc  ff.o [1]
mem_set                 0x7000'7e27       0xa  Code  Lc  ff.o [1]
memchr                  0x7000'7c59            Code  Gb  memchr.o [4]
modf                    0x7000'5b09            Code  Gb  modf.o [3]
modfl                   0x7000'5b09            Code  Gb  modf.o [3]
move_window             0x7000'7ed1      0x36  Code  Lc  ff.o [1]
ndigs                   0x7001'29ec      0x28  Data  Lc  iar_Stoullx.o [2]
obuf                    0x2002'1170      0x50  Data  Lc  xfiles.o [2]
os                      0x2000'1128      0xa0  Data  Gb  os.o [1]
pow                     0x7000'5ba9     0x518  Code  Gb  pow64.o [3]
powl                    0x7000'5ba9     0x518  Code  Gb  pow64.o [3]
pows                    0x7001'2b08      0x48  Data  Lc  strto64.o [3]
printf                  0x7001'16b1      0x28  Code  Gb  printf.o [2]
put_fat                 0x7000'7feb      0xfc  Code  Lc  ff.o [1]
putchar                 0x7001'2dbd       0xc  Code  Gb  putchar.o [2]
qspiflash_config        0x7000'0000     0x200  Data  Gb  evkmimxrt1064_flexspi_nor_config.o [1]
ranmatch                0x7000'98d5      0x42  Code  Lc  xscanffull_nomb.o [2]
remove_chain            0x7000'80e7      0x74  Code  Lc  ff.o [1]
rt_pin_map              0x2000'07e4     0x930  Data  Lc  LQ_GPIO.o [1]
s_EDMAHandle            0x2001'7594      0x80  Data  Lc  fsl_edma.o [1]
s_csiClocks             0x7000'cf08       0x2  Data  Lc  fsl_csi.o [1]
s_csiHandle             0x2001'758c       0x4  Data  Lc  fsl_csi.o [1]
s_csiIRQ                0x7000'cf0c       0x2  Data  Lc  fsl_csi.o [1]
s_csiIsr                0x2001'7590       0x4  Data  Lc  fsl_csi.o [1]
s_debugConsoleIO        0x2001'7648       0x8  Data  Lc  fsl_io.o [1]
s_edmaIRQNumber         0x7000'fd58      0x40  Data  Lc  fsl_edma.o [1]
s_encBases              0x7000'f864      0x14  Data  Lc  fsl_enc.o [1]
s_encClocks             0x7000'f878       0xc  Data  Lc  fsl_enc.o [1]
s_flexcanHandle         0x2001'7614      0x10  Data  Lc  fsl_flexcan.o [1]
s_flexcanIsr            0x2001'7624       0x4  Data  Lc  fsl_flexcan.o [1]
s_flexioHandle          0x2001'7628       0x8  Data  Lc  fsl_flexio.o [1]
s_flexioIsr             0x2001'7638       0x8  Data  Lc  fsl_flexio.o [1]
s_flexioType            0x2001'7630       0x8  Data  Lc  fsl_flexio.o [1]
s_flexspiHandle         0x2001'7640       0x8  Data  Lc  fsl_flexspi.o [1]
s_gpioBases             0x7001'195c      0x28  Data  Lc  fsl_gpio.o [1]
s_gpioClock             0x7000'48b8       0xc  Data  Lc  fsl_gpio.o [1]
s_lpi2cMasterHandle     0x2001'7654      0x14  Data  Lc  fsl_lpi2c.o [1]
s_lpi2cMasterIsr        0x2001'7650       0x4  Data  Lc  fsl_lpi2c.o [1]
s_lpi2cSlaveHandle      0x2001'766c      0x14  Data  Lc  fsl_lpi2c.o [1]
s_lpi2cSlaveIsr         0x2001'7668       0x4  Data  Lc  fsl_lpi2c.o [1]
s_lpspiHandle           0x2001'7680      0x14  Data  Lc  fsl_lpspi.o [1]
s_lpspiMasterIsr        0x2001'7694       0x4  Data  Lc  fsl_lpspi.o [1]
s_lpspiSlaveIsr         0x2001'7698       0x4  Data  Lc  fsl_lpspi.o [1]
s_lpuartBases           0x7001'17cc      0x24  Data  Lc  fsl_lpuart.o [1]
s_lpuartClock           0x7000'672c      0x14  Data  Lc  fsl_lpuart.o [1]
s_lpuartHandle          0x2001'769c      0x24  Data  Lc  fsl_lpuart.o [1]
s_lpuartIsr             0x2001'76c0       0x4  Data  Lc  fsl_lpuart.o [1]
s_pwmBases              0x7000'b79c      0x14  Data  Lc  fsl_pwm.o [1]
s_pwmClocks             0x7001'1a20      0x28  Data  Lc  fsl_pwm.o [1]
s_sdInsertedFlag        0x2001'79d4       0x1  Data  Lc  fsl_sdmmc_host.o [1]
s_usdhcHandle           0x2001'79d8       0xc  Data  Lc  fsl_usdhc.o [1]
s_usdhcIsr              0x2001'79e4       0x4  Data  Lc  fsl_usdhc.o [1]
scalbln                 0x7000'6b49            Code  Gb  ldexp.o [3]
scalblnl                0x7000'6b49            Code  Gb  ldexp.o [3]
scalbn                  0x7000'6b49            Code  Gb  ldexp.o [3]
scalbnl                 0x7000'6b49            Code  Gb  ldexp.o [3]
scale                   0x7000'7b03      0x46  Code  Lc  xprintffull_nomb.o [2]
sd_disk_initialize      0x7000'8d25      0x40  Code  Gb  fsl_sd_disk.o [1]
sd_disk_read            0x7000'8cff      0x1a  Code  Gb  fsl_sd_disk.o [1]
sd_disk_status          0x7000'8d19       0xc  Code  Gb  fsl_sd_disk.o [1]
sd_disk_write           0x7000'8ce5      0x1a  Code  Gb  fsl_sd_disk.o [1]
sec_hand                0x2002'11c0       0x4  Data  Lc  xfail_s.o [2]
softTimer               0x2002'103c     0x134  Data  Lc  softtimer.o [1]
softTimerBase           0x2002'1038       0x4  Data  Lc  softtimer.o [1]
softTimerNum            0x7001'30a4       0x4  Data  Gb  softtimer.o [1]
st_clust                0x7000'8475      0x2a  Code  Lc  ff.o [1]
st_dword                0x7000'7e05      0x10  Code  Lc  ff.o [1]
st_word                 0x7000'7dfd       0x8  Code  Lc  ff.o [1]
strchr                  0x7000'7c01            Code  Gb  strchr.o [4]
strlen                  0x7000'61c5            Code  Gb  strlen.o [4]
strtoll                 0x7000'9dbd       0x2  Code  Gb  iar_Stollx.o [2]
strtoull                0x7000'9d15       0x2  Code  Gb  iar_Stoullx.o [2]
sync_window             0x7000'7e87      0x4a  Code  Lc  ff.o [1]
sysPllConfig_BOARD_BootClockRUN
                        0x7000'c90c      0x10  Data  Gb  clock_config.o [1]
systime                 0x2000'1114      0x14  Data  Gb  LQ_SYSTICK.o [1]
systime_delay_ms        0x7001'156f      0x1a  Code  Gb  LQ_SYSTICK.o [1]
systime_delay_us        0x7001'1557      0x18  Code  Gb  LQ_SYSTICK.o [1]
systime_get_current_time_ms
                        0x7001'1521      0x18  Code  Lc  LQ_SYSTICK.o [1]
systime_get_current_time_us
                        0x7001'1539      0x1e  Code  Lc  LQ_SYSTICK.o [1]
systime_init            0x7001'14fb      0x26  Code  Gb  LQ_SYSTICK.o [1]
tolower                 0x7000'a211      0x14  Code  Gb  tolower.o [2]
ungetc                  0x7001'28ed      0x58  Code  Gb  ungetc.o [2]
vprintf                 0x7001'1691      0x20  Code  Gb  vprintf.o [2]
vscanf                  0x7001'16d9      0x20  Code  Gb  vscanf.o [2]
vsprintf                0x7000'c1c1      0x34  Code  Gb  vsprintf.o [2]


[1] = D:\Onedrive\OneDrive\Car\AI-SmartCar\RTProject\AIVisionCar\Example\example\iar\flexspi_nor_release\Obj
[2] = dl7M_tlf.a
[3] = m7M_tlv.a
[4] = rt7M_tl.a

   62'814 bytes of readonly  code memory
    9'618 bytes of readonly  data memory
  152'004 bytes of readwrite data memory

Errors: none
Warnings: none
