###############################################################################
#
# IAR ELF Linker V8.40.1.212/W32 for ARM                  07/Mar/2021  20:26:49
# Copyright 2007-2019 IAR Systems AB.
#
#    Output file  =
#        D:\Onedrive\OneDrive\Car\AI-SmartCar\RTProject\AiVisionCar\Example\example\iar\flexspi_nor_release\Exe\IMXRT1064.out
#    Map file     =
#        D:\Onedrive\OneDrive\Car\AI-SmartCar\RTProject\AiVisionCar\Example\example\iar\flexspi_nor_release\List\IMXRT1064.map
#    Command line =
#        -f E:\Users\936305~1\AppData\Local\Temp\EW9335.tmp
#        (D:\Onedrive\OneDrive\Car\AI-SmartCar\RTProject\AiVisionCar\Example\example\iar\flexspi_nor_release\Obj\adc.o
#        D:\Onedrive\OneDrive\Car\AI-SmartCar\RTProject\AiVisionCar\Example\example\iar\flexspi_nor_release\Obj\ano_dt.o
#        D:\Onedrive\OneDrive\Car\AI-SmartCar\RTProject\AiVisionCar\Example\example\iar\flexspi_nor_release\Obj\app.o
#        D:\Onedrive\OneDrive\Car\AI-SmartCar\RTProject\AiVisionCar\Example\example\iar\flexspi_nor_release\Obj\beep.o
#        D:\Onedrive\OneDrive\Car\AI-SmartCar\RTProject\AiVisionCar\Example\example\iar\flexspi_nor_release\Obj\bluetooth.o
#        D:\Onedrive\OneDrive\Car\AI-SmartCar\RTProject\AiVisionCar\Example\example\iar\flexspi_nor_release\Obj\board.o
#        D:\Onedrive\OneDrive\Car\AI-SmartCar\RTProject\AiVisionCar\Example\example\iar\flexspi_nor_release\Obj\camera.o
#        D:\Onedrive\OneDrive\Car\AI-SmartCar\RTProject\AiVisionCar\Example\example\iar\flexspi_nor_release\Obj\capture.o
#        D:\Onedrive\OneDrive\Car\AI-SmartCar\RTProject\AiVisionCar\Example\example\iar\flexspi_nor_release\Obj\clock_config.o
#        D:\Onedrive\OneDrive\Car\AI-SmartCar\RTProject\AiVisionCar\Example\example\iar\flexspi_nor_release\Obj\communicate.o
#        D:\Onedrive\OneDrive\Car\AI-SmartCar\RTProject\AiVisionCar\Example\example\iar\flexspi_nor_release\Obj\console.o
#        D:\Onedrive\OneDrive\Car\AI-SmartCar\RTProject\AiVisionCar\Example\example\iar\flexspi_nor_release\Obj\control.o
#        D:\Onedrive\OneDrive\Car\AI-SmartCar\RTProject\AiVisionCar\Example\example\iar\flexspi_nor_release\Obj\ctrlsys.o
#        D:\Onedrive\OneDrive\Car\AI-SmartCar\RTProject\AiVisionCar\Example\example\iar\flexspi_nor_release\Obj\dataprocess.o
#        D:\Onedrive\OneDrive\Car\AI-SmartCar\RTProject\AiVisionCar\Example\example\iar\flexspi_nor_release\Obj\demo.o
#        D:\Onedrive\OneDrive\Car\AI-SmartCar\RTProject\AiVisionCar\Example\example\iar\flexspi_nor_release\Obj\devices_config.o
#        D:\Onedrive\OneDrive\Car\AI-SmartCar\RTProject\AiVisionCar\Example\example\iar\flexspi_nor_release\Obj\dipswitch.o
#        D:\Onedrive\OneDrive\Car\AI-SmartCar\RTProject\AiVisionCar\Example\example\iar\flexspi_nor_release\Obj\diskio.o
#        D:\Onedrive\OneDrive\Car\AI-SmartCar\RTProject\AiVisionCar\Example\example\iar\flexspi_nor_release\Obj\dma.o
#        D:\Onedrive\OneDrive\Car\AI-SmartCar\RTProject\AiVisionCar\Example\example\iar\flexspi_nor_release\Obj\element.nncu.o
#        D:\Onedrive\OneDrive\Car\AI-SmartCar\RTProject\AiVisionCar\Example\example\iar\flexspi_nor_release\Obj\element.o
#        D:\Onedrive\OneDrive\Car\AI-SmartCar\RTProject\AiVisionCar\Example\example\iar\flexspi_nor_release\Obj\enc.o
#        D:\Onedrive\OneDrive\Car\AI-SmartCar\RTProject\AiVisionCar\Example\example\iar\flexspi_nor_release\Obj\esensor.o
#        D:\Onedrive\OneDrive\Car\AI-SmartCar\RTProject\AiVisionCar\Example\example\iar\flexspi_nor_release\Obj\evkmimxrt1064_flexspi_nor_config.o
#        D:\Onedrive\OneDrive\Car\AI-SmartCar\RTProject\AiVisionCar\Example\example\iar\flexspi_nor_release\Obj\evkmimxrt1064_sdram_ini_dcd.o
#        D:\Onedrive\OneDrive\Car\AI-SmartCar\RTProject\AiVisionCar\Example\example\iar\flexspi_nor_release\Obj\ff.o
#        D:\Onedrive\OneDrive\Car\AI-SmartCar\RTProject\AiVisionCar\Example\example\iar\flexspi_nor_release\Obj\ffsystem.o
#        D:\Onedrive\OneDrive\Car\AI-SmartCar\RTProject\AiVisionCar\Example\example\iar\flexspi_nor_release\Obj\ffunicode.o
#        D:\Onedrive\OneDrive\Car\AI-SmartCar\RTProject\AiVisionCar\Example\example\iar\flexspi_nor_release\Obj\file.o
#        D:\Onedrive\OneDrive\Car\AI-SmartCar\RTProject\AiVisionCar\Example\example\iar\flexspi_nor_release\Obj\filter.o
#        D:\Onedrive\OneDrive\Car\AI-SmartCar\RTProject\AiVisionCar\Example\example\iar\flexspi_nor_release\Obj\foo.o
#        D:\Onedrive\OneDrive\Car\AI-SmartCar\RTProject\AiVisionCar\Example\example\iar\flexspi_nor_release\Obj\fsl_adc.o
#        D:\Onedrive\OneDrive\Car\AI-SmartCar\RTProject\AiVisionCar\Example\example\iar\flexspi_nor_release\Obj\fsl_assert.o
#        D:\Onedrive\OneDrive\Car\AI-SmartCar\RTProject\AiVisionCar\Example\example\iar\flexspi_nor_release\Obj\fsl_cache.o
#        D:\Onedrive\OneDrive\Car\AI-SmartCar\RTProject\AiVisionCar\Example\example\iar\flexspi_nor_release\Obj\fsl_clock.o
#        D:\Onedrive\OneDrive\Car\AI-SmartCar\RTProject\AiVisionCar\Example\example\iar\flexspi_nor_release\Obj\fsl_common.o
#        D:\Onedrive\OneDrive\Car\AI-SmartCar\RTProject\AiVisionCar\Example\example\iar\flexspi_nor_release\Obj\fsl_csi.o
#        D:\Onedrive\OneDrive\Car\AI-SmartCar\RTProject\AiVisionCar\Example\example\iar\flexspi_nor_release\Obj\fsl_csi_camera_adapter.o
#        D:\Onedrive\OneDrive\Car\AI-SmartCar\RTProject\AiVisionCar\Example\example\iar\flexspi_nor_release\Obj\fsl_debug_console.o
#        D:\Onedrive\OneDrive\Car\AI-SmartCar\RTProject\AiVisionCar\Example\example\iar\flexspi_nor_release\Obj\fsl_dmamux.o
#        D:\Onedrive\OneDrive\Car\AI-SmartCar\RTProject\AiVisionCar\Example\example\iar\flexspi_nor_release\Obj\fsl_edma.o
#        D:\Onedrive\OneDrive\Car\AI-SmartCar\RTProject\AiVisionCar\Example\example\iar\flexspi_nor_release\Obj\fsl_enc.o
#        D:\Onedrive\OneDrive\Car\AI-SmartCar\RTProject\AiVisionCar\Example\example\iar\flexspi_nor_release\Obj\fsl_flexcan.o
#        D:\Onedrive\OneDrive\Car\AI-SmartCar\RTProject\AiVisionCar\Example\example\iar\flexspi_nor_release\Obj\fsl_flexio.o
#        D:\Onedrive\OneDrive\Car\AI-SmartCar\RTProject\AiVisionCar\Example\example\iar\flexspi_nor_release\Obj\fsl_flexio_camera.o
#        D:\Onedrive\OneDrive\Car\AI-SmartCar\RTProject\AiVisionCar\Example\example\iar\flexspi_nor_release\Obj\fsl_flexio_camera_edma.o
#        D:\Onedrive\OneDrive\Car\AI-SmartCar\RTProject\AiVisionCar\Example\example\iar\flexspi_nor_release\Obj\fsl_flexspi.o
#        D:\Onedrive\OneDrive\Car\AI-SmartCar\RTProject\AiVisionCar\Example\example\iar\flexspi_nor_release\Obj\fsl_flexspi_nor_boot.o
#        D:\Onedrive\OneDrive\Car\AI-SmartCar\RTProject\AiVisionCar\Example\example\iar\flexspi_nor_release\Obj\fsl_gpio.o
#        D:\Onedrive\OneDrive\Car\AI-SmartCar\RTProject\AiVisionCar\Example\example\iar\flexspi_nor_release\Obj\fsl_gpt.o
#        D:\Onedrive\OneDrive\Car\AI-SmartCar\RTProject\AiVisionCar\Example\example\iar\flexspi_nor_release\Obj\fsl_io.o
#        D:\Onedrive\OneDrive\Car\AI-SmartCar\RTProject\AiVisionCar\Example\example\iar\flexspi_nor_release\Obj\fsl_log.o
#        D:\Onedrive\OneDrive\Car\AI-SmartCar\RTProject\AiVisionCar\Example\example\iar\flexspi_nor_release\Obj\fsl_lpi2c.o
#        D:\Onedrive\OneDrive\Car\AI-SmartCar\RTProject\AiVisionCar\Example\example\iar\flexspi_nor_release\Obj\fsl_lpspi.o
#        D:\Onedrive\OneDrive\Car\AI-SmartCar\RTProject\AiVisionCar\Example\example\iar\flexspi_nor_release\Obj\fsl_lpuart.o
#        D:\Onedrive\OneDrive\Car\AI-SmartCar\RTProject\AiVisionCar\Example\example\iar\flexspi_nor_release\Obj\fsl_lpuart_edma.o
#        D:\Onedrive\OneDrive\Car\AI-SmartCar\RTProject\AiVisionCar\Example\example\iar\flexspi_nor_release\Obj\fsl_pit.o
#        D:\Onedrive\OneDrive\Car\AI-SmartCar\RTProject\AiVisionCar\Example\example\iar\flexspi_nor_release\Obj\fsl_pwm.o
#        D:\Onedrive\OneDrive\Car\AI-SmartCar\RTProject\AiVisionCar\Example\example\iar\flexspi_nor_release\Obj\fsl_qtmr.o
#        D:\Onedrive\OneDrive\Car\AI-SmartCar\RTProject\AiVisionCar\Example\example\iar\flexspi_nor_release\Obj\fsl_rtwdog.o
#        D:\Onedrive\OneDrive\Car\AI-SmartCar\RTProject\AiVisionCar\Example\example\iar\flexspi_nor_release\Obj\fsl_sccb.o
#        D:\Onedrive\OneDrive\Car\AI-SmartCar\RTProject\AiVisionCar\Example\example\iar\flexspi_nor_release\Obj\fsl_sd.o
#        D:\Onedrive\OneDrive\Car\AI-SmartCar\RTProject\AiVisionCar\Example\example\iar\flexspi_nor_release\Obj\fsl_sd_disk.o
#        D:\Onedrive\OneDrive\Car\AI-SmartCar\RTProject\AiVisionCar\Example\example\iar\flexspi_nor_release\Obj\fsl_sdmmc_common.o
#        D:\Onedrive\OneDrive\Car\AI-SmartCar\RTProject\AiVisionCar\Example\example\iar\flexspi_nor_release\Obj\fsl_sdmmc_event.o
#        D:\Onedrive\OneDrive\Car\AI-SmartCar\RTProject\AiVisionCar\Example\example\iar\flexspi_nor_release\Obj\fsl_sdmmc_host.o
#        D:\Onedrive\OneDrive\Car\AI-SmartCar\RTProject\AiVisionCar\Example\example\iar\flexspi_nor_release\Obj\fsl_str.o
#        D:\Onedrive\OneDrive\Car\AI-SmartCar\RTProject\AiVisionCar\Example\example\iar\flexspi_nor_release\Obj\fsl_tempmon.o
#        D:\Onedrive\OneDrive\Car\AI-SmartCar\RTProject\AiVisionCar\Example\example\iar\flexspi_nor_release\Obj\fsl_trng.o
#        D:\Onedrive\OneDrive\Car\AI-SmartCar\RTProject\AiVisionCar\Example\example\iar\flexspi_nor_release\Obj\fsl_usdhc.o
#        D:\Onedrive\OneDrive\Car\AI-SmartCar\RTProject\AiVisionCar\Example\example\iar\flexspi_nor_release\Obj\fsl_wdog.o
#        D:\Onedrive\OneDrive\Car\AI-SmartCar\RTProject\AiVisionCar\Example\example\iar\flexspi_nor_release\Obj\fsl_xbara.o
#        D:\Onedrive\OneDrive\Car\AI-SmartCar\RTProject\AiVisionCar\Example\example\iar\flexspi_nor_release\Obj\gpio.o
#        D:\Onedrive\OneDrive\Car\AI-SmartCar\RTProject\AiVisionCar\Example\example\iar\flexspi_nor_release\Obj\henv.o
#        D:\Onedrive\OneDrive\Car\AI-SmartCar\RTProject\AiVisionCar\Example\example\iar\flexspi_nor_release\Obj\iic.o
#        D:\Onedrive\OneDrive\Car\AI-SmartCar\RTProject\AiVisionCar\Example\example\iar\flexspi_nor_release\Obj\image.o
#        D:\Onedrive\OneDrive\Car\AI-SmartCar\RTProject\AiVisionCar\Example\example\iar\flexspi_nor_release\Obj\init.o
#        D:\Onedrive\OneDrive\Car\AI-SmartCar\RTProject\AiVisionCar\Example\example\iar\flexspi_nor_release\Obj\irq.o
#        D:\Onedrive\OneDrive\Car\AI-SmartCar\RTProject\AiVisionCar\Example\example\iar\flexspi_nor_release\Obj\kalman_filter.o
#        D:\Onedrive\OneDrive\Car\AI-SmartCar\RTProject\AiVisionCar\Example\example\iar\flexspi_nor_release\Obj\key.o
#        D:\Onedrive\OneDrive\Car\AI-SmartCar\RTProject\AiVisionCar\Example\example\iar\flexspi_nor_release\Obj\lcd_driver.o
#        D:\Onedrive\OneDrive\Car\AI-SmartCar\RTProject\AiVisionCar\Example\example\iar\flexspi_nor_release\Obj\led.o
#        D:\Onedrive\OneDrive\Car\AI-SmartCar\RTProject\AiVisionCar\Example\example\iar\flexspi_nor_release\Obj\LQ_ADC.o
#        D:\Onedrive\OneDrive\Car\AI-SmartCar\RTProject\AiVisionCar\Example\example\iar\flexspi_nor_release\Obj\LQ_DMA.o
#        D:\Onedrive\OneDrive\Car\AI-SmartCar\RTProject\AiVisionCar\Example\example\iar\flexspi_nor_release\Obj\LQ_Encoder.o
#        D:\Onedrive\OneDrive\Car\AI-SmartCar\RTProject\AiVisionCar\Example\example\iar\flexspi_nor_release\Obj\LQ_GPIO.o
#        D:\Onedrive\OneDrive\Car\AI-SmartCar\RTProject\AiVisionCar\Example\example\iar\flexspi_nor_release\Obj\LQ_GPT.o
#        D:\Onedrive\OneDrive\Car\AI-SmartCar\RTProject\AiVisionCar\Example\example\iar\flexspi_nor_release\Obj\LQ_IIC.o
#        D:\Onedrive\OneDrive\Car\AI-SmartCar\RTProject\AiVisionCar\Example\example\iar\flexspi_nor_release\Obj\LQ_PIT.o
#        D:\Onedrive\OneDrive\Car\AI-SmartCar\RTProject\AiVisionCar\Example\example\iar\flexspi_nor_release\Obj\LQ_PWM.o
#        D:\Onedrive\OneDrive\Car\AI-SmartCar\RTProject\AiVisionCar\Example\example\iar\flexspi_nor_release\Obj\LQ_QTMR.o
#        D:\Onedrive\OneDrive\Car\AI-SmartCar\RTProject\AiVisionCar\Example\example\iar\flexspi_nor_release\Obj\LQ_SOFTIIC.o
#        D:\Onedrive\OneDrive\Car\AI-SmartCar\RTProject\AiVisionCar\Example\example\iar\flexspi_nor_release\Obj\LQ_SPI.o
#        D:\Onedrive\OneDrive\Car\AI-SmartCar\RTProject\AiVisionCar\Example\example\iar\flexspi_nor_release\Obj\LQ_SYSTICK.o
#        D:\Onedrive\OneDrive\Car\AI-SmartCar\RTProject\AiVisionCar\Example\example\iar\flexspi_nor_release\Obj\LQ_UART.o
#        D:\Onedrive\OneDrive\Car\AI-SmartCar\RTProject\AiVisionCar\Example\example\iar\flexspi_nor_release\Obj\LQ_UART_DMA.o
#        D:\Onedrive\OneDrive\Car\AI-SmartCar\RTProject\AiVisionCar\Example\example\iar\flexspi_nor_release\Obj\main.o
#        D:\Onedrive\OneDrive\Car\AI-SmartCar\RTProject\AiVisionCar\Example\example\iar\flexspi_nor_release\Obj\malloc.o
#        D:\Onedrive\OneDrive\Car\AI-SmartCar\RTProject\AiVisionCar\Example\example\iar\flexspi_nor_release\Obj\matrix.o
#        D:\Onedrive\OneDrive\Car\AI-SmartCar\RTProject\AiVisionCar\Example\example\iar\flexspi_nor_release\Obj\motor.o
#        D:\Onedrive\OneDrive\Car\AI-SmartCar\RTProject\AiVisionCar\Example\example\iar\flexspi_nor_release\Obj\neuralnetwork.o
#        D:\Onedrive\OneDrive\Car\AI-SmartCar\RTProject\AiVisionCar\Example\example\iar\flexspi_nor_release\Obj\NNLayer.o
#        D:\Onedrive\OneDrive\Car\AI-SmartCar\RTProject\AiVisionCar\Example\example\iar\flexspi_nor_release\Obj\os.o
#        D:\Onedrive\OneDrive\Car\AI-SmartCar\RTProject\AiVisionCar\Example\example\iar\flexspi_nor_release\Obj\ostime.o
#        D:\Onedrive\OneDrive\Car\AI-SmartCar\RTProject\AiVisionCar\Example\example\iar\flexspi_nor_release\Obj\parameter.o
#        D:\Onedrive\OneDrive\Car\AI-SmartCar\RTProject\AiVisionCar\Example\example\iar\flexspi_nor_release\Obj\pid_ctrl.o
#        D:\Onedrive\OneDrive\Car\AI-SmartCar\RTProject\AiVisionCar\Example\example\iar\flexspi_nor_release\Obj\pin_mux.o
#        D:\Onedrive\OneDrive\Car\AI-SmartCar\RTProject\AiVisionCar\Example\example\iar\flexspi_nor_release\Obj\print.o
#        D:\Onedrive\OneDrive\Car\AI-SmartCar\RTProject\AiVisionCar\Example\example\iar\flexspi_nor_release\Obj\pwm.o
#        D:\Onedrive\OneDrive\Car\AI-SmartCar\RTProject\AiVisionCar\Example\example\iar\flexspi_nor_release\Obj\resource_config.o
#        D:\Onedrive\OneDrive\Car\AI-SmartCar\RTProject\AiVisionCar\Example\example\iar\flexspi_nor_release\Obj\screen.o
#        D:\Onedrive\OneDrive\Car\AI-SmartCar\RTProject\AiVisionCar\Example\example\iar\flexspi_nor_release\Obj\sd.o
#        D:\Onedrive\OneDrive\Car\AI-SmartCar\RTProject\AiVisionCar\Example\example\iar\flexspi_nor_release\Obj\sdcard.o
#        D:\Onedrive\OneDrive\Car\AI-SmartCar\RTProject\AiVisionCar\Example\example\iar\flexspi_nor_release\Obj\servo.o
#        D:\Onedrive\OneDrive\Car\AI-SmartCar\RTProject\AiVisionCar\Example\example\iar\flexspi_nor_release\Obj\softtimer.o
#        D:\Onedrive\OneDrive\Car\AI-SmartCar\RTProject\AiVisionCar\Example\example\iar\flexspi_nor_release\Obj\sort.o
#        D:\Onedrive\OneDrive\Car\AI-SmartCar\RTProject\AiVisionCar\Example\example\iar\flexspi_nor_release\Obj\spi.o
#        D:\Onedrive\OneDrive\Car\AI-SmartCar\RTProject\AiVisionCar\Example\example\iar\flexspi_nor_release\Obj\startup_MIMXRT1064.o
#        D:\Onedrive\OneDrive\Car\AI-SmartCar\RTProject\AiVisionCar\Example\example\iar\flexspi_nor_release\Obj\switch.o
#        D:\Onedrive\OneDrive\Car\AI-SmartCar\RTProject\AiVisionCar\Example\example\iar\flexspi_nor_release\Obj\sysmath.o
#        D:\Onedrive\OneDrive\Car\AI-SmartCar\RTProject\AiVisionCar\Example\example\iar\flexspi_nor_release\Obj\system_MIMXRT1064.o
#        D:\Onedrive\OneDrive\Car\AI-SmartCar\RTProject\AiVisionCar\Example\example\iar\flexspi_nor_release\Obj\systime.o
#        D:\Onedrive\OneDrive\Car\AI-SmartCar\RTProject\AiVisionCar\Example\example\iar\flexspi_nor_release\Obj\task.o
#        D:\Onedrive\OneDrive\Car\AI-SmartCar\RTProject\AiVisionCar\Example\example\iar\flexspi_nor_release\Obj\tim.o
#        D:\Onedrive\OneDrive\Car\AI-SmartCar\RTProject\AiVisionCar\Example\example\iar\flexspi_nor_release\Obj\tracking.nncu.o
#        D:\Onedrive\OneDrive\Car\AI-SmartCar\RTProject\AiVisionCar\Example\example\iar\flexspi_nor_release\Obj\uart.o
#        D:\Onedrive\OneDrive\Car\AI-SmartCar\RTProject\AiVisionCar\Example\example\iar\flexspi_nor_release\Obj\ui.o
#        D:\Onedrive\OneDrive\Car\AI-SmartCar\RTProject\AiVisionCar\Example\example\iar\flexspi_nor_release\Obj\wirelessserial.o
#        --no_out_extension -o
#        D:\Onedrive\OneDrive\Car\AI-SmartCar\RTProject\AiVisionCar\Example\example\iar\flexspi_nor_release\Exe\IMXRT1064.out
#        --map
#        D:\Onedrive\OneDrive\Car\AI-SmartCar\RTProject\AiVisionCar\Example\example\iar\flexspi_nor_release\List\IMXRT1064.map
#        --config
#        D:\Onedrive\OneDrive\Car\AI-SmartCar\RTProject\AiVisionCar\Example\example\iar\..\..\..\Device\startup\iar\LQ_RT1064_QSPI_NOSDRAM.icf
#        --entry __iar_program_start --inline --vfe --text_out locale)
#
###############################################################################

*******************************************************************************
*** RUNTIME MODEL ATTRIBUTES
***

CppFlavor       = *
__Heap_Handler  = DLMalloc
__SystemLibrary = DLib
__dlib_version  = 6


*******************************************************************************
*** HEAP SELECTION
***

The advanced heap was selected because the application calls memory
allocation functions outside of system library functions, and there
are calls to deallocation functions in the application.


*******************************************************************************
*** PLACEMENT SUMMARY
***

"A0":  place at address 0x7000'2000 { ro section .intvec };
"A1":  place at address 0x7000'0000 { section .boot_hdr.conf };
"A2":  place at address 0x7000'1000 { section .boot_hdr.ivt };
"A3":  place at address 0x7000'1020 { ro section .boot_hdr.boot_data };
"P1":  place in [from 0x7000'2000 to 0x7000'23ff] |
                [from 0x7000'2400 to 0x703f'ffff] { ro };
define block RW { first rw, section m_usb_dma_init_data };
"P2":  place in [from 0x2000'0000 to 0x2003'bfff] { block RW };
define block ZI
   with alignment = 32 { first zi, section m_usb_dma_noninit_data };
"P4":  place in [from 0x2000'0000 to 0x2003'bfff] { block ZI };
define block NCACHE_VAR
   with alignment = 64 { section NonCacheable, section NonCacheable.init };
"P7":  place in [from 0x2000'0000 to 0x2003'bfff] { block NCACHE_VAR };
define block DTCRAM with alignment = 8 { section DTCRAMAccess };
"P9":  place in [from 0x2000'0000 to 0x2003'bfff] { block DTCRAM };
define block CSTACK with size = 16K, alignment = 8 { };
"P6":  place in [from 0x2003'c000 to 0x2003'ffff] { block CSTACK };
initialize by copy { rw, section .textrw, section NonCacheable.init };
keep {
   section .boot_hdr.conf, section .boot_hdr.ivt, section .boot_hdr.boot_data,
   section .boot_hdr.dcd_data };

No sections matched the following patterns:

  ro section .boot_hdr.dcd_data   in "A4"
  section .textrw                 in "P3|P8"
  section DTCRAMAccess            in block DTCRAM
  section ITCRAMAccess            in block ITCRAM
  section NonCacheable            in block NCACHE_VAR
  section NonCacheable.init       in block NCACHE_VAR
  section OCRAMAccess             in block OCRAM
  section m_usb_dma_init_data     in block RW
  section m_usb_dma_noninit_data  in block ZI


  Section              Kind         Address    Size  Object
  -------              ----         -------    ----  ------
"P2|P4|P7|P9", part 1 of 2:                  0x13e1
  RW                            0x2000'0000  0x13e1  <Block>
    RW-1                        0x2000'0000  0x13e1  <Init block>
      .data            inited   0x2000'0000    0x1c  console.o [1]
      .data            inited   0x2000'001c   0x1c8  devices_config.o [1]
      .data            inited   0x2000'01e4    0x20  devices_config.o [1]
      .data            inited   0x2000'0204    0x7c  devices_config.o [1]
      .data            inited   0x2000'0280    0x7c  devices_config.o [1]
      .data            inited   0x2000'02fc    0x88  devices_config.o [1]
      .data            inited   0x2000'0384    0x84  devices_config.o [1]
      .data            inited   0x2000'0408    0x84  devices_config.o [1]
      .data            inited   0x2000'048c     0x8  enc.o [1]
      .data            inited   0x2000'0494    0x14  gpio.o [1]
      .data            inited   0x2000'04a8   0x260  lcd_driver.o [1]
      .data            inited   0x2000'0708   0x930  LQ_GPIO.o [1]
      .data            inited   0x2000'1038    0x14  LQ_SYSTICK.o [1]
      .data            inited   0x2000'104c    0xa0  os.o [1]
      .data            inited   0x2000'10ec    0x10  pwm.o [1]
      .data            inited   0x2000'10fc   0x140  resource_config.o [1]
      .data            inited   0x2000'123c    0x60  resource_config.o [1]
      .data            inited   0x2000'129c    0x18  resource_config.o [1]
      .data            inited   0x2000'12b4     0x4  system_MIMXRT1064.o [1]
      .data            inited   0x2000'12b8    0x18  systime.o [1]
      .data            inited   0x2000'12d0    0x38  xlocale_c.o [2]
      .data            inited   0x2000'1308    0x48  xlocale_c.o [2]
      .data            inited   0x2000'1350    0x48  xfiles.o [2]
      .data            inited   0x2000'1398    0x48  xfiles.o [2]
      .data            inited   0x2000'13e0     0x1  lcd_driver.o [1]
                              - 0x2000'13e1  0x13e1

"P2|P4|P7|P9", part 2 of 2:                   0x638
  ZI                            0x2000'1400   0x638  <Block>
    .bss               zero     0x2000'1400    0x2c  devices_config.o [1]
    .bss               zero     0x2000'142c    0x10  ff.o [1]
    .bss               zero     0x2000'143c     0x1  ff.o [1]
    .bss               zero     0x2000'1440     0x4  fsl_clock.o [1]
    .bss               zero     0x2000'1444     0x4  fsl_clock.o [1]
    .bss               zero     0x2000'1448    0x80  fsl_edma.o [1]
    .bss               zero     0x2000'14c8    0x14  fsl_flexcan.o [1]
    .bss               zero     0x2000'14dc    0x18  fsl_flexio.o [1]
    .bss               zero     0x2000'14f4     0x8  fsl_flexspi.o [1]
    .bss               zero     0x2000'14fc     0x8  fsl_io.o [1]
    .bss               zero     0x2000'1504    0x30  fsl_lpi2c.o [1]
    .bss               zero     0x2000'1534    0x1c  fsl_lpspi.o [1]
    .bss               zero     0x2000'1550    0x28  fsl_lpuart.o [1]
    .bss               zero     0x2000'1578    0xd0  fsl_sd_disk.o [1]
    .bss               zero     0x2000'1648   0x200  fsl_sdmmc_common.o [1]
    .bss               zero     0x2000'1848     0x8  fsl_sdmmc_event.o [1]
    .bss               zero     0x2000'1850     0x4  fsl_sdmmc_event.o [1]
    .bss               zero     0x2000'1854    0x34  fsl_sdmmc_host.o [1]
    .bss               zero     0x2000'1888     0x1  fsl_sdmmc_host.o [1]
    .bss               zero     0x2000'188c    0x10  fsl_usdhc.o [1]
    .bss               zero     0x2000'189c    0x10  LQ_SYSTICK.o [1]
    .bss               zero     0x2000'18ac     0x4  softtimer.o [1]
    .bss               zero     0x2000'18b0   0x134  softtimer.o [1]
    .bss               zero     0x2000'19e4    0x50  xfiles.o [2]
    .bss               zero     0x2000'1a34     0x4  xfail_s.o [2]
                              - 0x2000'1a38   0x638

"P6":                                        0x4000
  CSTACK                        0x2003'c000  0x4000  <Block>
    CSTACK             uninit   0x2003'c000  0x4000  <Block tail>
                              - 0x2004'0000  0x4000

"A1":                                         0x200
  .boot_hdr.conf       const    0x7000'0000   0x200  evkmimxrt1064_flexspi_nor_config.o [1]
                              - 0x7000'0200   0x200

"A2":                                          0x20
  .boot_hdr.ivt        const    0x7000'1000    0x20  fsl_flexspi_nor_boot.o [1]
                              - 0x7000'1020    0x20

"A3":                                          0x10
  .boot_hdr.boot_data  const    0x7000'1020    0x10  fsl_flexspi_nor_boot.o [1]
                              - 0x7000'1030    0x10

"A0":                                         0x400
  .intvec              ro code  0x7000'2000   0x400  startup_MIMXRT1064.o [1]
                              - 0x7000'2400   0x400

"P1":                                        0xf0c4
  .text                ro code  0x7000'2400  0x1630  fsl_sd.o [1]
  .text                ro code  0x7000'3a30    0x18  fsl_assert.o [1]
  .text                ro code  0x7000'3a48   0x400  fsl_sdmmc_common.o [1]
  .text                ro code  0x7000'3e48    0x3a  ABImemset48.o [4]
  .text                ro code  0x7000'3e82    0x3a  zero_init3.o [4]
  .text                ro code  0x7000'3ebc     0x6  ABImemclr4.o [4]
  .text                ro code  0x7000'3ec2     0xa  xsprout.o [2]
  .text                ro code  0x7000'3ecc    0xa6  ABImemcpy.o [4]
  .rodata              const    0x7000'3f72     0x2  xlocale_c.o [2]
  .text                ro code  0x7000'3f74   0x274  fsl_usdhc.o [1]
  .text                ro code  0x7000'41e8   0x384  board.o [1]
  .text                ro code  0x7000'456c    0xfc  fsl_sdmmc_host.o [1]
  .text                ro code  0x7000'4668    0xb0  fsl_debug_console.o [1]
  .text                ro code  0x7000'4718   0x1ac  fsl_gpio.o [1]
  .text                ro code  0x7000'48c4   0x648  fsl_clock.o [1]
  .text                ro code  0x7000'4f0c    0x4c  fsl_sdmmc_event.o [1]
  .text                ro code  0x7000'4f58    0x68  fsl_log.o [1]
  .text                ro code  0x7000'4fc0   0x818  fsl_str.o [1]
  .text                ro code  0x7000'57d8    0xbc  fsl_io.o [1]
  .text                ro code  0x7000'5894   0x274  I64DivMod.o [4]
  .text                ro code  0x7000'5b08    0x9e  modf.o [3]
  .rodata              const    0x7000'5ba6     0x2  xlocale_c.o [2]
  .text                ro code  0x7000'5ba8   0x56c  pow64.o [3]
  .text                ro code  0x7000'6114    0x5c  DblToS64.o [3]
  .text                ro code  0x7000'6170    0x52  S64ToDbl.o [3]
  .text                ro code  0x7000'61c2     0x2  startup_MIMXRT1064.o [1]
  .text                ro code  0x7000'61c4    0x36  strlen.o [4]
  .text                ro code  0x7000'61fa     0x2  startup_MIMXRT1064.o [1]
  .text                ro code  0x7000'61fc   0x51c  fsl_lpuart.o [1]
  .text                ro code  0x7000'6718     0x2  I64DivZer.o [4]
  .text                ro code  0x7000'671a     0x2  startup_MIMXRT1064.o [1]
  .text                ro code  0x7000'671c    0x88  frexp.o [3]
  .text                ro code  0x7000'67a4   0x368  iar_Exp64.o [3]
  .text                ro code  0x7000'6b0c   0x104  ldexp.o [3]
  .text                ro code  0x7000'6c10   0xfc6  xprintffull_nomb.o [2]
  .text                ro code  0x7000'7bd6     0x2  startup_MIMXRT1064.o [1]
  .text                ro code  0x7000'7bd8    0x16  strchr.o [4]
  .text                ro code  0x7000'7bee     0x2  startup_MIMXRT1064.o [1]
  .text                ro code  0x7000'7bf0    0x40  xfail_s.o [2]
  .text                ro code  0x7000'7c30    0x58  memchr.o [4]
  .text                ro code  0x7000'7c88    0x2e  DblCmpLe.o [3]
  .text                ro code  0x7000'7cb6     0x2  startup_MIMXRT1064.o [1]
  .text                ro code  0x7000'7cb8    0x2e  DblCmpGe.o [3]
  .text                ro code  0x7000'7ce6     0xe  DblToS32.o [3]
  .text                ro code  0x7000'7cf4     0xe  S32ToDbl.o [3]
  .text                ro code  0x7000'7d02    0x12  DblSub.o [3]
  .text                ro code  0x7000'7d14    0x12  DblDiv.o [3]
  .text                ro code  0x7000'7d26     0xe  DblToU32.o [3]
  .text                ro code  0x7000'7d34     0xe  U32ToDbl.o [3]
  .text                ro code  0x7000'7d42    0x12  DblMul.o [3]
  .text                ro code  0x7000'7d54    0x4c  xlocale_c.o [2]
  .text                ro code  0x7000'7da0     0x6  abort.o [2]
  .text                ro code  0x7000'7da6     0x2  startup_MIMXRT1064.o [1]
  .text                ro code  0x7000'7da8     0xc  XXexit.o [4]
  .text                ro code  0x7000'7db4   0xeca  ff.o [1]
  .text                ro code  0x7000'8c7e    0x3c  diskio.o [1]
  .text                ro code  0x7000'8cba     0x2  startup_MIMXRT1064.o [1]
  .text                ro code  0x7000'8cbc    0x84  fsl_sd_disk.o [1]
  .text                ro code  0x7000'8d40   0xdbc  xscanffull_nomb.o [2]
  .text                ro code  0x7000'9afc    0x14  isspace.o [2]
  .text                ro code  0x7000'9b10    0x14  isalpha.o [2]
  .text                ro code  0x7000'9b24     0xe  math_wrappers64.o [3]
  .text                ro code  0x7000'9b32     0xe  DblToFlt.o [3]
  .text                ro code  0x7000'9b40   0x1b2  iar_Stoullx.o [2]
  .rodata              const    0x7000'9cf2     0x1  evkmimxrt1064_sdram_ini_dcd.o [1]
  .rodata              const    0x7000'9cf3     0x1  xlocale_c.o [2]
  .text                ro code  0x7000'9cf4    0xa6  iar_Stollx.o [2]
  .text                ro code  0x7000'9d9c   0x44c  strto64.o [3]
  .text                ro code  0x7000'a1e8    0x14  tolower.o [2]
  .text                ro code  0x7000'a1fc   0x122  iar_Stopfx.o [2]
  .text                ro code  0x7000'a320   0x1b8  iar_Stoflt.o [2]
  .text                ro code  0x7000'a4d8   0x208  iar_Stoxflt.o [2]
  .text                ro code  0x7000'a6e0   0xc5c  LQ_PWM.o [1]
  .text                ro code  0x7000'b33c   0x44c  fsl_pwm.o [1]
  .text                ro code  0x7000'b788   0x9b4  screen.o [1]
  .text                ro code  0x7000'c13c    0x34  vsprintf.o [2]
  .text                ro code  0x7000'c170   0x728  clock_config.o [1]
  .text                ro code  0x7000'c898   0x490  fsl_edma.o [1]
  .rodata              const    0x7000'cd28   0x420  pow64.o [3]
  .text                ro code  0x7000'd148   0x3ba  lcd_driver.o [1]
  .text                ro code  0x7000'd504   0x314  LQ_GPIO.o [1]
  .text                ro code  0x7000'd818   0x2b8  LQ_Encoder.o [1]
  .text                ro code  0x7000'dad0   0x1ec  fsl_enc.o [1]
  .text                ro code  0x7000'dcbc    0x26  fsl_xbara.o [1]
  .text                ro code  0x7000'dce4   0x260  motor.o [1]
  .text                ro code  0x7000'df44     0x8  abs.o [2]
  .text                ro code  0x7000'df4c   0x228  servo.o [1]
  .rodata              const    0x7000'e174   0x218  fsl_edma.o [1]
  .text                ro code  0x7000'e38c   0x218  fsl_flexspi.o [1]
  .text                ro code  0x7000'e5a4   0x1ec  lz77_init.o [4]
  .rodata              const    0x7000'e790   0x1cc  fsl_usdhc.o [1]
  .text                ro code  0x7000'e95c   0x1bc  key.o [1]
  .text                ro code  0x7000'eb18   0x1b4  ostime.o [1]
  .rodata              const    0x7000'eccc   0x1a0  fsl_flexcan.o [1]
  .text                ro code  0x7000'ee6c   0x132  system_MIMXRT1064.o [1]
  .text                ro code  0x7000'efa0   0x128  fsl_lpspi.o [1]
  .text                ro code  0x7000'f0c8   0x128  softtimer.o [1]
  .text                ro code  0x7000'f1f0   0x118  pid_ctrl.o [1]
  .text                ro code  0x7000'f308   0x114  init.o [1]
  .text                ro code  0x7000'f41c    0xf4  pin_mux.o [1]
  .text                ro code  0x7000'f510    0xf0  LQ_SYSTICK.o [1]
  .text                ro code  0x7000'f600    0xe8  console.o [1]
  .text                ro code  0x7000'f6e8    0x20  vprintf.o [2]
  .text                ro code  0x7000'f708    0x28  printf.o [2]
  .text                ro code  0x7000'f730    0x20  vscanf.o [2]
  .rodata              const    0x7000'f750    0xc8  fsl_lpuart.o [1]
  .text                ro code  0x7000'f818    0xc8  fsl_flexcan.o [1]
  .rodata              const    0x7000'f8e0    0xc4  fsl_gpio.o [1]
  .rodata              const    0x7000'f9a4    0xc4  fsl_pwm.o [1]
  .rodata              const    0x7000'fa68    0xa4  fsl_lpspi.o [1]
  .rodata              const    0x7000'fb0c    0x9c  fsl_enc.o [1]
  .rodata              const    0x7000'fba8    0x8c  fsl_sd.o [1]
  .rodata              const    0x7000'fc34    0x80  fsl_sdmmc_host.o [1]
  .rodata              const    0x7000'fcb4    0x80  LQ_GPIO.o [1]
  .rodata              const    0x7000'fd34    0x80  LQ_PWM.o [1]
  .text                ro code  0x7000'fdb4    0x74  gpio.o [1]
  .text                ro code  0x7000'fe28    0x70  startup_MIMXRT1064.o [1]
  .text                ro code  0x7000'fe98    0x6c  fsl_lpi2c.o [1]
  .rodata              const    0x7000'ff04    0x68  fsl_sdmmc_common.o [1]
  .rodata              const    0x7000'ff6c    0x64  clock_config.o [1]
  .rodata              const    0x7000'ffd0    0x64  fsl_clock.o [1]
  .rodata              const    0x7001'0034    0x64  fsl_enc.o [1]
  .rodata              const    0x7001'0098    0x64  fsl_flexspi.o [1]
  .rodata              const    0x7001'00fc    0x64  fsl_gpio.o [1]
  .rodata              const    0x7001'0160    0x64  fsl_lpuart.o [1]
  .rodata              const    0x7001'01c4    0x64  fsl_pwm.o [1]
  .rodata              const    0x7001'0228    0x64  LQ_Encoder.o [1]
  .rodata              const    0x7001'028c    0x64  LQ_GPIO.o [1]
  .rodata              const    0x7001'02f0    0x64  LQ_PWM.o [1]
  .rodata              const    0x7001'0354    0x64  LQ_PWM.o [1]
  .rodata              const    0x7001'03b8    0x64  pin_mux.o [1]
  .text                ro code  0x7001'041c    0x62  control.o [1]
  .rodata              const    0x7001'0480    0x60  fsl_debug_console.o [1]
  .rodata              const    0x7001'04e0    0x58  fsl_io.o [1]
  .rodata              const    0x7001'0538    0x58  fsl_log.o [1]
  .text                ro code  0x7001'0590    0x58  ungetc.o [2]
  .text                ro code  0x7001'05e8    0x54  systime.o [1]
  .text                ro code  0x7001'063c    0x54  ui.o [1]
  .rodata              const    0x7001'0690    0x50  iar_Stoullx.o [2]
  .text                ro code  0x7001'06e0    0x50  led.o [1]
  .text                ro code  0x7001'0730    0x50  task.o [1]
  .rodata              const    0x7001'0780    0x48  strto64.o [3]
  .text                ro code  0x7001'07c8    0x40  pwm.o [1]
  .text                ro code  0x7001'0808    0x34  app.o [1]
  .rodata              const    0x7001'083c    0x30  pid_ctrl.o [1]
  .text                ro code  0x7001'086c    0x2e  file.o [1]
  .text                ro code  0x7001'089c    0x2e  fsl_flexio.o [1]
  .rodata              const    0x7001'08cc    0x2c  fsl_assert.o [1]
  .rodata              const    0x7001'08f8    0x28  xscanffull_nomb.o [2]
  .text                ro code  0x7001'0920    0x28  data_init.o [4]
  .rodata              const    0x7001'0948    0x24  LQ_Encoder.o [1]
  .rodata              const    0x7001'096c    0x24  xscanffull_nomb.o [2]
  .text                ro code  0x7001'0990    0x22  fpinit_M.o [3]
  .iar.init_table      const    0x7001'09b4    0x2c  - Linker created -
  .text                ro code  0x7001'09e0    0x20  os.o [1]
  .text                ro code  0x7001'0a00    0x1e  cmain.o [4]
  .text                ro code  0x7001'0a20     0xe  main.o [1]
  .text                ro code  0x7001'0a2e     0x4  exit.o [2]
  .text                ro code  0x7001'0a34     0xa  cexit.o [4]
  .rodata              const    0x7001'0a40    0x18  resource_config.o [1]
  .text                ro code  0x7001'0a58    0x16  xprout.o [2]
  .text                ro code  0x7001'0a70     0xc  putchar.o [2]
  .rodata              const    0x7001'0a7c    0x14  resource_config.o [1]
  .text                ro code  0x7001'0a90    0x14  enc.o [1]
  .rodata              const    0x7001'0aa4    0x10  resource_config.o [1]
  .rodata              const    0x7001'0ab4    0x10  resource_config.o [1]
  .rodata              const    0x7001'0ac4    0x10  resource_config.o [1]
  .text                ro code  0x7001'0ad4    0x10  getchar.o [2]
  .text                ro code  0x7001'0ae4     0xe  xscin.o [2]
  .rodata              const    0x7001'0af4     0xc  resource_config.o [1]
  .rodata              const    0x7001'0b00     0xc  resource_config.o [1]
  .rodata              const    0x7001'0b0c     0xc  resource_config.o [1]
  .rodata              const    0x7001'0b18     0xc  resource_config.o [1]
  .rodata              const    0x7001'0b24     0xc  resource_config.o [1]
  .rodata              const    0x7001'0b30     0xc  resource_config.o [1]
  .rodata              const    0x7001'0b3c     0xc  resource_config.o [1]
  .rodata              const    0x7001'0b48     0xc  resource_config.o [1]
  .text                ro code  0x7001'0b54     0xc  irq.o [1]
  .text                ro code  0x7001'0b60     0xc  cstartup_M.o [4]
  .rodata              const    0x7001'0b6c     0x8  resource_config.o [1]
  .rodata              const    0x7001'0b74     0x8  resource_config.o [1]
  .rodata              const    0x7001'0b7c     0x8  resource_config.o [1]
  .rodata              const    0x7001'0b84     0x8  resource_config.o [1]
  .rodata              const    0x7001'0b8c     0x8  resource_config.o [1]
  .rodata              const    0x7001'0b94     0x8  resource_config.o [1]
  .rodata              const    0x7001'0b9c     0x8  xprintffull_nomb.o [2]
  .text                ro code  0x7001'0ba4     0x8  startup_MIMXRT1064.o [1]
  .text                ro code  0x7001'0bac     0x8  startup_MIMXRT1064.o [1]
  .text                ro code  0x7001'0bb4     0x8  startup_MIMXRT1064.o [1]
  .text                ro code  0x7001'0bbc     0x8  startup_MIMXRT1064.o [1]
  .text                ro code  0x7001'0bc4     0x8  startup_MIMXRT1064.o [1]
  .text                ro code  0x7001'0bcc     0x8  startup_MIMXRT1064.o [1]
  .text                ro code  0x7001'0bd4     0x8  startup_MIMXRT1064.o [1]
  .text                ro code  0x7001'0bdc     0x8  startup_MIMXRT1064.o [1]
  .text                ro code  0x7001'0be4     0x8  startup_MIMXRT1064.o [1]
  .text                ro code  0x7001'0bec     0x8  startup_MIMXRT1064.o [1]
  .text                ro code  0x7001'0bf4     0x8  startup_MIMXRT1064.o [1]
  .text                ro code  0x7001'0bfc     0x8  startup_MIMXRT1064.o [1]
  .text                ro code  0x7001'0c04     0x8  startup_MIMXRT1064.o [1]
  .text                ro code  0x7001'0c0c     0x8  startup_MIMXRT1064.o [1]
  .text                ro code  0x7001'0c14     0x8  startup_MIMXRT1064.o [1]
  .text                ro code  0x7001'0c1c     0x8  startup_MIMXRT1064.o [1]
  .text                ro code  0x7001'0c24     0x8  startup_MIMXRT1064.o [1]
  .text                ro code  0x7001'0c2c     0x8  startup_MIMXRT1064.o [1]
  .text                ro code  0x7001'0c34     0x8  startup_MIMXRT1064.o [1]
  .text                ro code  0x7001'0c3c     0x8  startup_MIMXRT1064.o [1]
  .text                ro code  0x7001'0c44     0x8  startup_MIMXRT1064.o [1]
  .text                ro code  0x7001'0c4c     0x8  startup_MIMXRT1064.o [1]
  .text                ro code  0x7001'0c54     0x8  startup_MIMXRT1064.o [1]
  .text                ro code  0x7001'0c5c     0x8  startup_MIMXRT1064.o [1]
  .text                ro code  0x7001'0c64     0x8  startup_MIMXRT1064.o [1]
  .text                ro code  0x7001'0c6c     0x8  startup_MIMXRT1064.o [1]
  .text                ro code  0x7001'0c74     0x8  startup_MIMXRT1064.o [1]
  .text                ro code  0x7001'0c7c     0x8  startup_MIMXRT1064.o [1]
  .text                ro code  0x7001'0c84     0x8  startup_MIMXRT1064.o [1]
  .text                ro code  0x7001'0c8c     0x8  startup_MIMXRT1064.o [1]
  .text                ro code  0x7001'0c94     0x8  startup_MIMXRT1064.o [1]
  .text                ro code  0x7001'0c9c     0x8  startup_MIMXRT1064.o [1]
  .text                ro code  0x7001'0ca4     0x8  startup_MIMXRT1064.o [1]
  .text                ro code  0x7001'0cac     0x8  startup_MIMXRT1064.o [1]
  .text                ro code  0x7001'0cb4     0x8  startup_MIMXRT1064.o [1]
  .text                ro code  0x7001'0cbc     0x8  startup_MIMXRT1064.o [1]
  .text                ro code  0x7001'0cc4     0x8  startup_MIMXRT1064.o [1]
  .text                ro code  0x7001'0ccc     0x8  startup_MIMXRT1064.o [1]
  .text                ro code  0x7001'0cd4     0x8  startup_MIMXRT1064.o [1]
  .text                ro code  0x7001'0cdc     0x8  startup_MIMXRT1064.o [1]
  .text                ro code  0x7001'0ce4     0x8  startup_MIMXRT1064.o [1]
  .text                ro code  0x7001'0cec     0x8  startup_MIMXRT1064.o [1]
  .text                ro code  0x7001'0cf4     0x8  startup_MIMXRT1064.o [1]
  .text                ro code  0x7001'0cfc     0x8  startup_MIMXRT1064.o [1]
  .text                ro code  0x7001'0d04     0x8  startup_MIMXRT1064.o [1]
  .text                ro code  0x7001'0d0c     0x8  startup_MIMXRT1064.o [1]
  .text                ro code  0x7001'0d14     0x8  startup_MIMXRT1064.o [1]
  .text                ro code  0x7001'0d1c     0x8  startup_MIMXRT1064.o [1]
  .text                ro code  0x7001'0d24     0x8  startup_MIMXRT1064.o [1]
  .text                ro code  0x7001'0d2c     0x8  startup_MIMXRT1064.o [1]
  .text                ro code  0x7001'0d34     0x8  startup_MIMXRT1064.o [1]
  .text                ro code  0x7001'0d3c     0x8  startup_MIMXRT1064.o [1]
  .rodata              const    0x7001'0d44     0x4  resource_config.o [1]
  .rodata              const    0x7001'0d48     0x4  softtimer.o [1]
  .text                ro code  0x7001'0d4c     0x4  startup_MIMXRT1064.o [1]
  .rodata              const    0x7001'0d50     0x0  zero_init3.o [4]
  .rodata              const    0x7001'0d50     0x0  lz77_init.o [4]
  Initializer bytes    const    0x7001'0d50   0x774  <for RW-1>
                              - 0x7001'14c4  0xf0c4

Unused ranges:

         From           To       Size
         ----           --       ----
  0x2000'13e1  0x2000'13ff       0x1f
  0x2000'1a38  0x2003'bfff   0x3'a5c8
  0x7001'14c4  0x703f'ffff  0x3e'eb3c


*******************************************************************************
*** INIT TABLE
***

          Address      Size
          -------      ----
Zero (__iar_zero_init3)
    1 destination range, total size 0x638:
          0x2000'1400   0x638

Copy/lz77 (__iar_lz77_init3)
    1 source range, total size 0x774 (37% of destination):
          0x7001'0d50   0x774
    1 destination range, total size 0x13e1:
          0x2000'0000  0x13e1



*******************************************************************************
*** MODULE SUMMARY
***

    Module                              ro code  ro data  rw data
    ------                              -------  -------  -------
command line/config:
    -------------------------------------------------------------
    Total:

D:\Onedrive\OneDrive\Car\AI-SmartCar\RTProject\AiVisionCar\Example\example\iar\flexspi_nor_release\Obj: [1]
    LQ_Encoder.o                            696      136
    LQ_GPIO.o                               788    1'110    2'352
    LQ_PWM.o                              3'164      328
    LQ_SYSTICK.o                            240        8       36
    app.o                                    52
    board.o                                 900
    clock_config.o                        1'832      100
    console.o                               232       10       28
    control.o                                98
    devices_config.o                                 426    1'180
    diskio.o                                 60
    enc.o                                    20        3        8
    evkmimxrt1064_flexspi_nor_config.o               512
    evkmimxrt1064_sdram_ini_dcd.o                      1
    ff.o                                  3'786                17
    file.o                                   46
    fsl_assert.o                             24       44
    fsl_clock.o                           1'608      100        8
    fsl_debug_console.o                     176       96
    fsl_edma.o                            1'168      536      128
    fsl_enc.o                               492      256
    fsl_flexcan.o                           200      416       20
    fsl_flexio.o                             46                24
    fsl_flexspi.o                           536      100        8
    fsl_flexspi_nor_boot.o                            48
    fsl_gpio.o                              428      296
    fsl_io.o                                188       88        8
    fsl_log.o                               104       88
    fsl_lpi2c.o                             108                48
    fsl_lpspi.o                             296      164       28
    fsl_lpuart.o                          1'308      300       40
    fsl_pwm.o                             1'100      296
    fsl_sd.o                              5'680      140
    fsl_sd_disk.o                           132               208
    fsl_sdmmc_common.o                    1'024      104      512
    fsl_sdmmc_event.o                        76                12
    fsl_sdmmc_host.o                        252      128       53
    fsl_str.o                             2'072
    fsl_usdhc.o                             628      460       16
    fsl_xbara.o                              38
    gpio.o                                  116        7       20
    init.o                                  276
    irq.o                                    12
    key.o                                   444
    lcd_driver.o                            954      229      609
    led.o                                    80
    main.o                                   14
    motor.o                                 608
    os.o                                     32       60      160
    ostime.o                                436
    pid_ctrl.o                              280       48
    pin_mux.o                               244      100
    pwm.o                                    64        6       16
    resource_config.o                                405      440
    screen.o                              2'484
    servo.o                                 552
    softtimer.o                             296        4      312
    startup_MIMXRT1064.o                  1'572
    system_MIMXRT1064.o                     306        1        4
    systime.o                                84        9       24
    task.o                                   80
    ui.o                                     84
    -------------------------------------------------------------
    Total:                               38'616    7'163    6'319

dl7M_tlf.a: [2]
    abort.o                                   6
    abs.o                                     8
    exit.o                                    4
    getchar.o                                16
    iar_Stoflt.o                            440
    iar_Stollx.o                            166
    iar_Stopfx.o                            290
    iar_Stoullx.o                           434       80
    iar_Stoxflt.o                           520
    isalpha.o                                20
    isspace.o                                20
    printf.o                                 40
    putchar.o                                12
    tolower.o                                20
    ungetc.o                                 88
    vprintf.o                                32
    vscanf.o                                 32
    vsprintf.o                               52
    xfail_s.o                                64                 4
    xfiles.o                                          54      224
    xlocale_c.o                              76       53      128
    xprintffull_nomb.o                    4'038        8
    xprout.o                                 22
    xscanffull_nomb.o                     3'516       76
    xscin.o                                  14
    xsprout.o                                10
    -------------------------------------------------------------
    Total:                                9'940      271      356

m7M_tlv.a: [3]
    DblCmpGe.o                               46
    DblCmpLe.o                               46
    DblDiv.o                                 18
    DblMul.o                                 18
    DblSub.o                                 18
    DblToFlt.o                               14
    DblToS32.o                               14
    DblToS64.o                               92
    DblToU32.o                               14
    S32ToDbl.o                               14
    S64ToDbl.o                               82
    U32ToDbl.o                               14
    fpinit_M.o                               34
    frexp.o                                 136
    iar_Exp64.o                             872
    ldexp.o                                 260
    math_wrappers64.o                        14
    modf.o                                  158
    pow64.o                               1'388    1'056
    strto64.o                             1'100       72
    -------------------------------------------------------------
    Total:                                4'352    1'128

rt7M_tl.a: [4]
    ABImemclr4.o                              6
    ABImemcpy.o                             166
    ABImemset48.o                            58
    I64DivMod.o                             628
    I64DivZer.o                               2
    XXexit.o                                 12
    cexit.o                                  10
    cmain.o                                  30
    cstartup_M.o                             12
    data_init.o                              40
    lz77_init.o                             492
    memchr.o                                 88
    strchr.o                                 22
    strlen.o                                 54
    zero_init3.o                             58
    -------------------------------------------------------------
    Total:                                1'678

    Gaps                                     18       10        6
    Linker created                                    44   16'384
-----------------------------------------------------------------
    Grand Total:                         54'604    8'616   23'065


*******************************************************************************
*** ENTRY LIST
***

Entry                       Address   Size  Type      Object
-----                       -------   ----  ----      ------
.iar.init_table$$Base   0x7001'09b4          --   Gb  - Linker created -
.iar.init_table$$Limit  0x7001'09e0          --   Gb  - Linker created -
?main                   0x7001'0a01         Code  Gb  cmain.o [4]
ARM_MPU_Disable         0x7000'4203   0x1c  Code  Lc  board.o [1]
ARM_MPU_Enable          0x7000'41e9   0x1a  Code  Lc  board.o [1]
BOARD_BootClockRUN      0x7000'c299  0x4b0  Code  Gb  clock_config.o [1]
BOARD_ConfigMPU         0x7000'43c1   0x7a  Code  Gb  board.o [1]
BOARD_DebugConsoleSrcFreq
                        0x7000'436d   0x3c  Code  Gb  board.o [1]
BOARD_InitDebugConsole  0x7000'43a9   0x18  Code  Gb  board.o [1]
BOARD_InitPins          0x7000'f485   0x64  Code  Gb  pin_mux.o [1]
BOARD_SD_Pin_Config     0x7000'443b   0x8c  Code  Gb  board.o [1]
CAN1_DriverIRQHandler   0x7000'f819   0x26  Code  Gb  fsl_flexcan.o [1]
CAN2_DriverIRQHandler   0x7000'f841   0x26  Code  Gb  fsl_flexcan.o [1]
CAN3_DriverIRQHandler   0x7000'f869   0x26  Code  Gb  fsl_flexcan.o [1]
CLOCK_ControlGate       0x7000'c229   0x40  Code  Lc  clock_config.o [1]
CLOCK_ControlGate       0x7000'dad1   0x3c  Code  Lc  fsl_enc.o [1]
CLOCK_ControlGate       0x7000'4719   0x3a  Code  Lc  fsl_gpio.o [1]
CLOCK_ControlGate       0x7000'61fd   0x40  Code  Lc  fsl_lpuart.o [1]
CLOCK_ControlGate       0x7000'b33d   0x40  Code  Lc  fsl_pwm.o [1]
CLOCK_ControlGate       0x7000'd819   0x3a  Code  Lc  LQ_Encoder.o [1]
CLOCK_ControlGate       0x7000'd505   0x40  Code  Lc  LQ_GPIO.o [1]
CLOCK_ControlGate       0x7000'a6e1   0x3e  Code  Lc  LQ_PWM.o [1]
CLOCK_ControlGate       0x7000'f41d   0x3a  Code  Lc  pin_mux.o [1]
CLOCK_DeinitAudioPll    0x7000'4baf    0xc  Code  Gb  fsl_clock.o [1]
CLOCK_DeinitEnetPll     0x7000'4bc7    0xc  Code  Gb  fsl_clock.o [1]
CLOCK_DeinitUsb2Pll     0x7000'4ba5    0xa  Code  Gb  fsl_clock.o [1]
CLOCK_DeinitVideoPll    0x7000'4bbb    0xc  Code  Gb  fsl_clock.o [1]
CLOCK_DisableClock      0x7000'c269    0x4  Code  Lc  clock_config.o [1]
CLOCK_EnableClock       0x7000'db0d    0x4  Code  Lc  fsl_enc.o [1]
CLOCK_EnableClock       0x7000'4753    0x4  Code  Lc  fsl_gpio.o [1]
CLOCK_EnableClock       0x7000'6249    0x4  Code  Lc  fsl_lpuart.o [1]
CLOCK_EnableClock       0x7000'b37d    0x4  Code  Lc  fsl_pwm.o [1]
CLOCK_EnableClock       0x7000'd853    0x4  Code  Lc  LQ_Encoder.o [1]
CLOCK_EnableClock       0x7000'd545    0x4  Code  Lc  LQ_GPIO.o [1]
CLOCK_EnableClock       0x7000'a71f    0x4  Code  Lc  LQ_PWM.o [1]
CLOCK_EnableClock       0x7000'f457    0x4  Code  Lc  pin_mux.o [1]
CLOCK_GetAhbFreq        0x7000'4a15   0x18  Code  Gb  fsl_clock.o [1]
CLOCK_GetDiv            0x7000'432b   0x24  Code  Lc  board.o [1]
CLOCK_GetFreq           0x7000'4aa1   0x84  Code  Gb  fsl_clock.o [1]
CLOCK_GetIpgFreq        0x7000'4a61   0x18  Code  Gb  fsl_clock.o [1]
CLOCK_GetMux            0x7000'4307   0x24  Code  Lc  board.o [1]
CLOCK_GetOscFreq        0x7000'434f   0x12  Code  Lc  board.o [1]
CLOCK_GetOscFreq        0x7000'48c5   0x18  Code  Lc  fsl_clock.o [1]
CLOCK_GetPerClkFreq     0x7000'4a79   0x26  Code  Gb  fsl_clock.o [1]
CLOCK_GetPeriphClkFreq  0x7000'491f   0x98  Code  Lc  fsl_clock.o [1]
CLOCK_GetPllBypassRefClk
                        0x7000'4909   0x16  Code  Lc  fsl_clock.o [1]
CLOCK_GetPllFreq        0x7000'4bd5  0x1c6  Code  Gb  fsl_clock.o [1]
CLOCK_GetPllFreq::enetRefClkFreq
                        0x7000'4efc   0x10  Data  Lc  fsl_clock.o [1]
CLOCK_GetRtcFreq        0x7000'48dd    0x6  Code  Lc  fsl_clock.o [1]
CLOCK_GetSemcFreq       0x7000'4a2d   0x34  Code  Gb  fsl_clock.o [1]
CLOCK_GetSysPfdFreq     0x7000'4dc1   0x58  Code  Gb  fsl_clock.o [1]
CLOCK_GetUsb1PfdFreq    0x7000'4e19   0x58  Code  Gb  fsl_clock.o [1]
CLOCK_InitArmPll        0x7000'4b25   0x40  Code  Gb  fsl_clock.o [1]
CLOCK_InitExternalClk   0x7000'49b7   0x3c  Code  Gb  fsl_clock.o [1]
CLOCK_InitRcOsc24M      0x7000'4a07    0xe  Code  Gb  fsl_clock.o [1]
CLOCK_InitSysPfd        0x7000'4d9b   0x26  Code  Gb  fsl_clock.o [1]
CLOCK_InitSysPll        0x7000'4b65   0x40  Code  Gb  fsl_clock.o [1]
CLOCK_IsPllBypassed     0x7000'48e3   0x10  Code  Lc  fsl_clock.o [1]
CLOCK_IsPllEnabled      0x7000'48f3   0x16  Code  Lc  fsl_clock.o [1]
CLOCK_SetDiv            0x7000'c1cd   0x5c  Code  Lc  clock_config.o [1]
CLOCK_SetMux            0x7000'c171   0x5c  Code  Lc  clock_config.o [1]
CLOCK_SetPllBypass      0x7000'c27d   0x1c  Code  Lc  clock_config.o [1]
CLOCK_SetRtcXtalFreq    0x7000'c275    0x8  Code  Lc  clock_config.o [1]
CLOCK_SetXtalFreq       0x7000'c26d    0x8  Code  Lc  clock_config.o [1]
CLOCK_SwitchOsc         0x7000'49f3   0x14  Code  Gb  fsl_clock.o [1]
CSTACK$$Base            0x2003'c000          --   Gb  - Linker created -
CSTACK$$Limit           0x2004'0000          --   Gb  - Linker created -
Console                 0x2000'0000   0x1c  Data  Gb  console.o [1]
Console_Init            0x7000'f601    0x8  Code  Gb  console.o [1]
Console_Read            0x7000'f631   0x24  Code  Gb  console.o [1]
Console_ReadKey         0x7000'f679   0x22  Code  Gb  console.o [1]
Console_ReadLine        0x7000'f655   0x24  Code  Gb  console.o [1]
Console_Update          0x7000'f609    0x2  Code  Gb  console.o [1]
Console_Write           0x7000'f60b   0x10  Code  Gb  console.o [1]
Console_WriteLine       0x7000'f61b   0x16  Code  Gb  console.o [1]
ConvertFloatRadixNumToString
                        0x7000'5091  0x17e  Code  Lc  fsl_str.o [1]
ConvertRadixNumToString
                        0x7000'4fc1   0xd0  Code  Lc  fsl_str.o [1]
Core0_Init              0x7000'f32d   0xbc  Code  Gb  init.o [1]
Core0_Main              0x7001'0809   0x26  Code  Gb  app.o [1]
CurrVol                 0x2000'143c    0x1  Data  Lc  ff.o [1]
DMA0_DMA16_DriverIRQHandler
                        0x7000'c9bd   0x36  Code  Gb  fsl_edma.o [1]
DMA10_DMA26_DriverIRQHandler
                        0x7000'cbdd   0x36  Code  Gb  fsl_edma.o [1]
DMA11_DMA27_DriverIRQHandler
                        0x7000'cc13   0x36  Code  Gb  fsl_edma.o [1]
DMA12_DMA28_DriverIRQHandler
                        0x7000'cc49   0x36  Code  Gb  fsl_edma.o [1]
DMA13_DMA29_DriverIRQHandler
                        0x7000'cc7f   0x36  Code  Gb  fsl_edma.o [1]
DMA14_DMA30_DriverIRQHandler
                        0x7000'ccb5   0x34  Code  Gb  fsl_edma.o [1]
DMA15_DMA31_DriverIRQHandler
                        0x7000'cce9   0x32  Code  Gb  fsl_edma.o [1]
DMA1_DMA17_DriverIRQHandler
                        0x7000'c9f3   0x36  Code  Gb  fsl_edma.o [1]
DMA2_DMA18_DriverIRQHandler
                        0x7000'ca29   0x36  Code  Gb  fsl_edma.o [1]
DMA3_DMA19_DriverIRQHandler
                        0x7000'ca5f   0x36  Code  Gb  fsl_edma.o [1]
DMA4_DMA20_DriverIRQHandler
                        0x7000'ca95   0x36  Code  Gb  fsl_edma.o [1]
DMA5_DMA21_DriverIRQHandler
                        0x7000'cacd   0x36  Code  Gb  fsl_edma.o [1]
DMA6_DMA22_DriverIRQHandler
                        0x7000'cb03   0x36  Code  Gb  fsl_edma.o [1]
DMA7_DMA23_DriverIRQHandler
                        0x7000'cb39   0x36  Code  Gb  fsl_edma.o [1]
DMA8_DMA24_DriverIRQHandler
                        0x7000'cb71   0x36  Code  Gb  fsl_edma.o [1]
DMA9_DMA25_DriverIRQHandler
                        0x7000'cba7   0x36  Code  Gb  fsl_edma.o [1]
DbgConsole_Init         0x7000'4669   0x30  Code  Gb  fsl_debug_console.o [1]
DbgConsole_Printf       0x7000'469d   0x30  Code  Gb  fsl_debug_console.o [1]
DbgConsole_RelocateLog  0x7000'46cd   0x3a  Code  Lc  fsl_debug_console.o [1]
DebugCom                0x2000'1400   0x2c  Data  Gb  devices_config.o [1]
Dtentox                 0x7000'9e61  0x1f8  Code  Lc  strto64.o [3]
EDMA_GetChannelStatusFlags
                        0x7000'c899   0x46  Code  Gb  fsl_edma.o [1]
EDMA_HandleIRQ          0x7000'c8f5   0xba  Code  Gb  fsl_edma.o [1]
ENC_DoSoftwareLoadInitialPositionValue
                        0x7000'dc75   0x10  Code  Gb  fsl_enc.o [1]
ENC_GetDefaultConfig    0x7000'dc25   0x40  Code  Gb  fsl_enc.o [1]
ENC_GetInstance         0x7000'db11   0x30  Code  Lc  fsl_enc.o [1]
ENC_GetValue            0x7000'd8a7    0x6  Code  Gb  LQ_Encoder.o [1]
ENC_Init                0x7000'db41   0xe4  Code  Gb  fsl_enc.o [1]
ENC_InitConfig          0x7000'd873   0x34  Code  Gb  LQ_Encoder.o [1]
ENC_PinInit             0x7000'd8ad  0x194  Code  Gb  LQ_Encoder.o [1]
ENC_Resources           0x2000'129c   0x18  Data  Gb  resource_config.o [1]
ENCx                    0x2000'048c    0x8  Data  Gb  enc.o [1]
ENCx_Init               0x7001'0a91    0xe  Code  Gb  enc.o [1]
ENCx_Read               0x7001'0a9f    0x6  Code  Gb  enc.o [1]
FLEXIO1_DriverIRQHandler
                        0x7001'08c5    0x2  Code  Gb  fsl_flexio.o [1]
FLEXIO2_DriverIRQHandler
                        0x7001'08c7    0x2  Code  Gb  fsl_flexio.o [1]
FLEXIO3_DriverIRQHandler
                        0x7001'08c9    0x2  Code  Gb  fsl_flexio.o [1]
FLEXIO_CommonIRQHandler
                        0x7001'089d   0x20  Code  Gb  fsl_flexio.o [1]
FLEXSPI_CheckAndClearError
                        0x7000'e39f   0x5e  Code  Gb  fsl_flexspi.o [1]
FLEXSPI_ClearInterruptStatusFlags
                        0x7000'e397    0x8  Code  Lc  fsl_flexspi.o [1]
FLEXSPI_DisableInterrupts
                        0x7000'e38d    0xa  Code  Lc  fsl_flexspi.o [1]
FLEXSPI_DriverIRQHandler
                        0x7000'e589    0x8  Code  Gb  fsl_flexspi.o [1]
FLEXSPI_TransferAbort   0x7000'e401   0x2a  Code  Gb  fsl_flexspi.o [1]
FLEXSPI_TransferHandleIRQ
                        0x7000'e42b  0x15e  Code  Gb  fsl_flexspi.o [1]
FatFs                   0x2000'1430    0xc  Data  Lc  ff.o [1]
FileSys_Init            0x7001'086d    0x4  Code  Gb  file.o [1]
FileSys_PathIsExists    0x7001'0871   0x2a  Code  Gb  file.o [1]
Font_code8              0x2000'04a8  0x260  Data  Gb  lcd_driver.o [1]
Fsid                    0x2000'142c    0x2  Data  Lc  ff.o [1]
GPIO2_Combined_16_31_IRQHandler
                        0x7001'0b55    0xc  Code  Gb  irq.o [1]
GPIO_GetInstance        0x7000'4759   0x30  Code  Lc  fsl_gpio.o [1]
GPIO_PinInit            0x7000'4789   0x56  Code  Gb  fsl_gpio.o [1]
GPIO_PinRead            0x7000'456d   0x26  Code  Lc  fsl_sdmmc_host.o [1]
GPIO_PinRead            0x7000'd571   0x26  Code  Lc  LQ_GPIO.o [1]
GPIO_PinSetInterruptConfig
                        0x7000'4825   0x7c  Code  Gb  fsl_gpio.o [1]
GPIO_PinWrite           0x7000'47e1   0x34  Code  Gb  fsl_gpio.o [1]
GPIO_PortClearInterruptFlags
                        0x7000'4597    0x4  Code  Lc  fsl_sdmmc_host.o [1]
GPIO_PortEnableInterrupts
                        0x7000'd597    0x8  Code  Lc  LQ_GPIO.o [1]
GPIO_PortGetInterruptFlags
                        0x7000'4593    0x4  Code  Lc  fsl_sdmmc_host.o [1]
GPIO_Resources          0x2000'10fc  0x140  Data  Gb  resource_config.o [1]
GPIO_SetPinInterruptConfig
                        0x7000'4757    0x2  Code  Lc  fsl_gpio.o [1]
GPIOx                   0x2000'0494   0x14  Data  Gb  gpio.o [1]
GPIOx_Init              0x7000'fdb5   0x2c  Code  Gb  gpio.o [1]
GPIOx_Read              0x7000'fde1   0x10  Code  Gb  gpio.o [1]
GPIOx_Reverse           0x7000'fe0b   0x12  Code  Gb  gpio.o [1]
GPIOx_SetDir            0x7000'fe1d    0xc  Code  Gb  gpio.o [1]
GPIOx_Write             0x7000'fdf1   0x1a  Code  Gb  gpio.o [1]
GetMotorState           0x7000'ddd7    0x4  Code  Gb  motor.o [1]
GetServoState           0x7000'e049    0x4  Code  Gb  servo.o [1]
IOMUXC_SetPinConfig     0x7000'4361    0xc  Code  Lc  board.o [1]
IOMUXC_SetPinConfig     0x7000'd565    0xc  Code  Lc  LQ_GPIO.o [1]
IOMUXC_SetPinConfig     0x7000'a773    0xc  Code  Lc  LQ_PWM.o [1]
IOMUXC_SetPinConfig     0x7000'f477    0xc  Code  Lc  pin_mux.o [1]
IOMUXC_SetPinMux        0x7000'd857   0x1c  Code  Lc  LQ_Encoder.o [1]
IOMUXC_SetPinMux        0x7000'd549   0x1c  Code  Lc  LQ_GPIO.o [1]
IOMUXC_SetPinMux        0x7000'a757   0x1c  Code  Lc  LQ_PWM.o [1]
IOMUXC_SetPinMux        0x7000'f45b   0x1c  Code  Lc  pin_mux.o [1]
IO_Init                 0x7000'5805   0x52  Code  Gb  fsl_io.o [1]
IO_Transfer             0x7000'5857   0x2c  Code  Gb  fsl_io.o [1]
InStream_Read           0x7000'e5b9   0x28  Code  Lc  lz77_init.o [4]
InStream_StepRegion     0x7000'e5a5   0x14  Code  Lc  lz77_init.o [4]
KEY                     0x2000'001c  0x1c8  Data  Gb  devices_config.o [1]
KEY_BindUsrData         0x7000'ea7f    0x6  Code  Gb  key.o [1]
KEY_DefaultCallBack     0x7000'ea85    0x2  Code  Gb  key.o [1]
KEY_GetEvent            0x7000'ea6f    0x4  Code  Gb  key.o [1]
KEY_GetState            0x7000'ea73    0x4  Code  Gb  key.o [1]
KEY_Init                0x7000'ea8f   0x5c  Code  Gb  key.o [1]
KEY_IsShield            0x7000'ea77    0x4  Code  Gb  key.o [1]
KEY_Read                0x7000'e95d   0x1c  Code  Gb  key.o [1]
KEY_ReadIOLevel         0x7000'ea87    0x8  Code  Gb  key.o [1]
KEY_Scan                0x7000'e979   0xe8  Code  Gb  key.o [1]
KEY_SetDownLevel        0x7000'ea7b    0x4  Code  Gb  key.o [1]
KEY_SetShield           0x7000'ea61    0xe  Code  Gb  key.o [1]
LCD_AddrReset           0x7000'd461   0x46  Code  Gb  lcd_driver.o [1]
LCD_DeInit              0x7000'd357    0xa  Code  Gb  lcd_driver.o [1]
LCD_DrawPoint           0x7000'd4fd    0x6  Code  Gb  lcd_driver.o [1]
LCD_Init                0x7000'd149  0x20e  Code  Gb  lcd_driver.o [1]
LCD_SoftWareWriteByte   0x7000'd361   0x50  Code  Gb  lcd_driver.o [1]
LCD_SoftWareWriteCmd    0x7000'd401   0x50  Code  Gb  lcd_driver.o [1]
LCD_SoftWareWriteWord   0x7000'd3b1   0x50  Code  Gb  lcd_driver.o [1]
LCD_Type                0x2000'13e0    0x1  Data  Gb  lcd_driver.o [1]
LED_Init                0x7001'0703   0x1e  Code  Gb  led.o [1]
LED_OFF                 0x7001'06eb   0x10  Code  Gb  led.o [1]
LED_ON                  0x7001'06e1    0xa  Code  Gb  led.o [1]
LED_Toggle              0x7001'06fb    0x8  Code  Gb  led.o [1]
LMotor                  0x2000'0204   0x7c  Data  Gb  devices_config.o [1]
LOG_Init                0x7000'4f59   0x1a  Code  Gb  fsl_log.o [1]
LOG_Pop                 0x7000'4f97   0x1a  Code  Gb  fsl_log.o [1]
LOG_Push                0x7000'4f75   0x22  Code  Gb  fsl_log.o [1]
LPI2C1_DriverIRQHandler
                        0x7000'fed7    0x6  Code  Gb  fsl_lpi2c.o [1]
LPI2C2_DriverIRQHandler
                        0x7000'fedd    0x6  Code  Gb  fsl_lpi2c.o [1]
LPI2C3_DriverIRQHandler
                        0x7000'fee3    0x6  Code  Gb  fsl_lpi2c.o [1]
LPI2C4_DriverIRQHandler
                        0x7000'fee9    0x6  Code  Gb  fsl_lpi2c.o [1]
LPI2C_CommonIRQHandler  0x7000'fe99   0x3e  Code  Lc  fsl_lpi2c.o [1]
LPSPI1_DriverIRQHandler
                        0x7000'efd1   0x24  Code  Gb  fsl_lpspi.o [1]
LPSPI2_DriverIRQHandler
                        0x7000'eff5   0x24  Code  Gb  fsl_lpspi.o [1]
LPSPI3_DriverIRQHandler
                        0x7000'f019   0x24  Code  Gb  fsl_lpspi.o [1]
LPSPI4_DriverIRQHandler
                        0x7000'f03d   0x24  Code  Gb  fsl_lpspi.o [1]
LPSPI_CommonIRQHandler  0x7000'efa9   0x24  Code  Lc  fsl_lpspi.o [1]
LPSPI_IsMaster          0x7000'efa1    0x8  Code  Lc  fsl_lpspi.o [1]
LPUART1_DriverIRQHandler
                        0x7000'660d    0xa  Code  Gb  fsl_lpuart.o [1]
LPUART2_DriverIRQHandler
                        0x7000'661d    0xa  Code  Gb  fsl_lpuart.o [1]
LPUART3_DriverIRQHandler
                        0x7000'6627    0xa  Code  Gb  fsl_lpuart.o [1]
LPUART4_DriverIRQHandler
                        0x7000'6631    0xa  Code  Gb  fsl_lpuart.o [1]
LPUART5_DriverIRQHandler
                        0x7000'663b    0xa  Code  Gb  fsl_lpuart.o [1]
LPUART6_DriverIRQHandler
                        0x7000'6649    0xa  Code  Gb  fsl_lpuart.o [1]
LPUART7_DriverIRQHandler
                        0x7000'6653    0xa  Code  Gb  fsl_lpuart.o [1]
LPUART8_DriverIRQHandler
                        0x7000'6661    0xa  Code  Gb  fsl_lpuart.o [1]
LPUART_ClearStatusFlags
                        0x7000'64e3   0x30  Code  Gb  fsl_lpuart.o [1]
LPUART_EnableRx         0x7000'57ef   0x16  Code  Lc  fsl_io.o [1]
LPUART_EnableTx         0x7000'57d9   0x16  Code  Lc  fsl_io.o [1]
LPUART_GetDefaultConfig
                        0x7000'6493   0x40  Code  Gb  fsl_lpuart.o [1]
LPUART_GetInstance      0x7000'625f   0x34  Code  Gb  fsl_lpuart.o [1]
LPUART_GetStatusFlags   0x7000'64d3   0x10  Code  Gb  fsl_lpuart.o [1]
LPUART_Init             0x7000'6293  0x200  Code  Gb  fsl_lpuart.o [1]
LPUART_ReadBlocking     0x7000'654d   0xb4  Code  Gb  fsl_lpuart.o [1]
LPUART_SoftwareReset    0x7000'624d   0x12  Code  Lc  fsl_lpuart.o [1]
LPUART_WriteBlocking    0x7000'6515   0x36  Code  Gb  fsl_lpuart.o [1]
LeftMotorCtrlStrategy   0x7001'041d   0x4a  Code  Gb  control.o [1]
MYBOARD_USDHC_CD_PORT_IRQ_HANDLER
                        0x7000'45fb   0x2a  Code  Gb  fsl_sdmmc_host.o [1]
MotorBindUsrData        0x7000'dddb    0x6  Code  Gb  motor.o [1]
MotorBreak              0x7000'ddd1    0x6  Code  Gb  motor.o [1]
MotorDefaultCtrlStrategy
                        0x7000'de1d    0xc  Code  Gb  motor.o [1]
MotorDefaultProtect     0x7000'ddf7   0x26  Code  Gb  motor.o [1]
MotorDriver             0x7000'de31   0x36  Code  Gb  motor.o [1]
MotorGetMaxSpeed        0x7000'dde7    0x6  Code  Gb  motor.o [1]
MotorGetMinSpeed        0x7000'dded    0x6  Code  Gb  motor.o [1]
MotorGetPwmValue        0x7000'ddf3    0x4  Code  Gb  motor.o [1]
MotorGetSpeed           0x7000'dd6b   0x2c  Code  Gb  motor.o [1]
MotorGetSpeedFromCache  0x7000'dd97    0x6  Code  Gb  motor.o [1]
MotorInit               0x7000'de67   0x84  Code  Gb  motor.o [1]
MotorSetPwmValue        0x7000'de29    0x4  Code  Gb  motor.o [1]
MotorSetSpeed           0x7000'dce5   0x86  Code  Gb  motor.o [1]
MotorSetSpeedLimit      0x7000'dde1    0x6  Code  Gb  motor.o [1]
MotorSetState           0x7000'de2d    0x4  Code  Gb  motor.o [1]
MotorSleep              0x7000'dd9d    0xc  Code  Gb  motor.o [1]
MotorStart              0x7000'ddb9    0xc  Code  Gb  motor.o [1]
MotorStop               0x7000'dda9   0x10  Code  Gb  motor.o [1]
MotorWakeUp             0x7000'ddc5    0xc  Code  Gb  motor.o [1]
OSTimeCallBack          0x7000'f0c9    0xa  Code  Gb  softtimer.o [1]
OSTime_Delay            0x7000'ec31   0x6e  Code  Gb  ostime.o [1]
OSTime_Delayms          0x7000'ebc3    0xc  Code  Gb  ostime.o [1]
OSTime_Delays           0x7000'ebcf    0xa  Code  Gb  ostime.o [1]
OSTime_Delayus          0x7000'ebbd    0x6  Code  Gb  ostime.o [1]
OSTime_Get_Time         0x7000'ebd9   0x56  Code  Gb  ostime.o [1]
OSTime_Get_Timems       0x7000'eb9b   0x12  Code  Gb  ostime.o [1]
OSTime_Get_Times        0x7000'ebad   0x10  Code  Gb  ostime.o [1]
OSTime_Get_Timeus       0x7000'eb95    0x6  Code  Gb  ostime.o [1]
OSTime_Init             0x7000'eb19    0x6  Code  Gb  ostime.o [1]
OSTime_Now              0x7000'eb1f   0x76  Code  Gb  ostime.o [1]
OS_Init                 0x7001'09e1   0x20  Code  Gb  os.o [1]
OutStream_Write         0x7000'e5e1   0x42  Code  Lc  lz77_init.o [4]
PID_Ctrl                0x7000'f219   0xf0  Code  Gb  pid_ctrl.o [1]
PID_Init                0x7000'f1f1   0x24  Code  Gb  pid_ctrl.o [1]
PIN_Dir                 0x7000'd693   0x36  Code  Gb  LQ_GPIO.o [1]
PIN_Exti                0x7000'd6c9  0x10e  Code  Gb  LQ_GPIO.o [1]
PIN_InitConfig          0x7000'd59f   0xc4  Code  Gb  LQ_GPIO.o [1]
PIN_Read                0x7000'd663   0x1a  Code  Gb  LQ_GPIO.o [1]
PIN_Write               0x7000'd67d   0x16  Code  Gb  LQ_GPIO.o [1]
POWER_ENABLE            0x7000'f323    0xa  Code  Gb  init.o [1]
PWM_GetDefaultConfig    0x7000'b4f5   0x34  Code  Gb  fsl_pwm.o [1]
PWM_GetInstance         0x7000'b381   0x34  Code  Lc  fsl_pwm.o [1]
PWM_Init                0x7000'b3b5  0x140  Code  Gb  fsl_pwm.o [1]
PWM_InitConfig          0x7000'a77f   0xf2  Code  Gb  LQ_PWM.o [1]
PWM_InitPins            0x7000'a9c9  0x7cc  Code  Gb  LQ_PWM.o [1]
PWM_Resources           0x2000'123c   0x60  Data  Gb  resource_config.o [1]
PWM_SetDuty             0x7000'a871   0x64  Code  Gb  LQ_PWM.o [1]
PWM_SetPwmLdok          0x7000'a735   0x22  Code  Lc  LQ_PWM.o [1]
PWM_SetupPwm            0x7000'b529  0x1f8  Code  Gb  fsl_pwm.o [1]
PWM_StartTimer          0x7000'a723   0x12  Code  Lc  LQ_PWM.o [1]
PWM_UpdateDuty          0x7000'a8d5   0xf0  Code  Gb  LQ_PWM.o [1]
PWMx                    0x2000'10ec   0x10  Data  Gb  pwm.o [1]
PWMx_Init               0x7001'07c9   0x12  Code  Gb  pwm.o [1]
PWMx_Write              0x7001'07db   0x2a  Code  Gb  pwm.o [1]
RLED                    0x2000'01e4   0x20  Data  Gb  devices_config.o [1]
RMotor                  0x2000'0280   0x7c  Data  Gb  devices_config.o [1]
RW$$Base                0x2000'0000          --   Gb  - Linker created -
RW$$Limit               0x2000'13e1          --   Gb  - Linker created -
Region$$Table$$Base     0x7001'09b4          --   Gb  - Linker created -
Region$$Table$$Limit    0x7001'09e0          --   Gb  - Linker created -
RightMotorCtrlStrategy  0x7001'0467    0x4  Code  Gb  control.o [1]
SCB_DisableDCache       0x7000'42b9   0x4e  Code  Lc  board.o [1]
SCB_DisableICache       0x7000'4249   0x22  Code  Lc  board.o [1]
SCB_EnableDCache        0x7000'426b   0x4e  Code  Lc  board.o [1]
SCB_EnableDCache        0x7000'ee97   0x4e  Code  Lc  system_MIMXRT1064.o [1]
SCB_EnableICache        0x7000'421f   0x2a  Code  Lc  board.o [1]
SCB_EnableICache        0x7000'ee6d   0x2a  Code  Lc  system_MIMXRT1064.o [1]
SDMMCEVENT_Delay        0x7000'4f39   0x12  Code  Gb  fsl_sdmmc_event.o [1]
SDMMCEVENT_GetInstance  0x7000'4f0d   0x16  Code  Lc  fsl_sdmmc_event.o [1]
SDMMCEVENT_Notify       0x7000'4f23   0x16  Code  Gb  fsl_sdmmc_event.o [1]
SDMMCHOST_Delay         0x7000'4625    0x4  Code  Gb  fsl_sdmmc_host.o [1]
SDMMCHOST_DetectCardByGpio
                        0x7000'45b7   0x44  Code  Lc  fsl_sdmmc_host.o [1]
SDMMCHOST_Reset         0x7000'4639   0x24  Code  Gb  fsl_sdmmc_host.o [1]
SDMMC_ExecuteTuning     0x7000'3d3d   0xce  Code  Gb  fsl_sdmmc_common.o [1]
SDMMC_GoIdle            0x7000'3b9d   0x52  Code  Gb  fsl_sdmmc_common.o [1]
SDMMC_SelectCard        0x7000'3ab3   0x78  Code  Gb  fsl_sdmmc_common.o [1]
SDMMC_SendApplicationCommand
                        0x7000'3b2b   0x72  Code  Gb  fsl_sdmmc_common.o [1]
SDMMC_SetBlockSize      0x7000'3bf1   0x66  Code  Gb  fsl_sdmmc_common.o [1]
SDMMC_SwitchVoltage     0x7000'3c59   0xd6  Code  Gb  fsl_sdmmc_common.o [1]
SD_AllSendCid           0x7000'2e9d   0x6e  Code  Lc  fsl_sd.o [1]
SD_ApplicationSendOperationCondition
                        0x7000'2f15   0x9e  Code  Lc  fsl_sd.o [1]
SD_CardDeinit           0x7000'398d   0x22  Code  Gb  fsl_sd.o [1]
SD_CardInit             0x7000'3867  0x124  Code  Gb  fsl_sd.o [1]
SD_DecodeCid            0x7000'2e19   0x7c  Code  Lc  fsl_sd.o [1]
SD_DecodeCsd            0x7000'2bc5  0x1d0  Code  Lc  fsl_sd.o [1]
SD_DecodeScr            0x7000'2809   0xe4  Code  Lc  fsl_sd.o [1]
SD_DecodeStatus         0x7000'3175   0x9c  Code  Lc  fsl_sd.o [1]
SD_ExecuteTuning        0x7000'2495   0x2a  Code  Lc  fsl_sd.o [1]
SD_GoIdle               0x7000'2443   0x26  Code  Lc  fsl_sd.o [1]
SD_HostReset            0x7000'39b1    0x6  Code  Gb  fsl_sd.o [1]
SD_ProbeBusVoltage      0x7000'37c9   0x9e  Code  Gb  fsl_sd.o [1]
SD_Read                 0x7000'333d  0x118  Code  Lc  fsl_sd.o [1]
SD_ReadBlocks           0x7000'3597  0x114  Code  Gb  fsl_sd.o [1]
SD_ReadStatus           0x7000'3215   0xea  Code  Gb  fsl_sd.o [1]
SD_SelectBusTiming      0x7000'3039  0x138  Code  Lc  fsl_sd.o [1]
SD_SelectCard           0x7000'3309   0x30  Code  Gb  fsl_sd.o [1]
SD_SelectFunction       0x7000'29d5  0x16a  Code  Lc  fsl_sd.o [1]
SD_SendApplicationCmd   0x7000'2417   0x2c  Code  Lc  fsl_sd.o [1]
SD_SendCsd              0x7000'2d9d   0x74  Code  Lc  fsl_sd.o [1]
SD_SendInterfaceCondition
                        0x7000'2fbd   0x6a  Code  Lc  fsl_sd.o [1]
SD_SendRca              0x7000'26f9   0x5c  Code  Lc  fsl_sd.o [1]
SD_SendScr              0x7000'28f5   0xd8  Code  Lc  fsl_sd.o [1]
SD_SendWriteSuccessBlocks
                        0x7000'2645   0xaa  Code  Lc  fsl_sd.o [1]
SD_SetBlockSize         0x7000'2469   0x2c  Code  Lc  fsl_sd.o [1]
SD_SetDataBusWidth      0x7000'2b41   0x7c  Code  Lc  fsl_sd.o [1]
SD_StopTransmission     0x7000'24e5   0x6a  Code  Lc  fsl_sd.o [1]
SD_SwitchFunction       0x7000'275d   0x9c  Code  Lc  fsl_sd.o [1]
SD_SwitchVoltage        0x7000'24bf   0x26  Code  Lc  fsl_sd.o [1]
SD_Transfer             0x7000'2559   0x60  Code  Lc  fsl_sd.o [1]
SD_WaitWriteComplete    0x7000'25d5   0x68  Code  Lc  fsl_sd.o [1]
SD_Write                0x7000'3459  0x13e  Code  Lc  fsl_sd.o [1]
SD_WriteBlocks          0x7000'36ab  0x11e  Code  Gb  fsl_sd.o [1]
Screen                  0x2000'02fc   0x88  Data  Gb  devices_config.o [1]
Screen_Clear            0x7000'ba49   0x3a  Code  Gb  screen.o [1]
Screen_DeInit           0x7000'b7ad    0x4  Code  Gb  screen.o [1]
Screen_DrawCircle       0x7000'b91f  0x12a  Code  Gb  screen.o [1]
Screen_DrawHLine        0x7000'b7b1   0x4c  Code  Gb  screen.o [1]
Screen_DrawLine         0x7000'b849   0x78  Code  Gb  screen.o [1]
Screen_DrawSqr          0x7000'b8c1   0x5e  Code  Gb  screen.o [1]
Screen_DrawVLine        0x7000'b7fd   0x4c  Code  Gb  screen.o [1]
Screen_Fill             0x7000'ba83   0x46  Code  Gb  screen.o [1]
Screen_Init             0x7000'bfe5   0x84  Code  Gb  screen.o [1]
Screen_SetCursor        0x7000'bd09    0x6  Code  Gb  screen.o [1]
Screen_SetFontColor     0x7000'bd15    0x4  Code  Gb  screen.o [1]
Screen_SetFontSize      0x7000'bd0f    0x6  Code  Gb  screen.o [1]
Screen_SetPixel         0x7000'b789   0x24  Code  Gb  screen.o [1]
Screen_ShowChar         0x7000'bac9   0x88  Code  Gb  screen.o [1]
Screen_ShowChinese      0x7000'bbe7    0x2  Code  Gb  screen.o [1]
Screen_ShowNum          0x7000'bb51   0x96  Code  Gb  screen.o [1]
Screen_ShowStr          0x7000'bc23   0x3a  Code  Gb  screen.o [1]
Screen_ShowString       0x7000'bbe9   0x3a  Code  Gb  screen.o [1]
Screen_Test             0x7000'bd19  0x2c6  Code  Gb  screen.o [1]
Screen_Write            0x7000'bc5d   0x2e  Code  Gb  screen.o [1]
Screen_WriteLine        0x7000'bc8b   0x36  Code  Gb  screen.o [1]
Screen_WriteXLine       0x7000'bcc1   0x48  Code  Gb  screen.o [1]
Servo1                  0x2000'0384   0x84  Data  Gb  devices_config.o [1]
Servo1CtrlStrategy      0x7001'046b    0xa  Code  Gb  control.o [1]
Servo2                  0x2000'0408   0x84  Data  Gb  devices_config.o [1]
Servo2CtrlStrategy      0x7001'0475    0xa  Code  Gb  control.o [1]
ServoBindUsrData        0x7000'e04d    0x6  Code  Gb  servo.o [1]
ServoBreak              0x7000'e043    0x6  Code  Gb  servo.o [1]
ServoDefaultCtrlStrategy
                        0x7000'e073    0xa  Code  Gb  servo.o [1]
ServoDefaultProtect     0x7000'e071    0x2  Code  Gb  servo.o [1]
ServoDriver             0x7000'e085    0xa  Code  Gb  servo.o [1]
ServoGetAngle           0x7000'dff5   0x14  Code  Gb  servo.o [1]
ServoGetAngleFromCache  0x7000'e009    0x6  Code  Gb  servo.o [1]
ServoGetMaxSpeed        0x7000'e059    0x6  Code  Gb  servo.o [1]
ServoGetMinSpeed        0x7000'e05f    0x6  Code  Gb  servo.o [1]
ServoGetPwmCentValue    0x7000'e069    0x4  Code  Gb  servo.o [1]
ServoGetPwmValue        0x7000'e065    0x4  Code  Gb  servo.o [1]
ServoInit               0x7000'e08f   0x84  Code  Gb  servo.o [1]
ServoSetAngle           0x7000'df4d   0xa8  Code  Gb  servo.o [1]
ServoSetPwmCentValue    0x7000'e06d    0x4  Code  Gb  servo.o [1]
ServoSetPwmValue        0x7000'e07d    0x4  Code  Gb  servo.o [1]
ServoSetSpeedLimit      0x7000'e053    0x6  Code  Gb  servo.o [1]
ServoSetState           0x7000'e081    0x4  Code  Gb  servo.o [1]
ServoSleep              0x7000'e00f    0xc  Code  Gb  servo.o [1]
ServoStart              0x7000'e02b    0xc  Code  Gb  servo.o [1]
ServoStop               0x7000'e01b   0x10  Code  Gb  servo.o [1]
ServoWakeUp             0x7000'e037    0xc  Code  Gb  servo.o [1]
ShowADCData             0x7001'0641   0x3a  Code  Gb  ui.o [1]
SoftTimerFindFreeTimer  0x7000'f149   0x28  Code  Gb  softtimer.o [1]
SoftTimerGetStates      0x7000'f13d    0xc  Code  Gb  softtimer.o [1]
SoftTimerInit           0x7000'f0d3   0x2e  Code  Gb  softtimer.o [1]
SoftTimerStart          0x7000'f101   0x2e  Code  Gb  softtimer.o [1]
SoftTimerStop           0x7000'f12f    0xe  Code  Gb  softtimer.o [1]
SoftTimerUpdate         0x7000'f171   0x6e  Code  Gb  softtimer.o [1]
StrFormatPrintf         0x7000'5219  0x5b8  Code  Gb  fsl_str.o [1]
SysTick_Config          0x7000'f52b   0x28  Code  Lc  LQ_SYSTICK.o [1]
SysTick_Handler         0x7001'05e9   0x16  Code  Gb  systime.o [1]
SysTime_Delayms         0x7001'0625    0xc  Code  Gb  systime.o [1]
SysTime_Delayus         0x7001'0619    0xc  Code  Gb  systime.o [1]
SysTime_Get_Timems      0x7001'0613    0x6  Code  Gb  systime.o [1]
SysTime_Get_Timeus      0x7001'060d    0x6  Code  Gb  systime.o [1]
SysTime_Init            0x7001'05ff    0xe  Code  Gb  systime.o [1]
SystemCoreClock         0x2000'12b4    0x4  Data  Gb  system_MIMXRT1064.o [1]
SystemInit              0x7000'eee5   0x8a  Code  Gb  system_MIMXRT1064.o [1]
Systime                 0x2000'12b8   0x18  Data  Gb  systime.o [1]
Task_DebugConsole       0x7001'074f    0x6  Code  Gb  task.o [1]
Task_KeyScan            0x7001'0759   0x1c  Code  Gb  task.o [1]
Task_SoftTimerUpdate    0x7001'0731   0x1e  Code  Gb  task.o [1]
Task_UiUpdate           0x7001'0755    0x4  Code  Gb  task.o [1]
UDSHC_SelectVoltage     0x7000'3a69   0x1c  Code  Lc  fsl_sdmmc_common.o [1]
UDSHC_SelectVoltage     0x7000'459b   0x1c  Code  Lc  fsl_sdmmc_host.o [1]
UI_Update               0x7001'063d    0x4  Code  Gb  ui.o [1]
USDHC1_DriverIRQHandler
                        0x7000'419d    0xa  Code  Gb  fsl_usdhc.o [1]
USDHC2_DriverIRQHandler
                        0x7000'41a7    0xa  Code  Gb  fsl_usdhc.o [1]
USDHC_AdjustDelayForManualTuning
                        0x7000'4131   0x18  Code  Gb  fsl_usdhc.o [1]
USDHC_CheckStdTuningResult
                        0x7000'3aa3    0x8  Code  Lc  fsl_sdmmc_common.o [1]
USDHC_CheckTuningError  0x7000'3aab    0x8  Code  Lc  fsl_sdmmc_common.o [1]
USDHC_EnableAutoTuning  0x7000'3a85   0x16  Code  Lc  fsl_sdmmc_common.o [1]
USDHC_EnableDDRMode     0x7000'40ed   0x40  Code  Gb  fsl_usdhc.o [1]
USDHC_EnableStandardTuning
                        0x7000'4149   0x50  Code  Gb  fsl_usdhc.o [1]
USDHC_ForceClockOn      0x7000'3a4d   0x1c  Code  Lc  fsl_sdmmc_common.o [1]
USDHC_GetCapability     0x7000'3f75   0x5a  Code  Gb  fsl_usdhc.o [1]
USDHC_GetExecuteStdTuningStatus
                        0x7000'3a9b    0x8  Code  Lc  fsl_sdmmc_common.o [1]
USDHC_GetPresentStatusFlags
                        0x7000'2401    0x4  Code  Lc  fsl_sd.o [1]
USDHC_GetPresentStatusFlags
                        0x7000'3a49    0x4  Code  Lc  fsl_sdmmc_common.o [1]
USDHC_SetCardActive     0x7000'40c3   0x2a  Code  Gb  fsl_usdhc.o [1]
USDHC_SetDataBusWidth   0x7000'2405   0x12  Code  Lc  fsl_sd.o [1]
USDHC_SetSdClock        0x7000'3fcf   0xf4  Code  Gb  fsl_usdhc.o [1]
XBARA_SetSignalsConnection
                        0x7000'dcbd   0x26  Code  Gb  fsl_xbara.o [1]
ZI$$Base                0x2000'1400          --   Gb  - Linker created -
ZI$$Limit               0x2000'1a38          --   Gb  - Linker created -
_Get                    0x7000'8d41   0x12  Code  Lc  xscanffull_nomb.o [2]
_GetN                   0x7000'8d53   0x22  Code  Lc  xscanffull_nomb.o [2]
_GetstrFullNoMb         0x7000'98f1  0x1a2  Code  Lc  xscanffull_nomb.o [2]
_LCD_DrawPoint          0x7000'd4a7   0x56  Code  Gb  lcd_driver.o [1]
_LitobFullNoMb          0x7000'79d1  0x10a  Code  Lc  xprintffull_nomb.o [2]
_LocaleC_isalpha        0x7000'7d5b    0xc  Code  Gb  xlocale_c.o [2]
_LocaleC_islower        0x7000'7d55    0x4  Code  Gb  xlocale_c.o [2]
_LocaleC_isspace        0x7000'7d71   0x14  Code  Gb  xlocale_c.o [2]
_LocaleC_isupper        0x7000'7d59    0x2  Code  Gb  xlocale_c.o [2]
_LocaleC_tolower        0x7000'7d85    0xc  Code  Gb  xlocale_c.o [2]
_Locale_lconv           0x2000'12d0   0x38  Data  Lc  xlocale_c.o [2]
_PrintfFullNoMb         0x7000'6c11  0xd9c  Code  Gb  xprintffull_nomb.o [2]
_Prout                  0x7001'0a59   0x16  Code  Gb  xprout.o [2]
_PutcharFullNoMb        0x7000'7b41   0x20  Code  Lc  xprintffull_nomb.o [2]
_PutcharsFullNoMb       0x7000'7b61   0x2e  Code  Lc  xprintffull_nomb.o [2]
_SProut                 0x7000'3ec3    0xa  Code  Gb  xsprout.o [2]
_ScanfFullNoMb          0x7000'8d91  0xb02  Code  Gb  xscanffull_nomb.o [2]
_Scin                   0x7001'0ae5    0xe  Code  Gb  xscin.o [2]
_UngetN                 0x7000'8d75   0x1a  Code  Lc  xscanffull_nomb.o [2]
__NVIC_SetPriority      0x7000'f511   0x1a  Code  Lc  LQ_SYSTICK.o [1]
__NVIC_SetPriorityGrouping
                        0x7000'f309   0x1a  Code  Lc  init.o [1]
__RAM_VECTOR_TABLE_SIZE {Abs}
                              0x400         Data  Gb  <internal module>
__VECTOR_RAM {Abs}      0x7000'2000         Data  Gb  <internal module>
__VECTOR_TABLE {Abs}    0x7000'2000         Data  Gb  <internal module>
__Vectors               0x7000'2000          --   Gb  startup_MIMXRT1064.o [1]
__Vectors_End           0x7000'2400         Data  Gb  startup_MIMXRT1064.o [1]
__Vectors_Size {Abs}          0x400          --   Gb  startup_MIMXRT1064.o [1]
__aeabi_assert          0x7000'3a31   0x18  Code  Gb  fsl_assert.o [1]
__aeabi_cdcmple         0x7000'7c89         Code  Gb  DblCmpLe.o [3]
__aeabi_cdrcmple        0x7000'7cb9         Code  Gb  DblCmpGe.o [3]
__aeabi_d2f             0x7000'9b33    0xe  Code  Gb  DblToFlt.o [3]
__aeabi_d2iz            0x7000'7ce7    0xe  Code  Gb  DblToS32.o [3]
__aeabi_d2lz            0x7000'6115         Code  Gb  DblToS64.o [3]
__aeabi_d2uiz           0x7000'7d27    0xe  Code  Gb  DblToU32.o [3]
__aeabi_ddiv            0x7000'7d15   0x12  Code  Gb  DblDiv.o [3]
__aeabi_dmul            0x7000'7d43   0x12  Code  Gb  DblMul.o [3]
__aeabi_dsub            0x7000'7d03   0x12  Code  Gb  DblSub.o [3]
__aeabi_i2d             0x7000'7cf5    0xe  Code  Gb  S32ToDbl.o [3]
__aeabi_l2d             0x7000'6171         Code  Gb  S64ToDbl.o [3]
__aeabi_ldiv0           0x7000'6719         Code  Gb  I64DivZer.o [4]
__aeabi_ldivmod         0x7000'5895         Code  Gb  I64DivMod.o [4]
__aeabi_memclr4         0x7000'3ebd         Code  Gb  ABImemclr4.o [4]
__aeabi_memcpy          0x7000'3ecd         Code  Gb  ABImemcpy.o [4]
__aeabi_memcpy4         0x7000'3eed         Code  Gb  ABImemcpy.o [4]
__aeabi_memcpy8         0x7000'3eed         Code  Gb  ABImemcpy.o [4]
__aeabi_memset4         0x7000'3e49         Code  Gb  ABImemset48.o [4]
__aeabi_memset8         0x7000'3e49         Code  Gb  ABImemset48.o [4]
__aeabi_ui2d            0x7000'7d35    0xe  Code  Gb  U32ToDbl.o [3]
__aeabi_uldivmod        0x7000'58d9         Code  Gb  I64DivMod.o [4]
__cmain                 0x7001'0a01         Code  Gb  cmain.o [4]
__exit                  0x7000'7da9         Code  Gb  XXexit.o [4]
__iar_Exp64             0x7000'67a5  0x368  Code  Gb  iar_Exp64.o [3]
__iar_Fail_s            0x7000'7bf1   0x1c  Code  Gb  xfail_s.o [2]
__iar_Memchr            0x7000'7c31         Code  Gb  memchr.o [4]
__iar_Memset4_word      0x7000'3e51         Code  Gb  ABImemset48.o [4]
__iar_Memset8_word      0x7000'3e51         Code  Gb  ABImemset48.o [4]
__iar_Stdin             0x2000'1350   0x48  Data  Gb  xfiles.o [2]
__iar_Stdout            0x2000'1398   0x48  Data  Gb  xfiles.o [2]
__iar_Sto64             0x7000'a061  0x142  Code  Gb  strto64.o [3]
__iar_Stoflt            0x7000'a321  0x1b8  Code  Gb  iar_Stoflt.o [2]
__iar_Stollx            0x7000'9cf5   0xa0  Code  Gb  iar_Stollx.o [2]
__iar_Stopfx            0x7000'a1fd  0x122  Code  Gb  iar_Stopfx.o [2]
__iar_Stoullx           0x7000'9b41  0x1a4  Code  Gb  iar_Stoullx.o [2]
__iar_Stoxflt           0x7000'a4d9  0x1d2  Code  Gb  iar_Stoxflt.o [2]
__iar_Stoxflt::digits   0x7000'a6b0   0x18  Data  Lc  iar_Stoxflt.o [2]
__iar_Stoxflt::vals     0x7000'a6c8   0x18  Data  Lc  iar_Stoxflt.o [2]
__iar_Strchr            0x7000'7bd9         Code  Gb  strchr.o [4]
__iar_data_init3        0x7001'0921   0x28  Code  Gb  data_init.o [4]
__iar_frexp             0x7000'6741         Code  Gb  frexp.o [3]
__iar_frexp64           0x7000'671d         Code  Gb  frexp.o [3]
__iar_frexpl            0x7000'6741         Code  Gb  frexp.o [3]
__iar_globLocale        0x2000'1308   0x48  Data  Lc  xlocale_c.o [2]
__iar_global_Locale     0x7000'7d91    0x4  Code  Gb  xlocale_c.o [2]
__iar_init_vfp          0x7001'0991         Code  Gb  fpinit_M.o [3]
__iar_ldexp64           0x7000'6b21         Code  Gb  ldexp.o [3]
__iar_lz77_init3        0x7000'e623  0x16e  Code  Gb  lz77_init.o [4]
__iar_modf              0x7000'5b19         Code  Gb  modf.o [3]
__iar_modf64            0x7000'5b09         Code  Gb  modf.o [3]
__iar_modfl             0x7000'5b19         Code  Gb  modf.o [3]
__iar_pow64             0x7000'5ba9  0x518  Code  Gb  pow64.o [3]
__iar_pow_medium        0x7000'5ba9  0x518  Code  Gb  pow64.o [3]
__iar_pow_medium64      0x7000'5ba9  0x518  Code  Gb  pow64.o [3]
__iar_pow_mediuml       0x7000'5ba9  0x518  Code  Gb  pow64.o [3]
__iar_program_start     0x7001'0b61         Code  Gb  cstartup_M.o [4]
__iar_scalbln64         0x7000'6b21         Code  Gb  ldexp.o [3]
__iar_scalbn64          0x7000'6b21         Code  Gb  ldexp.o [3]
__iar_softfp___iar_Sto64
                        0x7000'9b2b    0x8  Code  Gb  math_wrappers64.o [3]
__iar_softfp___iar_frexp64
                        0x7000'6735         Code  Gb  frexp.o [3]
__iar_softfp___iar_ldexp64
                        0x7000'6b0d         Code  Gb  ldexp.o [3]
__iar_softfp___iar_scalbln64
                        0x7000'6b0d         Code  Gb  ldexp.o [3]
__iar_softfp___iar_scalbn64
                        0x7000'6b0d         Code  Gb  ldexp.o [3]
__iar_softfp_frexp      0x7000'6735         Code  Gb  frexp.o [3]
__iar_softfp_frexpl     0x7000'6735         Code  Gb  frexp.o [3]
__iar_softfp_ldexp      0x7000'6b0d         Code  Gb  ldexp.o [3]
__iar_softfp_ldexpl     0x7000'6b0d         Code  Gb  ldexp.o [3]
__iar_softfp_scalbln    0x7000'6b0d         Code  Gb  ldexp.o [3]
__iar_softfp_scalblnl   0x7000'6b0d         Code  Gb  ldexp.o [3]
__iar_softfp_scalbn     0x7000'6b0d         Code  Gb  ldexp.o [3]
__iar_softfp_scalbnl    0x7000'6b0d         Code  Gb  ldexp.o [3]
__iar_zero_init3        0x7000'3e83   0x3a  Code  Gb  zero_init3.o [4]
__ungetchar             0x7001'0adb    0x6  Code  Gb  getchar.o [2]
__vector_table          0x7000'2000         Data  Gb  startup_MIMXRT1064.o [1]
__vector_table_0x1c     0x7000'201c         Data  Gb  startup_MIMXRT1064.o [1]
_call_main              0x7001'0a0d         Code  Gb  cmain.o [4]
_exit                   0x7001'0a35         Code  Gb  cexit.o [4]
_main                   0x7001'0a1b         Code  Gb  cmain.o [4]
abort                   0x7000'7da1    0x6  Code  Gb  abort.o [2]
abs                     0x7000'df45    0x8  Code  Gb  abs.o [2]
armPllConfig_BOARD_BootClockRUN
                        0x7000'c880    0x8  Data  Gb  clock_config.o [1]
boot_data               0x7000'1020   0x10  Data  Gb  fsl_flexspi_nor_boot.o [1]
check_fs                0x7000'872d   0x6a  Code  Lc  ff.o [1]
chk_chr                 0x7000'7e23   0x12  Code  Lc  ff.o [1]
clst2sect               0x7000'7edf   0x1a  Code  Lc  ff.o [1]
create_chain            0x7000'8133   0xf4  Code  Lc  ff.o [1]
create_name             0x7000'8509  0x128  Code  Lc  ff.o [1]
dbc_1st                 0x7000'7e35   0x12  Code  Lc  ff.o [1]
dbc_2nd                 0x7000'7e47   0x18  Code  Lc  ff.o [1]
dcd_data                0x7000'9cf2    0x1  Data  Gb  evkmimxrt1064_sdram_ini_dcd.o [1]
digits                  0x7001'06b8   0x28  Data  Lc  iar_Stoullx.o [2]
dir_alloc               0x7000'83d9   0x4e  Code  Lc  ff.o [1]
dir_clear               0x7000'8227   0x58  Code  Lc  ff.o [1]
dir_find                0x7000'8477   0x56  Code  Lc  ff.o [1]
dir_next                0x7000'831d   0xbc  Code  Lc  ff.o [1]
dir_register            0x7000'84cd   0x3a  Code  Lc  ff.o [1]
dir_sdi                 0x7000'827f   0x9e  Code  Lc  ff.o [1]
disk_initialize         0x7000'8c8d    0xe  Code  Gb  diskio.o [1]
disk_read               0x7000'8c9b   0x10  Code  Gb  diskio.o [1]
disk_status             0x7000'8c7f    0xe  Code  Gb  diskio.o [1]
disk_write              0x7000'8cab   0x10  Code  Gb  diskio.o [1]
dmul                    0x7000'9d9d   0xc4  Code  Lc  strto64.o [3]
exit                    0x7001'0a2f    0x4  Code  Gb  exit.o [2]
f_open                  0x7000'8a35  0x1c2  Code  Gb  ff.o [1]
f_opendir               0x7000'8c11   0x6e  Code  Gb  ff.o [1]
fgetc                   0x7000'f6bb   0x20  Code  Gb  console.o [1]
find_volume             0x7000'87a1  0x290  Code  Lc  ff.o [1]
follow_path             0x7000'8641   0xa0  Code  Lc  ff.o [1]
fputc                   0x7000'f69b   0x20  Code  Gb  console.o [1]
frexp                   0x7000'671d         Code  Gb  frexp.o [3]
frexpl                  0x7000'671d         Code  Gb  frexp.o [3]
g_eventCardDetect       0x2000'1848    0x4  Data  Lc  fsl_sdmmc_event.o [1]
g_eventTimeMilliseconds
                        0x2000'1850    0x4  Data  Gb  fsl_sdmmc_event.o [1]
g_eventTransferComplete
                        0x2000'184c    0x4  Data  Lc  fsl_sdmmc_event.o [1]
g_reTuningFlag          0x2000'1884    0x4  Data  Gb  fsl_sdmmc_host.o [1]
g_rtcXtalFreq           0x2000'1444    0x4  Data  Gb  fsl_clock.o [1]
g_sd                    0x2000'1578   0xd0  Data  Gb  fsl_sd_disk.o [1]
g_sdmmc                 0x2000'1648  0x200  Data  Gb  fsl_sdmmc_common.o [1]
g_usdhcHandle           0x2000'1854   0x2c  Data  Gb  fsl_sdmmc_host.o [1]
g_usdhcTransferStatus   0x2000'1880    0x4  Data  Gb  fsl_sdmmc_host.o [1]
g_xtalFreq              0x2000'1440    0x4  Data  Gb  fsl_clock.o [1]
get_fat                 0x7000'7ef9   0xca  Code  Lc  ff.o [1]
get_ldnumber            0x7000'86e1   0x4a  Code  Lc  ff.o [1]
getchar                 0x7001'0ad5    0x6  Code  Gb  getchar.o [2]
image_vector_table      0x7000'1000   0x20  Data  Gb  fsl_flexspi_nor_boot.o [1]
isalpha                 0x7000'9b11   0x14  Code  Gb  isalpha.o [2]
isspace                 0x7000'9afd   0x14  Code  Gb  isspace.o [2]
ld_clust                0x7000'8427   0x26  Code  Lc  ff.o [1]
ld_dword                0x7000'7dbf   0x16  Code  Lc  ff.o [1]
ld_word                 0x7000'7db5    0xa  Code  Lc  ff.o [1]
ldexp                   0x7000'6b21         Code  Gb  ldexp.o [3]
ldexpl                  0x7000'6b21         Code  Gb  ldexp.o [3]
lnbias                  0x7000'cd28  0x420  Data  Lc  pow64.o [3]
localeconv              0x7000'7d95    0x4  Code  Gb  xlocale_c.o [2]
lqtimer                 0x2000'189c   0x10  Data  Gb  LQ_SYSTICK.o [1]
m_boot_hdr_conf_start {Abs}
                        0x7000'0000         Data  Gb  <internal module>
main                    0x7001'0a21    0xe  Code  Gb  main.o [1]
mem_cmp                 0x7000'7e09   0x1a  Code  Lc  ff.o [1]
mem_cpy                 0x7000'7ded   0x12  Code  Lc  ff.o [1]
mem_set                 0x7000'7dff    0xa  Code  Lc  ff.o [1]
memchr                  0x7000'7c31         Code  Gb  memchr.o [4]
modf                    0x7000'5b09         Code  Gb  modf.o [3]
modfl                   0x7000'5b09         Code  Gb  modf.o [3]
move_window             0x7000'7ea9   0x36  Code  Lc  ff.o [1]
ndigs                   0x7001'0690   0x28  Data  Lc  iar_Stoullx.o [2]
obuf                    0x2000'19e4   0x50  Data  Lc  xfiles.o [2]
os                      0x2000'104c   0xa0  Data  Gb  os.o [1]
pow                     0x7000'5ba9  0x518  Code  Gb  pow64.o [3]
powl                    0x7000'5ba9  0x518  Code  Gb  pow64.o [3]
pows                    0x7001'0780   0x48  Data  Lc  strto64.o [3]
printf                  0x7000'f709   0x28  Code  Gb  printf.o [2]
put_fat                 0x7000'7fc3   0xfc  Code  Lc  ff.o [1]
putchar                 0x7001'0a71    0xc  Code  Gb  putchar.o [2]
qspiflash_config        0x7000'0000  0x200  Data  Gb  evkmimxrt1064_flexspi_nor_config.o [1]
ranmatch                0x7000'98ad   0x42  Code  Lc  xscanffull_nomb.o [2]
remove_chain            0x7000'80bf   0x74  Code  Lc  ff.o [1]
rt_pin_map              0x2000'0708  0x930  Data  Lc  LQ_GPIO.o [1]
s_EDMAHandle            0x2000'1448   0x80  Data  Lc  fsl_edma.o [1]
s_debugConsoleIO        0x2000'14fc    0x8  Data  Lc  fsl_io.o [1]
s_edmaIRQNumber         0x7000'e174   0x40  Data  Lc  fsl_edma.o [1]
s_encBases              0x7000'dc9c   0x14  Data  Lc  fsl_enc.o [1]
s_encClocks             0x7000'dcb0    0xc  Data  Lc  fsl_enc.o [1]
s_flexcanHandle         0x2000'14c8   0x10  Data  Lc  fsl_flexcan.o [1]
s_flexcanIsr            0x2000'14d8    0x4  Data  Lc  fsl_flexcan.o [1]
s_flexioHandle          0x2000'14dc    0x8  Data  Lc  fsl_flexio.o [1]
s_flexioIsr             0x2000'14ec    0x8  Data  Lc  fsl_flexio.o [1]
s_flexioType            0x2000'14e4    0x8  Data  Lc  fsl_flexio.o [1]
s_flexspiHandle         0x2000'14f4    0x8  Data  Lc  fsl_flexspi.o [1]
s_gpioBases             0x7000'f8e0   0x28  Data  Lc  fsl_gpio.o [1]
s_gpioClock             0x7000'48b8    0xc  Data  Lc  fsl_gpio.o [1]
s_lpi2cMasterHandle     0x2000'1508   0x14  Data  Lc  fsl_lpi2c.o [1]
s_lpi2cMasterIsr        0x2000'1504    0x4  Data  Lc  fsl_lpi2c.o [1]
s_lpi2cSlaveHandle      0x2000'1520   0x14  Data  Lc  fsl_lpi2c.o [1]
s_lpi2cSlaveIsr         0x2000'151c    0x4  Data  Lc  fsl_lpi2c.o [1]
s_lpspiHandle           0x2000'1534   0x14  Data  Lc  fsl_lpspi.o [1]
s_lpspiMasterIsr        0x2000'1548    0x4  Data  Lc  fsl_lpspi.o [1]
s_lpspiSlaveIsr         0x2000'154c    0x4  Data  Lc  fsl_lpspi.o [1]
s_lpuartBases           0x7000'f750   0x24  Data  Lc  fsl_lpuart.o [1]
s_lpuartClock           0x7000'6704   0x14  Data  Lc  fsl_lpuart.o [1]
s_lpuartHandle          0x2000'1550   0x24  Data  Lc  fsl_lpuart.o [1]
s_lpuartIsr             0x2000'1574    0x4  Data  Lc  fsl_lpuart.o [1]
s_pwmBases              0x7000'b774   0x14  Data  Lc  fsl_pwm.o [1]
s_pwmClocks             0x7000'f9a4   0x28  Data  Lc  fsl_pwm.o [1]
s_sdInsertedFlag        0x2000'1888    0x1  Data  Lc  fsl_sdmmc_host.o [1]
s_usdhcHandle           0x2000'188c    0xc  Data  Lc  fsl_usdhc.o [1]
s_usdhcIsr              0x2000'1898    0x4  Data  Lc  fsl_usdhc.o [1]
scalbln                 0x7000'6b21         Code  Gb  ldexp.o [3]
scalblnl                0x7000'6b21         Code  Gb  ldexp.o [3]
scalbn                  0x7000'6b21         Code  Gb  ldexp.o [3]
scalbnl                 0x7000'6b21         Code  Gb  ldexp.o [3]
scale                   0x7000'7adb   0x46  Code  Lc  xprintffull_nomb.o [2]
sd_disk_initialize      0x7000'8cfd   0x40  Code  Gb  fsl_sd_disk.o [1]
sd_disk_read            0x7000'8cd7   0x1a  Code  Gb  fsl_sd_disk.o [1]
sd_disk_status          0x7000'8cf1    0xc  Code  Gb  fsl_sd_disk.o [1]
sd_disk_write           0x7000'8cbd   0x1a  Code  Gb  fsl_sd_disk.o [1]
sec_hand                0x2000'1a34    0x4  Data  Lc  xfail_s.o [2]
softTimer               0x2000'18b0  0x134  Data  Lc  softtimer.o [1]
softTimerBase           0x2000'18ac    0x4  Data  Lc  softtimer.o [1]
softTimerNum            0x7001'0d48    0x4  Data  Gb  softtimer.o [1]
st_clust                0x7000'844d   0x2a  Code  Lc  ff.o [1]
st_dword                0x7000'7ddd   0x10  Code  Lc  ff.o [1]
st_word                 0x7000'7dd5    0x8  Code  Lc  ff.o [1]
strchr                  0x7000'7bd9         Code  Gb  strchr.o [4]
strlen                  0x7000'61c5         Code  Gb  strlen.o [4]
strtoll                 0x7000'9d95    0x2  Code  Gb  iar_Stollx.o [2]
strtoull                0x7000'9ced    0x2  Code  Gb  iar_Stoullx.o [2]
sync_window             0x7000'7e5f   0x4a  Code  Lc  ff.o [1]
sysPllConfig_BOARD_BootClockRUN
                        0x7000'c888   0x10  Data  Gb  clock_config.o [1]
systime                 0x2000'1038   0x14  Data  Gb  LQ_SYSTICK.o [1]
systime_delay_ms        0x7000'f5c7   0x1a  Code  Gb  LQ_SYSTICK.o [1]
systime_delay_us        0x7000'f5af   0x18  Code  Gb  LQ_SYSTICK.o [1]
systime_get_current_time_ms
                        0x7000'f579   0x18  Code  Lc  LQ_SYSTICK.o [1]
systime_get_current_time_us
                        0x7000'f591   0x1e  Code  Lc  LQ_SYSTICK.o [1]
systime_init            0x7000'f553   0x26  Code  Gb  LQ_SYSTICK.o [1]
tolower                 0x7000'a1e9   0x14  Code  Gb  tolower.o [2]
ungetc                  0x7001'0591   0x58  Code  Gb  ungetc.o [2]
vprintf                 0x7000'f6e9   0x20  Code  Gb  vprintf.o [2]
vscanf                  0x7000'f731   0x20  Code  Gb  vscanf.o [2]
vsprintf                0x7000'c13d   0x34  Code  Gb  vsprintf.o [2]


[1] = D:\Onedrive\OneDrive\Car\AI-SmartCar\RTProject\AiVisionCar\Example\example\iar\flexspi_nor_release\Obj
[2] = dl7M_tlf.a
[3] = m7M_tlv.a
[4] = rt7M_tl.a

  54'604 bytes of readonly  code memory
   8'616 bytes of readonly  data memory
  23'065 bytes of readwrite data memory

Errors: none
Warnings: none
